[2025-05-10T15:27:58.482+0000][82][info][gc,init] CardTable entry size: 512
[2025-05-10T15:27:58.482+0000][82][info][gc     ] Using G1
[2025-05-10T15:28:00.305+0000][82][info][gc,init] Version: 23+37-2369 (release)
[2025-05-10T15:28:00.307+0000][82][info][gc,init] CPUs: 16 total, 16 available
[2025-05-10T15:28:00.310+0000][82][info][gc,init] Memory: 6780M
[2025-05-10T15:28:00.310+0000][82][info][gc,init] Large Page Support: Disabled
[2025-05-10T15:28:00.310+0000][82][info][gc,init] NUMA Support: Disabled
[2025-05-10T15:28:00.311+0000][82][info][gc,init] Compressed Oops: Enabled (Zero based)
[2025-05-10T15:28:00.311+0000][82][info][gc,init] Heap Region Size: 4M
[2025-05-10T15:28:00.318+0000][82][info][gc,init] Heap Min Capacity: 3392M
[2025-05-10T15:28:00.319+0000][82][info][gc,init] Heap Initial Capacity: 3392M
[2025-05-10T15:28:00.319+0000][82][info][gc,init] Heap Max Capacity: 3392M
[2025-05-10T15:28:00.319+0000][82][info][gc,init] Pre-touch: Enabled
[2025-05-10T15:28:00.320+0000][82][info][gc,init] Parallel Workers: 13
[2025-05-10T15:28:00.320+0000][82][info][gc,init] Concurrent Workers: 3
[2025-05-10T15:28:00.321+0000][82][info][gc,init] Concurrent Refinement Workers: 13
[2025-05-10T15:28:00.321+0000][82][info][gc,init] Periodic GC: Disabled
[2025-05-10T15:28:00.868+0000][82][info][gc,metaspace] CDS archive(s) mapped at: [0x00007fdf4e000000-0x00007fdf4ed8e000-0x00007fdf4ed8e000), size 14213120, SharedBaseAddress: 0x00007fdf4e000000, ArchiveRelocationMode: 1.
[2025-05-10T15:28:00.869+0000][82][info][gc,metaspace] Compressed class space mapped at: 0x00007fdf4f000000-0x00007fdf8f000000, reserved size: 1073741824
[2025-05-10T15:28:00.869+0000][82][info][gc,metaspace] Narrow klass base: 0x00007fdf4e000000, Narrow klass shift: 0, Narrow klass range: 0x100000000
[2025-05-10T15:28:05.975+0000][82][info][gc,start    ] GC(0) Pause Young (Normal) (G1 Evacuation Pause)
[2025-05-10T15:28:06.238+0000][82][info][gc,task     ] GC(0) Using 13 workers of 13 for evacuation
[2025-05-10T15:28:06.239+0000][82][debug][gc,age      ] GC(0) Desired survivor size 12582912 bytes, new threshold 15 (max threshold 15)
[2025-05-10T15:28:06.260+0000][82][info ][gc,phases   ] GC(0)   Pre Evacuate Collection Set: 1.07ms
[2025-05-10T15:28:06.260+0000][82][info ][gc,phases   ] GC(0)   Merge Heap Roots: 2.32ms
[2025-05-10T15:28:06.260+0000][82][info ][gc,phases   ] GC(0)   Evacuate Collection Set: 13.71ms
[2025-05-10T15:28:06.261+0000][82][info ][gc,phases   ] GC(0)   Post Evacuate Collection Set: 2.62ms
[2025-05-10T15:28:06.261+0000][82][info ][gc,phases   ] GC(0)   Other: 2.08ms
[2025-05-10T15:28:06.262+0000][82][trace][gc,age      ] GC(0) Age table:
[2025-05-10T15:28:06.263+0000][82][trace][gc,age      ] GC(0) - age   1:   12904176 bytes,   12904176 total
[2025-05-10T15:28:06.264+0000][82][info ][gc,heap     ] GC(0) Eden regions: 42->0(38)
[2025-05-10T15:28:06.265+0000][82][info ][gc,heap     ] GC(0) Survivor regions: 0->4(6)
[2025-05-10T15:28:06.265+0000][82][info ][gc,heap     ] GC(0) Old regions: 1->1
[2025-05-10T15:28:06.265+0000][82][info ][gc,heap     ] GC(0) Humongous regions: 0->0
[2025-05-10T15:28:06.265+0000][82][info ][gc,metaspace] GC(0) Metaspace: 18200K(18944K)->18200K(18944K) NonClass: 16167K(16640K)->16167K(16640K) Class: 2033K(2304K)->2033K(2304K)
[2025-05-10T15:28:06.266+0000][82][info ][gc          ] GC(0) Pause Young (Normal) (G1 Evacuation Pause) 169M->14M(3392M) 290.665ms
[2025-05-10T15:28:06.266+0000][82][info ][gc,cpu      ] GC(0) User=0.14s Sys=0.01s Real=0.29s
[2025-05-10T15:28:06.266+0000][82][info ][safepoint   ] Safepoint "G1CollectForAllocation", Time since last: 5070771738 ns, Reaching safepoint: 23826 ns, At safepoint: 291522616 ns, Total: 291546442 ns
[2025-05-10T15:28:06.692+0000][82][info ][gc,start    ] GC(1) Pause Young (Concurrent Start) (Metadata GC Threshold)
[2025-05-10T15:28:06.692+0000][82][info ][gc,task     ] GC(1) Using 13 workers of 13 for evacuation
[2025-05-10T15:28:06.693+0000][82][debug][gc,age      ] GC(1) Desired survivor size 12582912 bytes, new threshold 1 (max threshold 15)
[2025-05-10T15:28:06.709+0000][82][info ][gc,phases   ] GC(1)   Pre Evacuate Collection Set: 1.01ms
[2025-05-10T15:28:06.709+0000][82][info ][gc,phases   ] GC(1)   Merge Heap Roots: 0.32ms
[2025-05-10T15:28:06.710+0000][82][info ][gc,phases   ] GC(1)   Evacuate Collection Set: 11.80ms
[2025-05-10T15:28:06.710+0000][82][info ][gc,phases   ] GC(1)   Post Evacuate Collection Set: 2.72ms
[2025-05-10T15:28:06.710+0000][82][info ][gc,phases   ] GC(1)   Other: 0.80ms
[2025-05-10T15:28:06.710+0000][82][trace][gc,age      ] GC(1) Age table:
[2025-05-10T15:28:06.710+0000][82][trace][gc,age      ] GC(1) - age   1:    1317304 bytes,    1317304 total
[2025-05-10T15:28:06.711+0000][82][info ][gc,heap     ] GC(1) Eden regions: 5->0(41)
[2025-05-10T15:28:06.711+0000][82][info ][gc,heap     ] GC(1) Survivor regions: 4->1(6)
[2025-05-10T15:28:06.711+0000][82][info ][gc,heap     ] GC(1) Old regions: 1->5
[2025-05-10T15:28:06.711+0000][82][info ][gc,heap     ] GC(1) Humongous regions: 0->0
[2025-05-10T15:28:06.712+0000][82][info ][gc,metaspace] GC(1) Metaspace: 20724K(21504K)->20724K(21504K) NonClass: 18394K(18816K)->18394K(18816K) Class: 2330K(2688K)->2330K(2688K)
[2025-05-10T15:28:06.712+0000][82][info ][gc          ] GC(1) Pause Young (Concurrent Start) (Metadata GC Threshold) 32M->16M(3392M) 19.782ms
[2025-05-10T15:28:06.712+0000][82][info ][gc,cpu      ] GC(1) User=0.11s Sys=0.02s Real=0.02s
[2025-05-10T15:28:06.712+0000][82][info ][gc          ] GC(2) Concurrent Mark Cycle
[2025-05-10T15:28:06.714+0000][82][info ][gc,marking  ] GC(2) Concurrent Scan Root Regions
[2025-05-10T15:28:06.715+0000][82][info ][safepoint   ] Safepoint "CollectForMetadataAllocation", Time since last: 425625864 ns, Reaching safepoint: 5671 ns, At safepoint: 22878171 ns, Total: 22883842 ns
[2025-05-10T15:28:06.722+0000][82][info ][gc,marking  ] GC(2) Concurrent Scan Root Regions 8.430ms
[2025-05-10T15:28:06.722+0000][82][info ][gc,marking  ] GC(2) Concurrent Mark
[2025-05-10T15:28:06.722+0000][82][info ][gc,marking  ] GC(2) Concurrent Mark From Roots
[2025-05-10T15:28:06.722+0000][82][info ][gc,task     ] GC(2) Using 3 workers of 3 for marking
[2025-05-10T15:28:06.726+0000][82][info ][gc,marking  ] GC(2) Concurrent Mark From Roots 3.845ms
[2025-05-10T15:28:06.726+0000][82][info ][gc,marking  ] GC(2) Concurrent Preclean
[2025-05-10T15:28:06.727+0000][82][info ][gc,marking  ] GC(2) Concurrent Preclean 0.341ms
[2025-05-10T15:28:06.727+0000][82][info ][gc,start    ] GC(2) Pause Remark
[2025-05-10T15:28:06.733+0000][82][info ][gc          ] GC(2) Pause Remark 19M->19M(3392M) 5.954ms
[2025-05-10T15:28:06.734+0000][82][info ][gc,cpu      ] GC(2) User=0.02s Sys=0.01s Real=0.01s
[2025-05-10T15:28:06.734+0000][82][info ][safepoint   ] Safepoint "G1PauseRemark", Time since last: 12224048 ns, Reaching safepoint: 212412 ns, At safepoint: 6526998 ns, Total: 6739410 ns
[2025-05-10T15:28:06.734+0000][82][info ][gc,marking  ] GC(2) Concurrent Mark 12.310ms
[2025-05-10T15:28:06.734+0000][82][info ][gc,marking  ] GC(2) Concurrent Rebuild Remembered Sets and Scrub Regions
[2025-05-10T15:28:06.742+0000][82][info ][gc,marking  ] GC(2) Concurrent Rebuild Remembered Sets and Scrub Regions 8.060ms
[2025-05-10T15:28:06.743+0000][82][info ][gc,start    ] GC(2) Pause Cleanup
[2025-05-10T15:28:06.743+0000][82][info ][gc          ] GC(2) Pause Cleanup 19M->19M(3392M) 0.265ms
[2025-05-10T15:28:06.744+0000][82][info ][gc,cpu      ] GC(2) User=0.00s Sys=0.00s Real=0.00s
[2025-05-10T15:28:06.744+0000][82][info ][safepoint   ] Safepoint "G1PauseCleanup", Time since last: 8991859 ns, Reaching safepoint: 115406 ns, At safepoint: 832544 ns, Total: 947950 ns
[2025-05-10T15:28:06.744+0000][82][info ][gc,marking  ] GC(2) Concurrent Clear Claimed Marks
[2025-05-10T15:28:06.744+0000][82][info ][gc,marking  ] GC(2) Concurrent Clear Claimed Marks 0.339ms
[2025-05-10T15:28:06.745+0000][82][info ][gc,marking  ] GC(2) Concurrent Cleanup for Next Mark
[2025-05-10T15:28:06.749+0000][82][info ][gc,marking  ] GC(2) Concurrent Cleanup for Next Mark 4.597ms
[2025-05-10T15:28:06.750+0000][82][info ][gc          ] GC(2) Concurrent Mark Cycle 37.344ms
[2025-05-10T15:28:08.199+0000][82][info ][gc,start    ] GC(3) Pause Young (Prepare Mixed) (G1 Evacuation Pause)
[2025-05-10T15:28:08.199+0000][82][info ][gc,task     ] GC(3) Using 13 workers of 13 for evacuation
[2025-05-10T15:28:08.199+0000][82][debug][gc,age      ] GC(3) Desired survivor size 12582912 bytes, new threshold 15 (max threshold 15)
[2025-05-10T15:28:08.204+0000][82][info ][gc,phases   ] GC(3)   Pre Evacuate Collection Set: 0.37ms
[2025-05-10T15:28:08.205+0000][82][info ][gc,phases   ] GC(3)   Merge Heap Roots: 0.24ms
[2025-05-10T15:28:08.205+0000][82][info ][gc,phases   ] GC(3)   Evacuate Collection Set: 2.44ms
[2025-05-10T15:28:08.205+0000][82][info ][gc,phases   ] GC(3)   Post Evacuate Collection Set: 1.20ms
[2025-05-10T15:28:08.205+0000][82][info ][gc,phases   ] GC(3)   Other: 0.59ms
[2025-05-10T15:28:08.206+0000][82][trace][gc,age      ] GC(3) Age table:
[2025-05-10T15:28:08.206+0000][82][trace][gc,age      ] GC(3) - age   1:    4279880 bytes,    4279880 total
[2025-05-10T15:28:08.206+0000][82][trace][gc,age      ] GC(3) - age   2:     495960 bytes,    4775840 total
[2025-05-10T15:28:08.206+0000][82][info ][gc,heap     ] GC(3) Eden regions: 41->0(40)
[2025-05-10T15:28:08.207+0000][82][info ][gc,heap     ] GC(3) Survivor regions: 1->2(6)
[2025-05-10T15:28:08.207+0000][82][info ][gc,heap     ] GC(3) Old regions: 5->5
[2025-05-10T15:28:08.207+0000][82][info ][gc,heap     ] GC(3) Humongous regions: 0->0
[2025-05-10T15:28:08.207+0000][82][info ][gc,metaspace] GC(3) Metaspace: 23727K(24512K)->23727K(24512K) NonClass: 21045K(21504K)->21045K(21504K) Class: 2682K(3008K)->2682K(3008K)
[2025-05-10T15:28:08.207+0000][82][info ][gc          ] GC(3) Pause Young (Prepare Mixed) (G1 Evacuation Pause) 180M->18M(3392M) 8.562ms
[2025-05-10T15:28:08.207+0000][82][info ][gc,cpu      ] GC(3) User=0.00s Sys=0.02s Real=0.00s
[2025-05-10T15:28:08.208+0000][82][info ][safepoint   ] Safepoint "G1CollectForAllocation", Time since last: 1454808948 ns, Reaching safepoint: 5550 ns, At safepoint: 8997716 ns, Total: 9003266 ns
[2025-05-10T15:28:09.296+0000][82][info ][gc,start    ] GC(4) Pause Young (Mixed) (G1 Evacuation Pause)
[2025-05-10T15:28:09.297+0000][82][info ][gc,task     ] GC(4) Using 13 workers of 13 for evacuation
[2025-05-10T15:28:09.297+0000][82][debug][gc,age      ] GC(4) Desired survivor size 12582912 bytes, new threshold 15 (max threshold 15)
[2025-05-10T15:28:09.308+0000][82][info ][gc,phases   ] GC(4)   Pre Evacuate Collection Set: 0.44ms
[2025-05-10T15:28:09.309+0000][82][info ][gc,phases   ] GC(4)   Merge Heap Roots: 0.34ms
[2025-05-10T15:28:09.309+0000][82][info ][gc,phases   ] GC(4)   Evacuate Collection Set: 8.03ms
[2025-05-10T15:28:09.309+0000][82][info ][gc,phases   ] GC(4)   Post Evacuate Collection Set: 1.63ms
[2025-05-10T15:28:09.309+0000][82][info ][gc,phases   ] GC(4)   Other: 0.88ms
[2025-05-10T15:28:09.310+0000][82][trace][gc,age      ] GC(4) Age table:
[2025-05-10T15:28:09.310+0000][82][trace][gc,age      ] GC(4) - age   1:    5871632 bytes,    5871632 total
[2025-05-10T15:28:09.310+0000][82][trace][gc,age      ] GC(4) - age   2:    2204096 bytes,    8075728 total
[2025-05-10T15:28:09.310+0000][82][trace][gc,age      ] GC(4) - age   3:     485544 bytes,    8561272 total
[2025-05-10T15:28:09.310+0000][82][info ][gc,heap     ] GC(4) Eden regions: 40->0(39)
[2025-05-10T15:28:09.311+0000][82][info ][gc,heap     ] GC(4) Survivor regions: 2->3(6)
[2025-05-10T15:28:09.311+0000][82][info ][gc,heap     ] GC(4) Old regions: 5->4
[2025-05-10T15:28:09.311+0000][82][info ][gc,heap     ] GC(4) Humongous regions: 0->0
[2025-05-10T15:28:09.311+0000][82][info ][gc,metaspace] GC(4) Metaspace: 29416K(30336K)->29416K(30336K) NonClass: 26095K(26624K)->26095K(26624K) Class: 3320K(3712K)->3320K(3712K)
[2025-05-10T15:28:09.312+0000][82][info ][gc          ] GC(4) Pause Young (Mixed) (G1 Evacuation Pause) 178M->23M(3392M) 15.217ms
[2025-05-10T15:28:09.312+0000][82][info ][gc,cpu      ] GC(4) User=0.08s Sys=0.00s Real=0.02s
[2025-05-10T15:28:09.312+0000][82][info ][safepoint   ] Safepoint "G1CollectForAllocation", Time since last: 1088713477 ns, Reaching safepoint: 6483 ns, At safepoint: 15773972 ns, Total: 15780455 ns
[2025-05-10T15:28:09.993+0000][82][info ][gc,start    ] GC(5) Pause Young (Normal) (G1 Evacuation Pause)
[2025-05-10T15:28:09.994+0000][82][info ][gc,task     ] GC(5) Using 13 workers of 13 for evacuation
[2025-05-10T15:28:09.994+0000][82][debug][gc,age      ] GC(5) Desired survivor size 12582912 bytes, new threshold 15 (max threshold 15)
[2025-05-10T15:28:10.001+0000][82][info ][gc,phases   ] GC(5)   Pre Evacuate Collection Set: 0.45ms
[2025-05-10T15:28:10.002+0000][82][info ][gc,phases   ] GC(5)   Merge Heap Roots: 0.30ms
[2025-05-10T15:28:10.002+0000][82][info ][gc,phases   ] GC(5)   Evacuate Collection Set: 4.22ms
[2025-05-10T15:28:10.002+0000][82][info ][gc,phases   ] GC(5)   Post Evacuate Collection Set: 1.68ms
[2025-05-10T15:28:10.003+0000][82][info ][gc,phases   ] GC(5)   Other: 0.80ms
[2025-05-10T15:28:10.003+0000][82][trace][gc,age      ] GC(5) Age table:
[2025-05-10T15:28:10.003+0000][82][trace][gc,age      ] GC(5) - age   1:    2816040 bytes,    2816040 total
[2025-05-10T15:28:10.004+0000][82][trace][gc,age      ] GC(5) - age   2:    3591776 bytes,    6407816 total
[2025-05-10T15:28:10.004+0000][82][trace][gc,age      ] GC(5) - age   3:    2203888 bytes,    8611704 total
[2025-05-10T15:28:10.004+0000][82][trace][gc,age      ] GC(5) - age   4:     485544 bytes,    9097248 total
[2025-05-10T15:28:10.004+0000][82][info ][gc,heap     ] GC(5) Eden regions: 39->0(51)
[2025-05-10T15:28:10.005+0000][82][info ][gc,heap     ] GC(5) Survivor regions: 3->3(6)
[2025-05-10T15:28:10.005+0000][82][info ][gc,heap     ] GC(5) Old regions: 4->4
[2025-05-10T15:28:10.005+0000][82][info ][gc,heap     ] GC(5) Humongous regions: 0->0
[2025-05-10T15:28:10.005+0000][82][info ][gc,metaspace] GC(5) Metaspace: 30423K(31424K)->30423K(31424K) NonClass: 26956K(27520K)->26956K(27520K) Class: 3467K(3904K)->3467K(3904K)
[2025-05-10T15:28:10.006+0000][82][info ][gc          ] GC(5) Pause Young (Normal) (G1 Evacuation Pause) 179M->23M(3392M) 12.326ms
[2025-05-10T15:28:10.006+0000][82][info ][gc,cpu      ] GC(5) User=0.03s Sys=0.01s Real=0.01s
[2025-05-10T15:28:10.007+0000][82][info ][safepoint   ] Safepoint "G1CollectForAllocation", Time since last: 681343956 ns, Reaching safepoint: 6262 ns, At safepoint: 13110196 ns, Total: 13116458 ns
[2025-05-10T15:28:10.689+0000][82][info ][gc,start    ] GC(6) Pause Young (Normal) (G1 Evacuation Pause)
[2025-05-10T15:28:10.689+0000][82][info ][gc,task     ] GC(6) Using 13 workers of 13 for evacuation
[2025-05-10T15:28:10.690+0000][82][debug][gc,age      ] GC(6) Desired survivor size 14680064 bytes, new threshold 15 (max threshold 15)
[2025-05-10T15:28:10.697+0000][82][info ][gc,phases   ] GC(6)   Pre Evacuate Collection Set: 0.42ms
[2025-05-10T15:28:10.698+0000][82][info ][gc,phases   ] GC(6)   Merge Heap Roots: 0.55ms
[2025-05-10T15:28:10.698+0000][82][info ][gc,phases   ] GC(6)   Evacuate Collection Set: 4.56ms
[2025-05-10T15:28:10.698+0000][82][info ][gc,phases   ] GC(6)   Post Evacuate Collection Set: 1.42ms
[2025-05-10T15:28:10.698+0000][82][info ][gc,phases   ] GC(6)   Other: 0.68ms
[2025-05-10T15:28:10.698+0000][82][trace][gc,age      ] GC(6) Age table:
[2025-05-10T15:28:10.699+0000][82][trace][gc,age      ] GC(6) - age   1:    2844912 bytes,    2844912 total
[2025-05-10T15:28:10.699+0000][82][trace][gc,age      ] GC(6) - age   2:    2358272 bytes,    5203184 total
[2025-05-10T15:28:10.699+0000][82][trace][gc,age      ] GC(6) - age   3:    3591456 bytes,    8794640 total
[2025-05-10T15:28:10.699+0000][82][trace][gc,age      ] GC(6) - age   4:    2203672 bytes,   10998312 total
[2025-05-10T15:28:10.700+0000][82][trace][gc,age      ] GC(6) - age   5:     485544 bytes,   11483856 total
[2025-05-10T15:28:10.700+0000][82][info ][gc,heap     ] GC(6) Eden regions: 51->0(52)
[2025-05-10T15:28:10.700+0000][82][info ][gc,heap     ] GC(6) Survivor regions: 3->4(7)
[2025-05-10T15:28:10.700+0000][82][info ][gc,heap     ] GC(6) Old regions: 4->4
[2025-05-10T15:28:10.700+0000][82][info ][gc,heap     ] GC(6) Humongous regions: 0->0
[2025-05-10T15:28:10.701+0000][82][info ][gc,metaspace] GC(6) Metaspace: 30859K(31936K)->30859K(31936K) NonClass: 27342K(27968K)->27342K(27968K) Class: 3516K(3968K)->3516K(3968K)
[2025-05-10T15:28:10.701+0000][82][info ][gc          ] GC(6) Pause Young (Normal) (G1 Evacuation Pause) 227M->26M(3392M) 11.762ms
[2025-05-10T15:28:10.701+0000][82][info ][gc,cpu      ] GC(6) User=0.03s Sys=0.03s Real=0.01s
[2025-05-10T15:28:10.701+0000][82][info ][safepoint   ] Safepoint "G1CollectForAllocation", Time since last: 682356141 ns, Reaching safepoint: 6563 ns, At safepoint: 12287732 ns, Total: 12294295 ns
[2025-05-10T15:28:11.491+0000][82][info ][gc,start    ] GC(7) Pause Young (Normal) (G1 Evacuation Pause)
[2025-05-10T15:28:11.722+0000][82][info ][gc,task     ] GC(7) Using 13 workers of 13 for evacuation
[2025-05-10T15:28:11.722+0000][82][debug][gc,age      ] GC(7) Desired survivor size 14680064 bytes, new threshold 15 (max threshold 15)
[2025-05-10T15:28:11.729+0000][82][info ][gc,phases   ] GC(7)   Pre Evacuate Collection Set: 0.48ms
[2025-05-10T15:28:11.730+0000][82][info ][gc,phases   ] GC(7)   Merge Heap Roots: 0.29ms
[2025-05-10T15:28:11.730+0000][82][info ][gc,phases   ] GC(7)   Evacuate Collection Set: 4.36ms
[2025-05-10T15:28:11.730+0000][82][info ][gc,phases   ] GC(7)   Post Evacuate Collection Set: 1.30ms
[2025-05-10T15:28:11.730+0000][82][info ][gc,phases   ] GC(7)   Other: 0.99ms
[2025-05-10T15:28:11.731+0000][82][trace][gc,age      ] GC(7) Age table:
[2025-05-10T15:28:11.731+0000][82][trace][gc,age      ] GC(7) - age   1:    1568168 bytes,    1568168 total
[2025-05-10T15:28:11.731+0000][82][trace][gc,age      ] GC(7) - age   2:    2538592 bytes,    4106760 total
[2025-05-10T15:28:11.732+0000][82][trace][gc,age      ] GC(7) - age   3:    2355696 bytes,    6462456 total
[2025-05-10T15:28:11.732+0000][82][trace][gc,age      ] GC(7) - age   4:    3587744 bytes,   10050200 total
[2025-05-10T15:28:11.732+0000][82][trace][gc,age      ] GC(7) - age   5:    2202616 bytes,   12252816 total
[2025-05-10T15:28:11.732+0000][82][trace][gc,age      ] GC(7) - age   6:     485512 bytes,   12738328 total
[2025-05-10T15:28:11.733+0000][82][info ][gc,heap     ] GC(7) Eden regions: 52->0(64)
[2025-05-10T15:28:11.733+0000][82][info ][gc,heap     ] GC(7) Survivor regions: 4->4(7)
[2025-05-10T15:28:11.734+0000][82][info ][gc,heap     ] GC(7) Old regions: 4->4
[2025-05-10T15:28:11.734+0000][82][info ][gc,heap     ] GC(7) Humongous regions: 0->0
[2025-05-10T15:28:11.734+0000][82][info ][gc,metaspace] GC(7) Metaspace: 32484K(33472K)->32484K(33472K) NonClass: 28769K(29376K)->28769K(29376K) Class: 3715K(4096K)->3715K(4096K)
[2025-05-10T15:28:11.735+0000][82][info ][gc          ] GC(7) Pause Young (Normal) (G1 Evacuation Pause) 234M->27M(3392M) 243.154ms
[2025-05-10T15:28:11.735+0000][82][info ][gc,cpu      ] GC(7) User=0.03s Sys=0.01s Real=0.24s
[2025-05-10T15:28:11.735+0000][82][info ][safepoint   ] Safepoint "G1CollectForAllocation", Time since last: 790095912 ns, Reaching safepoint: 150541 ns, At safepoint: 243904719 ns, Total: 244055260 ns
[2025-05-10T15:28:12.247+0000][82][info ][gc,start    ] GC(8) Pause Young (Concurrent Start) (Metadata GC Threshold)
[2025-05-10T15:28:12.247+0000][82][info ][gc,task     ] GC(8) Using 13 workers of 13 for evacuation
[2025-05-10T15:28:12.248+0000][82][debug][gc,age      ] GC(8) Desired survivor size 18874368 bytes, new threshold 15 (max threshold 15)
[2025-05-10T15:28:12.255+0000][82][info ][gc,phases   ] GC(8)   Pre Evacuate Collection Set: 0.52ms
[2025-05-10T15:28:12.255+0000][82][info ][gc,phases   ] GC(8)   Merge Heap Roots: 0.28ms
[2025-05-10T15:28:12.255+0000][82][info ][gc,phases   ] GC(8)   Evacuate Collection Set: 4.60ms
[2025-05-10T15:28:12.255+0000][82][info ][gc,phases   ] GC(8)   Post Evacuate Collection Set: 1.09ms
[2025-05-10T15:28:12.256+0000][82][info ][gc,phases   ] GC(8)   Other: 0.79ms
[2025-05-10T15:28:12.256+0000][82][trace][gc,age      ] GC(8) Age table:
[2025-05-10T15:28:12.256+0000][82][trace][gc,age      ] GC(8) - age   1:    2770624 bytes,    2770624 total
[2025-05-10T15:28:12.257+0000][82][trace][gc,age      ] GC(8) - age   2:    1547608 bytes,    4318232 total
[2025-05-10T15:28:12.257+0000][82][trace][gc,age      ] GC(8) - age   3:    2538560 bytes,    6856792 total
[2025-05-10T15:28:12.257+0000][82][trace][gc,age      ] GC(8) - age   4:    2355696 bytes,    9212488 total
[2025-05-10T15:28:12.257+0000][82][trace][gc,age      ] GC(8) - age   5:    3587600 bytes,   12800088 total
[2025-05-10T15:28:12.258+0000][82][trace][gc,age      ] GC(8) - age   6:    2202472 bytes,   15002560 total
[2025-05-10T15:28:12.258+0000][82][trace][gc,age      ] GC(8) - age   7:     485512 bytes,   15488072 total
[2025-05-10T15:28:12.258+0000][82][info ][gc,heap     ] GC(8) Eden regions: 10->0(88)
[2025-05-10T15:28:12.258+0000][82][info ][gc,heap     ] GC(8) Survivor regions: 4->5(9)
[2025-05-10T15:28:12.258+0000][82][info ][gc,heap     ] GC(8) Old regions: 4->4
[2025-05-10T15:28:12.259+0000][82][info ][gc,heap     ] GC(8) Humongous regions: 0->0
[2025-05-10T15:28:12.259+0000][82][info ][gc,metaspace] GC(8) Metaspace: 35148K(36096K)->35148K(36096K) NonClass: 31173K(31744K)->31173K(31744K) Class: 3974K(4352K)->3974K(4352K)
[2025-05-10T15:28:12.259+0000][82][info ][gc          ] GC(8) Pause Young (Concurrent Start) (Metadata GC Threshold) 67M->30M(3392M) 12.257ms
[2025-05-10T15:28:12.259+0000][82][info ][gc,cpu      ] GC(8) User=0.03s Sys=0.03s Real=0.02s
[2025-05-10T15:28:12.259+0000][82][info ][gc          ] GC(9) Concurrent Mark Cycle
[2025-05-10T15:28:12.260+0000][82][info ][gc,marking  ] GC(9) Concurrent Scan Root Regions
[2025-05-10T15:28:12.260+0000][82][info ][safepoint   ] Safepoint "CollectForMetadataAllocation", Time since last: 511454874 ns, Reaching safepoint: 4949 ns, At safepoint: 12947635 ns, Total: 12952584 ns
[2025-05-10T15:28:12.264+0000][82][info ][gc,marking  ] GC(9) Concurrent Scan Root Regions 4.495ms
[2025-05-10T15:28:12.265+0000][82][info ][gc,marking  ] GC(9) Concurrent Mark
[2025-05-10T15:28:12.265+0000][82][info ][gc,marking  ] GC(9) Concurrent Mark From Roots
[2025-05-10T15:28:12.266+0000][82][info ][gc,task     ] GC(9) Using 3 workers of 3 for marking
[2025-05-10T15:28:12.279+0000][82][info ][gc,marking  ] GC(9) Concurrent Mark From Roots 14.131ms
[2025-05-10T15:28:12.280+0000][82][info ][gc,marking  ] GC(9) Concurrent Preclean
[2025-05-10T15:28:12.280+0000][82][info ][gc,marking  ] GC(9) Concurrent Preclean 0.223ms
[2025-05-10T15:28:12.280+0000][82][info ][gc,start    ] GC(9) Pause Remark
[2025-05-10T15:28:12.288+0000][82][info ][gc          ] GC(9) Pause Remark 33M->33M(3392M) 7.449ms
[2025-05-10T15:28:12.288+0000][82][info ][gc,cpu      ] GC(9) User=0.03s Sys=0.01s Real=0.01s
[2025-05-10T15:28:12.289+0000][82][info ][safepoint   ] Safepoint "G1PauseRemark", Time since last: 20452943 ns, Reaching safepoint: 129852 ns, At safepoint: 8234933 ns, Total: 8364785 ns
[2025-05-10T15:28:12.289+0000][82][info ][gc,marking  ] GC(9) Concurrent Mark 24.053ms
[2025-05-10T15:28:12.289+0000][82][info ][gc,marking  ] GC(9) Concurrent Rebuild Remembered Sets and Scrub Regions
[2025-05-10T15:28:12.293+0000][82][info ][gc,marking  ] GC(9) Concurrent Rebuild Remembered Sets and Scrub Regions 3.978ms
[2025-05-10T15:28:12.294+0000][82][info ][gc,start    ] GC(9) Pause Cleanup
[2025-05-10T15:28:12.294+0000][82][info ][gc          ] GC(9) Pause Cleanup 33M->33M(3392M) 0.279ms
[2025-05-10T15:28:12.294+0000][82][info ][gc,cpu      ] GC(9) User=0.00s Sys=0.00s Real=0.00s
[2025-05-10T15:28:12.295+0000][82][info ][safepoint   ] Safepoint "G1PauseCleanup", Time since last: 5093858 ns, Reaching safepoint: 122167 ns, At safepoint: 879904 ns, Total: 1002071 ns
[2025-05-10T15:28:12.295+0000][82][info ][gc,marking  ] GC(9) Concurrent Clear Claimed Marks
[2025-05-10T15:28:12.295+0000][82][info ][gc,marking  ] GC(9) Concurrent Clear Claimed Marks 0.335ms
[2025-05-10T15:28:12.296+0000][82][info ][gc,marking  ] GC(9) Concurrent Cleanup for Next Mark
[2025-05-10T15:28:12.299+0000][82][info ][gc,marking  ] GC(9) Concurrent Cleanup for Next Mark 3.501ms
[2025-05-10T15:28:12.300+0000][82][info ][gc          ] GC(9) Concurrent Mark Cycle 40.179ms
[2025-05-10T15:28:13.616+0000][82][info ][gc,start    ] GC(10) Pause Young (Normal) (G1 Evacuation Pause)
[2025-05-10T15:28:13.616+0000][82][info ][gc,task     ] GC(10) Using 13 workers of 13 for evacuation
[2025-05-10T15:28:13.617+0000][82][debug][gc,age      ] GC(10) Desired survivor size 25165824 bytes, new threshold 15 (max threshold 15)
[2025-05-10T15:28:13.627+0000][82][info ][gc,phases   ] GC(10)   Pre Evacuate Collection Set: 0.48ms
[2025-05-10T15:28:13.627+0000][82][info ][gc,phases   ] GC(10)   Merge Heap Roots: 0.28ms
[2025-05-10T15:28:13.628+0000][82][info ][gc,phases   ] GC(10)   Evacuate Collection Set: 7.52ms
[2025-05-10T15:28:13.628+0000][82][info ][gc,phases   ] GC(10)   Post Evacuate Collection Set: 1.48ms
[2025-05-10T15:28:13.628+0000][82][info ][gc,phases   ] GC(10)   Other: 0.70ms
[2025-05-10T15:28:13.628+0000][82][trace][gc,age      ] GC(10) Age table:
[2025-05-10T15:28:13.629+0000][82][trace][gc,age      ] GC(10) - age   1:    7777248 bytes,    7777248 total
[2025-05-10T15:28:13.629+0000][82][trace][gc,age      ] GC(10) - age   2:    2757056 bytes,   10534304 total
[2025-05-10T15:28:13.629+0000][82][trace][gc,age      ] GC(10) - age   3:    1547200 bytes,   12081504 total
[2025-05-10T15:28:13.629+0000][82][trace][gc,age      ] GC(10) - age   4:    2536344 bytes,   14617848 total
[2025-05-10T15:28:13.630+0000][82][trace][gc,age      ] GC(10) - age   5:    2353760 bytes,   16971608 total
[2025-05-10T15:28:13.630+0000][82][trace][gc,age      ] GC(10) - age   6:    3584552 bytes,   20556160 total
[2025-05-10T15:28:13.630+0000][82][trace][gc,age      ] GC(10) - age   7:    2200960 bytes,   22757120 total
[2025-05-10T15:28:13.631+0000][82][trace][gc,age      ] GC(10) - age   8:     483704 bytes,   23240824 total
[2025-05-10T15:28:13.631+0000][82][info ][gc,heap     ] GC(10) Eden regions: 88->0(82)
[2025-05-10T15:28:13.631+0000][82][info ][gc,heap     ] GC(10) Survivor regions: 5->7(12)
[2025-05-10T15:28:13.631+0000][82][info ][gc,heap     ] GC(10) Old regions: 4->4
[2025-05-10T15:28:13.632+0000][82][info ][gc,heap     ] GC(10) Humongous regions: 0->0
[2025-05-10T15:28:13.632+0000][82][info ][gc,metaspace] GC(10) Metaspace: 38553K(39744K)->38553K(39744K) NonClass: 34109K(34816K)->34109K(34816K) Class: 4444K(4928K)->4444K(4928K)
[2025-05-10T15:28:13.632+0000][82][info ][gc          ] GC(10) Pause Young (Normal) (G1 Evacuation Pause) 382M->38M(3392M) 16.298ms
[2025-05-10T15:28:13.633+0000][82][info ][gc,cpu      ] GC(10) User=0.06s Sys=0.04s Real=0.02s
[2025-05-10T15:28:13.633+0000][82][info ][safepoint   ] Safepoint "G1CollectForAllocation", Time since last: 1321234898 ns, Reaching safepoint: 14097 ns, At safepoint: 16824149 ns, Total: 16838246 ns
[2025-05-10T15:28:14.761+0000][82][info ][gc,start    ] GC(11) Pause Young (Normal) (G1 Evacuation Pause)
[2025-05-10T15:28:14.762+0000][82][info ][gc,task     ] GC(11) Using 13 workers of 13 for evacuation
[2025-05-10T15:28:14.762+0000][82][debug][gc,age      ] GC(11) Desired survivor size 25165824 bytes, new threshold 15 (max threshold 15)
[2025-05-10T15:28:14.791+0000][82][info ][gc,phases   ] GC(11)   Pre Evacuate Collection Set: 0.53ms
[2025-05-10T15:28:14.792+0000][82][info ][gc,phases   ] GC(11)   Merge Heap Roots: 0.54ms
[2025-05-10T15:28:14.792+0000][82][info ][gc,phases   ] GC(11)   Evacuate Collection Set: 15.72ms
[2025-05-10T15:28:14.793+0000][82][info ][gc,phases   ] GC(11)   Post Evacuate Collection Set: 11.17ms
[2025-05-10T15:28:14.794+0000][82][info ][gc,phases   ] GC(11)   Other: 1.22ms
[2025-05-10T15:28:14.796+0000][82][trace][gc,age      ] GC(11) Age table:
[2025-05-10T15:28:14.797+0000][82][trace][gc,age      ] GC(11) - age   1:    4395136 bytes,    4395136 total
[2025-05-10T15:28:14.797+0000][82][trace][gc,age      ] GC(11) - age   2:    6123056 bytes,   10518192 total
[2025-05-10T15:28:14.798+0000][82][trace][gc,age      ] GC(11) - age   3:    2757056 bytes,   13275248 total
[2025-05-10T15:28:14.798+0000][82][trace][gc,age      ] GC(11) - age   4:    1545136 bytes,   14820384 total
[2025-05-10T15:28:14.799+0000][82][trace][gc,age      ] GC(11) - age   5:    2535944 bytes,   17356328 total
[2025-05-10T15:28:14.800+0000][82][trace][gc,age      ] GC(11) - age   6:    2353696 bytes,   19710024 total
[2025-05-10T15:28:14.800+0000][82][trace][gc,age      ] GC(11) - age   7:    3584520 bytes,   23294544 total
[2025-05-10T15:28:14.800+0000][82][trace][gc,age      ] GC(11) - age   8:    2200960 bytes,   25495504 total
[2025-05-10T15:28:14.801+0000][82][trace][gc,age      ] GC(11) - age   9:     483704 bytes,   25979208 total
[2025-05-10T15:28:14.802+0000][82][info ][gc,heap     ] GC(11) Eden regions: 82->0(120)
[2025-05-10T15:28:14.802+0000][82][info ][gc,heap     ] GC(11) Survivor regions: 7->7(12)
[2025-05-10T15:28:14.803+0000][82][info ][gc,heap     ] GC(11) Old regions: 4->4
[2025-05-10T15:28:14.803+0000][82][info ][gc,heap     ] GC(11) Humongous regions: 0->0
[2025-05-10T15:28:14.803+0000][82][info ][gc,metaspace] GC(11) Metaspace: 39282K(40576K)->39282K(40576K) NonClass: 34741K(35520K)->34741K(35520K) Class: 4541K(5056K)->4541K(5056K)
[2025-05-10T15:28:14.804+0000][82][info ][gc          ] GC(11) Pause Young (Normal) (G1 Evacuation Pause) 366M->41M(3392M) 42.670ms
[2025-05-10T15:28:14.804+0000][82][info ][gc,cpu      ] GC(11) User=0.10s Sys=0.00s Real=0.04s
[2025-05-10T15:28:14.805+0000][82][info ][safepoint   ] Safepoint "G1CollectForAllocation", Time since last: 1128222605 ns, Reaching safepoint: 7084 ns, At safepoint: 43529883 ns, Total: 43536967 ns
[2025-05-10T15:28:18.852+0000][82][info ][gc,start    ] GC(12) Pause Young (Normal) (G1 Evacuation Pause)
[2025-05-10T15:28:18.852+0000][82][info ][gc,task     ] GC(12) Using 13 workers of 13 for evacuation
[2025-05-10T15:28:18.853+0000][82][debug][gc,age      ] GC(12) Desired survivor size 33554432 bytes, new threshold 15 (max threshold 15)
[2025-05-10T15:28:18.866+0000][82][info ][gc,phases   ] GC(12)   Pre Evacuate Collection Set: 0.39ms
[2025-05-10T15:28:18.866+0000][82][info ][gc,phases   ] GC(12)   Merge Heap Roots: 0.28ms
[2025-05-10T15:28:18.867+0000][82][info ][gc,phases   ] GC(12)   Evacuate Collection Set: 10.26ms
[2025-05-10T15:28:18.867+0000][82][info ][gc,phases   ] GC(12)   Post Evacuate Collection Set: 1.98ms
[2025-05-10T15:28:18.867+0000][82][info ][gc,phases   ] GC(12)   Other: 0.86ms
[2025-05-10T15:28:18.867+0000][82][trace][gc,age      ] GC(12) Age table:
[2025-05-10T15:28:18.868+0000][82][trace][gc,age      ] GC(12) - age   1:    8223464 bytes,    8223464 total
[2025-05-10T15:28:18.868+0000][82][trace][gc,age      ] GC(12) - age   2:    4364824 bytes,   12588288 total
[2025-05-10T15:28:18.868+0000][82][trace][gc,age      ] GC(12) - age   3:    6081840 bytes,   18670128 total
[2025-05-10T15:28:18.869+0000][82][trace][gc,age      ] GC(12) - age   4:    2750960 bytes,   21421088 total
[2025-05-10T15:28:18.869+0000][82][trace][gc,age      ] GC(12) - age   5:    1530456 bytes,   22951544 total
[2025-05-10T15:28:18.870+0000][82][trace][gc,age      ] GC(12) - age   6:    2525104 bytes,   25476648 total
[2025-05-10T15:28:18.870+0000][82][trace][gc,age      ] GC(12) - age   7:    2345264 bytes,   27821912 total
[2025-05-10T15:28:18.870+0000][82][trace][gc,age      ] GC(12) - age   8:    3569016 bytes,   31390928 total
[2025-05-10T15:28:18.871+0000][82][trace][gc,age      ] GC(12) - age   9:    1997808 bytes,   33388736 total
[2025-05-10T15:28:18.871+0000][82][trace][gc,age      ] GC(12) - age  10:     479760 bytes,   33868496 total
[2025-05-10T15:28:18.871+0000][82][info ][gc,heap     ] GC(12) Eden regions: 120->0(124)
[2025-05-10T15:28:18.872+0000][82][info ][gc,heap     ] GC(12) Survivor regions: 7->9(16)
[2025-05-10T15:28:18.872+0000][82][info ][gc,heap     ] GC(12) Old regions: 4->4
[2025-05-10T15:28:18.873+0000][82][info ][gc,heap     ] GC(12) Humongous regions: 0->0
[2025-05-10T15:28:18.873+0000][82][info ][gc,metaspace] GC(12) Metaspace: 51245K(52736K)->51245K(52736K) NonClass: 45116K(46016K)->45116K(46016K) Class: 6129K(6720K)->6129K(6720K)
[2025-05-10T15:28:18.873+0000][82][info ][gc          ] GC(12) Pause Young (Normal) (G1 Evacuation Pause) 521M->50M(3392M) 21.597ms
[2025-05-10T15:28:18.874+0000][82][info ][gc,cpu      ] GC(12) User=0.12s Sys=0.00s Real=0.02s
[2025-05-10T15:28:18.874+0000][82][info ][safepoint   ] Safepoint "G1CollectForAllocation", Time since last: 4059921613 ns, Reaching safepoint: 6433 ns, At safepoint: 22469625 ns, Total: 22476058 ns
[2025-05-10T15:28:22.725+0000][82][info ][gc,start    ] GC(13) Pause Young (Concurrent Start) (Metadata GC Threshold)
[2025-05-10T15:28:22.726+0000][82][info ][gc,task     ] GC(13) Using 13 workers of 13 for evacuation
[2025-05-10T15:28:22.726+0000][82][debug][gc,age      ] GC(13) Desired survivor size 35651584 bytes, new threshold 15 (max threshold 15)
[2025-05-10T15:28:22.742+0000][82][info ][gc,phases   ] GC(13)   Pre Evacuate Collection Set: 0.49ms
[2025-05-10T15:28:22.742+0000][82][info ][gc,phases   ] GC(13)   Merge Heap Roots: 0.25ms
[2025-05-10T15:28:22.743+0000][82][info ][gc,phases   ] GC(13)   Evacuate Collection Set: 12.46ms
[2025-05-10T15:28:22.743+0000][82][info ][gc,phases   ] GC(13)   Post Evacuate Collection Set: 2.32ms
[2025-05-10T15:28:22.743+0000][82][info ][gc,phases   ] GC(13)   Other: 1.00ms
[2025-05-10T15:28:22.744+0000][82][trace][gc,age      ] GC(13) Age table:
[2025-05-10T15:28:22.744+0000][82][trace][gc,age      ] GC(13) - age   1:    1556960 bytes,    1556960 total
[2025-05-10T15:28:22.744+0000][82][trace][gc,age      ] GC(13) - age   2:    8035536 bytes,    9592496 total
[2025-05-10T15:28:22.745+0000][82][trace][gc,age      ] GC(13) - age   3:    4363120 bytes,   13955616 total
[2025-05-10T15:28:22.745+0000][82][trace][gc,age      ] GC(13) - age   4:    6079944 bytes,   20035560 total
[2025-05-10T15:28:22.745+0000][82][trace][gc,age      ] GC(13) - age   5:    2750960 bytes,   22786520 total
[2025-05-10T15:28:22.745+0000][82][trace][gc,age      ] GC(13) - age   6:    1529968 bytes,   24316488 total
[2025-05-10T15:28:22.746+0000][82][trace][gc,age      ] GC(13) - age   7:    2525104 bytes,   26841592 total
[2025-05-10T15:28:22.746+0000][82][trace][gc,age      ] GC(13) - age   8:    2344352 bytes,   29185944 total
[2025-05-10T15:28:22.746+0000][82][trace][gc,age      ] GC(13) - age   9:    3569000 bytes,   32754944 total
[2025-05-10T15:28:22.747+0000][82][trace][gc,age      ] GC(13) - age  10:    1996320 bytes,   34751264 total
[2025-05-10T15:28:22.747+0000][82][trace][gc,age      ] GC(13) - age  11:     479536 bytes,   35230800 total
[2025-05-10T15:28:22.747+0000][82][info ][gc,heap     ] GC(13) Eden regions: 14->0(182)
[2025-05-10T15:28:22.748+0000][82][info ][gc,heap     ] GC(13) Survivor regions: 9->10(17)
[2025-05-10T15:28:22.748+0000][82][info ][gc,heap     ] GC(13) Old regions: 4->4
[2025-05-10T15:28:22.748+0000][82][info ][gc,heap     ] GC(13) Humongous regions: 0->0
[2025-05-10T15:28:22.748+0000][82][info ][gc,metaspace] GC(13) Metaspace: 59014K(60608K)->59014K(60608K) NonClass: 51732K(52672K)->51732K(52672K) Class: 7282K(7936K)->7282K(7936K)
[2025-05-10T15:28:22.749+0000][82][info ][gc          ] GC(13) Pause Young (Concurrent Start) (Metadata GC Threshold) 106M->50M(3392M) 23.539ms
[2025-05-10T15:28:22.749+0000][82][info ][gc,cpu      ] GC(13) User=0.07s Sys=0.06s Real=0.03s
[2025-05-10T15:28:22.749+0000][82][info ][gc          ] GC(14) Concurrent Mark Cycle
[2025-05-10T15:28:22.750+0000][82][info ][safepoint   ] Safepoint "CollectForMetadataAllocation", Time since last: 3850864437 ns, Reaching safepoint: 6683 ns, At safepoint: 24473305 ns, Total: 24479988 ns
[2025-05-10T15:28:22.750+0000][82][info ][gc,marking  ] GC(14) Concurrent Scan Root Regions
[2025-05-10T15:28:22.757+0000][82][info ][gc,marking  ] GC(14) Concurrent Scan Root Regions 7.391ms
[2025-05-10T15:28:22.757+0000][82][info ][gc,marking  ] GC(14) Concurrent Mark
[2025-05-10T15:28:22.758+0000][82][info ][gc,marking  ] GC(14) Concurrent Mark From Roots
[2025-05-10T15:28:22.758+0000][82][info ][gc,task     ] GC(14) Using 3 workers of 3 for marking
[2025-05-10T15:28:22.772+0000][82][info ][gc,marking  ] GC(14) Concurrent Mark From Roots 14.112ms
[2025-05-10T15:28:22.772+0000][82][info ][gc,marking  ] GC(14) Concurrent Preclean
[2025-05-10T15:28:22.773+0000][82][info ][gc,marking  ] GC(14) Concurrent Preclean 0.566ms
[2025-05-10T15:28:22.773+0000][82][info ][gc,start    ] GC(14) Pause Remark
[2025-05-10T15:28:22.779+0000][82][info ][gc          ] GC(14) Pause Remark 55M->55M(3392M) 5.528ms
[2025-05-10T15:28:22.779+0000][82][info ][gc,cpu      ] GC(14) User=0.04s Sys=0.00s Real=0.01s
[2025-05-10T15:28:22.780+0000][82][info ][safepoint   ] Safepoint "G1PauseRemark", Time since last: 23668420 ns, Reaching safepoint: 107691 ns, At safepoint: 6099284 ns, Total: 6206975 ns
[2025-05-10T15:28:22.780+0000][82][info ][gc,marking  ] GC(14) Concurrent Mark 22.436ms
[2025-05-10T15:28:22.780+0000][82][info ][gc,marking  ] GC(14) Concurrent Rebuild Remembered Sets and Scrub Regions
[2025-05-10T15:28:22.784+0000][82][info ][gc,marking  ] GC(14) Concurrent Rebuild Remembered Sets and Scrub Regions 4.068ms
[2025-05-10T15:28:22.785+0000][82][info ][gc,start    ] GC(14) Pause Cleanup
[2025-05-10T15:28:22.785+0000][82][info ][gc          ] GC(14) Pause Cleanup 55M->55M(3392M) 0.337ms
[2025-05-10T15:28:22.785+0000][82][info ][gc,cpu      ] GC(14) User=0.01s Sys=0.00s Real=0.00s
[2025-05-10T15:28:22.786+0000][82][info ][safepoint   ] Safepoint "G1PauseCleanup", Time since last: 4964813 ns, Reaching safepoint: 4349 ns, At safepoint: 997740 ns, Total: 1002089 ns
[2025-05-10T15:28:22.786+0000][82][info ][gc,marking  ] GC(14) Concurrent Clear Claimed Marks
[2025-05-10T15:28:22.787+0000][82][info ][gc,marking  ] GC(14) Concurrent Clear Claimed Marks 0.619ms
[2025-05-10T15:28:22.787+0000][82][info ][gc,marking  ] GC(14) Concurrent Cleanup for Next Mark
[2025-05-10T15:28:22.791+0000][82][info ][gc,marking  ] GC(14) Concurrent Cleanup for Next Mark 3.722ms
[2025-05-10T15:28:22.792+0000][82][info ][gc          ] GC(14) Concurrent Mark Cycle 42.467ms
[2025-05-10T15:28:29.402+0000][82][info ][gc,start    ] GC(15) Pause Young (Normal) (G1 Evacuation Pause)
[2025-05-10T15:28:29.403+0000][82][info ][gc,task     ] GC(15) Using 13 workers of 13 for evacuation
[2025-05-10T15:28:29.403+0000][82][debug][gc,age      ] GC(15) Desired survivor size 50331648 bytes, new threshold 15 (max threshold 15)
[2025-05-10T15:28:29.430+0000][82][info ][gc,phases   ] GC(15)   Pre Evacuate Collection Set: 0.40ms
[2025-05-10T15:28:29.431+0000][82][info ][gc,phases   ] GC(15)   Merge Heap Roots: 0.27ms
[2025-05-10T15:28:29.431+0000][82][info ][gc,phases   ] GC(15)   Evacuate Collection Set: 22.82ms
[2025-05-10T15:28:29.432+0000][82][info ][gc,phases   ] GC(15)   Post Evacuate Collection Set: 3.11ms
[2025-05-10T15:28:29.432+0000][82][info ][gc,phases   ] GC(15)   Other: 1.26ms
[2025-05-10T15:28:29.432+0000][82][trace][gc,age      ] GC(15) Age table:
[2025-05-10T15:28:29.433+0000][82][trace][gc,age      ] GC(15) - age   1:   12232632 bytes,   12232632 total
[2025-05-10T15:28:29.433+0000][82][trace][gc,age      ] GC(15) - age   2:    1419000 bytes,   13651632 total
[2025-05-10T15:28:29.434+0000][82][trace][gc,age      ] GC(15) - age   3:    7773816 bytes,   21425448 total
[2025-05-10T15:28:29.434+0000][82][trace][gc,age      ] GC(15) - age   4:    4358736 bytes,   25784184 total
[2025-05-10T15:28:29.434+0000][82][trace][gc,age      ] GC(15) - age   5:    6069944 bytes,   31854128 total
[2025-05-10T15:28:29.435+0000][82][trace][gc,age      ] GC(15) - age   6:    2750640 bytes,   34604768 total
[2025-05-10T15:28:29.435+0000][82][trace][gc,age      ] GC(15) - age   7:    1519728 bytes,   36124496 total
[2025-05-10T15:28:29.435+0000][82][trace][gc,age      ] GC(15) - age   8:    2522160 bytes,   38646656 total
[2025-05-10T15:28:29.436+0000][82][trace][gc,age      ] GC(15) - age   9:    2334552 bytes,   40981208 total
[2025-05-10T15:28:29.436+0000][82][trace][gc,age      ] GC(15) - age  10:    3547088 bytes,   44528296 total
[2025-05-10T15:28:29.436+0000][82][trace][gc,age      ] GC(15) - age  11:    1988880 bytes,   46517176 total
[2025-05-10T15:28:29.436+0000][82][trace][gc,age      ] GC(15) - age  12:     475872 bytes,   46993048 total
[2025-05-10T15:28:29.437+0000][82][info ][gc,heap     ] GC(15) Eden regions: 182->0(170)
[2025-05-10T15:28:29.437+0000][82][info ][gc,heap     ] GC(15) Survivor regions: 10->13(24)
[2025-05-10T15:28:29.437+0000][82][info ][gc,heap     ] GC(15) Old regions: 4->4
[2025-05-10T15:28:29.438+0000][82][info ][gc,heap     ] GC(15) Humongous regions: 0->0
[2025-05-10T15:28:29.438+0000][82][info ][gc,metaspace] GC(15) Metaspace: 77970K(80000K)->77970K(80000K) NonClass: 67484K(68672K)->67484K(68672K) Class: 10485K(11328K)->10485K(11328K)
[2025-05-10T15:28:29.439+0000][82][info ][gc          ] GC(15) Pause Young (Normal) (G1 Evacuation Pause) 778M->64M(3392M) 36.394ms
[2025-05-10T15:28:29.439+0000][82][info ][gc,cpu      ] GC(15) User=0.29s Sys=0.01s Real=0.04s
[2025-05-10T15:28:29.439+0000][82][info ][safepoint   ] Safepoint "G1CollectForAllocation", Time since last: 6616626146 ns, Reaching safepoint: 8196 ns, At safepoint: 37216694 ns, Total: 37224890 ns
[2025-05-10T15:28:32.652+0000][82][info ][gc,start    ] GC(16) Pause Young (Concurrent Start) (Metadata GC Threshold)
[2025-05-10T15:28:32.652+0000][82][info ][gc,task     ] GC(16) Using 13 workers of 13 for evacuation
[2025-05-10T15:28:32.652+0000][82][debug][gc,age      ] GC(16) Desired survivor size 48234496 bytes, new threshold 15 (max threshold 15)
[2025-05-10T15:28:32.678+0000][82][info ][gc,phases   ] GC(16)   Pre Evacuate Collection Set: 0.52ms
[2025-05-10T15:28:32.678+0000][82][info ][gc,phases   ] GC(16)   Merge Heap Roots: 0.28ms
[2025-05-10T15:28:32.678+0000][82][info ][gc,phases   ] GC(16)   Evacuate Collection Set: 20.62ms
[2025-05-10T15:28:32.678+0000][82][info ][gc,phases   ] GC(16)   Post Evacuate Collection Set: 3.44ms
[2025-05-10T15:28:32.679+0000][82][info ][gc,phases   ] GC(16)   Other: 0.73ms
[2025-05-10T15:28:32.679+0000][82][trace][gc,age      ] GC(16) Age table:
[2025-05-10T15:28:32.679+0000][82][trace][gc,age      ] GC(16) - age   1:    8662352 bytes,    8662352 total
[2025-05-10T15:28:32.679+0000][82][trace][gc,age      ] GC(16) - age   2:   11314504 bytes,   19976856 total
[2025-05-10T15:28:32.680+0000][82][trace][gc,age      ] GC(16) - age   3:    1414536 bytes,   21391392 total
[2025-05-10T15:28:32.680+0000][82][trace][gc,age      ] GC(16) - age   4:    7685128 bytes,   29076520 total
[2025-05-10T15:28:32.680+0000][82][trace][gc,age      ] GC(16) - age   5:    4352240 bytes,   33428760 total
[2025-05-10T15:28:32.681+0000][82][trace][gc,age      ] GC(16) - age   6:    6057368 bytes,   39486128 total
[2025-05-10T15:28:32.681+0000][82][trace][gc,age      ] GC(16) - age   7:    2742480 bytes,   42228608 total
[2025-05-10T15:28:32.681+0000][82][trace][gc,age      ] GC(16) - age   8:    1516184 bytes,   43744792 total
[2025-05-10T15:28:32.681+0000][82][trace][gc,age      ] GC(16) - age   9:    2518904 bytes,   46263696 total
[2025-05-10T15:28:32.682+0000][82][trace][gc,age      ] GC(16) - age  10:    2332464 bytes,   48596160 total
[2025-05-10T15:28:32.682+0000][82][trace][gc,age      ] GC(16) - age  11:    3531680 bytes,   52127840 total
[2025-05-10T15:28:32.682+0000][82][trace][gc,age      ] GC(16) - age  12:    1981320 bytes,   54109160 total
[2025-05-10T15:28:32.682+0000][82][trace][gc,age      ] GC(16) - age  13:     473160 bytes,   54582320 total
[2025-05-10T15:28:32.683+0000][82][info ][gc,heap     ] GC(16) Eden regions: 45->0(234)
[2025-05-10T15:28:32.683+0000][82][info ][gc,heap     ] GC(16) Survivor regions: 13->15(23)
[2025-05-10T15:28:32.683+0000][82][info ][gc,heap     ] GC(16) Old regions: 4->4
[2025-05-10T15:28:32.683+0000][82][info ][gc,heap     ] GC(16) Humongous regions: 0->0
[2025-05-10T15:28:32.683+0000][82][info ][gc,metaspace] GC(16) Metaspace: 99199K(101376K)->99199K(101376K) NonClass: 85690K(86912K)->85690K(86912K) Class: 13508K(14464K)->13508K(14464K)
[2025-05-10T15:28:32.684+0000][82][info ][gc          ] GC(16) Pause Young (Concurrent Start) (Metadata GC Threshold) 244M->70M(3392M) 31.935ms
[2025-05-10T15:28:32.684+0000][82][info ][gc,cpu      ] GC(16) User=0.21s Sys=0.02s Real=0.03s
[2025-05-10T15:28:32.684+0000][82][info ][gc          ] GC(17) Concurrent Mark Cycle
[2025-05-10T15:28:32.684+0000][82][info ][gc,marking  ] GC(17) Concurrent Scan Root Regions
[2025-05-10T15:28:32.684+0000][82][info ][safepoint   ] Safepoint "CollectForMetadataAllocation", Time since last: 3212403750 ns, Reaching safepoint: 6413 ns, At safepoint: 32524668 ns, Total: 32531081 ns
[2025-05-10T15:28:32.696+0000][82][info ][gc,marking  ] GC(17) Concurrent Scan Root Regions 11.245ms
[2025-05-10T15:28:32.696+0000][82][info ][gc,marking  ] GC(17) Concurrent Mark
[2025-05-10T15:28:32.696+0000][82][info ][gc,marking  ] GC(17) Concurrent Mark From Roots
[2025-05-10T15:28:32.697+0000][82][info ][gc,task     ] GC(17) Using 3 workers of 3 for marking
[2025-05-10T15:28:32.709+0000][82][info ][gc,marking  ] GC(17) Concurrent Mark From Roots 12.550ms
[2025-05-10T15:28:32.709+0000][82][info ][gc,marking  ] GC(17) Concurrent Preclean
[2025-05-10T15:28:32.710+0000][82][info ][gc,marking  ] GC(17) Concurrent Preclean 0.436ms
[2025-05-10T15:28:32.710+0000][82][info ][gc,start    ] GC(17) Pause Remark
[2025-05-10T15:28:32.717+0000][82][info ][gc          ] GC(17) Pause Remark 76M->76M(3392M) 6.637ms
[2025-05-10T15:28:32.717+0000][82][info ][gc,cpu      ] GC(17) User=0.03s Sys=0.01s Real=0.01s
[2025-05-10T15:28:32.718+0000][82][info ][safepoint   ] Safepoint "G1PauseRemark", Time since last: 25723469 ns, Reaching safepoint: 222747 ns, At safepoint: 7317779 ns, Total: 7540526 ns
[2025-05-10T15:28:32.718+0000][82][info ][gc,marking  ] GC(17) Concurrent Mark 21.771ms
[2025-05-10T15:28:32.718+0000][82][info ][gc,marking  ] GC(17) Concurrent Rebuild Remembered Sets and Scrub Regions
[2025-05-10T15:28:32.723+0000][82][info ][gc,marking  ] GC(17) Concurrent Rebuild Remembered Sets and Scrub Regions 4.599ms
[2025-05-10T15:28:32.724+0000][82][info ][gc,start    ] GC(17) Pause Cleanup
[2025-05-10T15:28:32.724+0000][82][info ][gc          ] GC(17) Pause Cleanup 76M->76M(3392M) 0.280ms
[2025-05-10T15:28:32.725+0000][82][info ][gc,cpu      ] GC(17) User=0.00s Sys=0.00s Real=0.00s
[2025-05-10T15:28:32.725+0000][82][info ][safepoint   ] Safepoint "G1PauseCleanup", Time since last: 5580281 ns, Reaching safepoint: 915486 ns, At safepoint: 991580 ns, Total: 1907066 ns
[2025-05-10T15:28:32.726+0000][82][info ][gc,marking  ] GC(17) Concurrent Clear Claimed Marks
[2025-05-10T15:28:32.726+0000][82][info ][gc,marking  ] GC(17) Concurrent Clear Claimed Marks 0.535ms
[2025-05-10T15:28:32.726+0000][82][info ][gc,marking  ] GC(17) Concurrent Cleanup for Next Mark
[2025-05-10T15:28:32.731+0000][82][info ][gc,marking  ] GC(17) Concurrent Cleanup for Next Mark 4.213ms
[2025-05-10T15:28:32.731+0000][82][info ][gc          ] GC(17) Concurrent Mark Cycle 46.851ms
[2025-05-10T15:29:08.959+0000][82][info ][gc,start    ] GC(18) Pause Young (Normal) (G1 Evacuation Pause)
[2025-05-10T15:29:08.960+0000][82][info ][gc,task     ] GC(18) Using 13 workers of 13 for evacuation
[2025-05-10T15:29:08.960+0000][82][debug][gc,age      ] GC(18) Desired survivor size 67108864 bytes, new threshold 15 (max threshold 15)
[2025-05-10T15:29:09.015+0000][82][info ][gc,phases   ] GC(18)   Pre Evacuate Collection Set: 0.74ms
[2025-05-10T15:29:09.015+0000][82][info ][gc,phases   ] GC(18)   Merge Heap Roots: 0.27ms
[2025-05-10T15:29:09.015+0000][82][info ][gc,phases   ] GC(18)   Evacuate Collection Set: 47.62ms
[2025-05-10T15:29:09.016+0000][82][info ][gc,phases   ] GC(18)   Post Evacuate Collection Set: 5.29ms
[2025-05-10T15:29:09.016+0000][82][info ][gc,phases   ] GC(18)   Other: 1.20ms
[2025-05-10T15:29:09.016+0000][82][trace][gc,age      ] GC(18) Age table:
[2025-05-10T15:29:09.016+0000][82][trace][gc,age      ] GC(18) - age   1:   74474944 bytes,   74474944 total
[2025-05-10T15:29:09.017+0000][82][trace][gc,age      ] GC(18) - age   2:    7995464 bytes,   82470408 total
[2025-05-10T15:29:09.017+0000][82][trace][gc,age      ] GC(18) - age   3:   10882112 bytes,   93352520 total
[2025-05-10T15:29:09.017+0000][82][trace][gc,age      ] GC(18) - age   4:    1192128 bytes,   94544648 total
[2025-05-10T15:29:09.017+0000][82][trace][gc,age      ] GC(18) - age   5:    7385640 bytes,  101930288 total
[2025-05-10T15:29:09.017+0000][82][trace][gc,age      ] GC(18) - age   6:    4339656 bytes,  106269944 total
[2025-05-10T15:29:09.018+0000][82][trace][gc,age      ] GC(18) - age   7:    6020608 bytes,  112290552 total
[2025-05-10T15:29:09.018+0000][82][trace][gc,age      ] GC(18) - age   8:    2740432 bytes,  115030984 total
[2025-05-10T15:29:09.018+0000][82][trace][gc,age      ] GC(18) - age   9:    1395024 bytes,  116426008 total
[2025-05-10T15:29:09.018+0000][82][trace][gc,age      ] GC(18) - age  10:    2509888 bytes,  118935896 total
[2025-05-10T15:29:09.019+0000][82][trace][gc,age      ] GC(18) - age  11:    2321024 bytes,  121256920 total
[2025-05-10T15:29:09.019+0000][82][trace][gc,age      ] GC(18) - age  12:    3514904 bytes,  124771824 total
[2025-05-10T15:29:09.019+0000][82][trace][gc,age      ] GC(18) - age  13:    1940600 bytes,  126712424 total
[2025-05-10T15:29:09.019+0000][82][trace][gc,age      ] GC(18) - age  14:     411144 bytes,  127123568 total
[2025-05-10T15:29:09.020+0000][82][info ][gc,heap     ] GC(18) Eden regions: 234->0(201)
[2025-05-10T15:29:09.020+0000][82][info ][gc,heap     ] GC(18) Survivor regions: 15->32(32)
[2025-05-10T15:29:09.020+0000][82][info ][gc,heap     ] GC(18) Old regions: 4->5
[2025-05-10T15:29:09.020+0000][82][info ][gc,heap     ] GC(18) Humongous regions: 0->0
[2025-05-10T15:29:09.020+0000][82][info ][gc,metaspace] GC(18) Metaspace: 147320K(151680K)->147320K(151680K) NonClass: 126222K(128640K)->126222K(128640K) Class: 21097K(23040K)->21097K(23040K)
[2025-05-10T15:29:09.021+0000][82][info ][gc          ] GC(18) Pause Young (Normal) (G1 Evacuation Pause) 1006M->144M(3392M) 62.233ms
[2025-05-10T15:29:09.021+0000][82][info ][gc,cpu      ] GC(18) User=0.58s Sys=0.00s Real=0.06s
[2025-05-10T15:29:09.022+0000][82][info ][safepoint   ] Safepoint "G1CollectForAllocation", Time since last: 36224472455 ns, Reaching safepoint: 140330 ns, At safepoint: 63652361 ns, Total: 63792691 ns
[2025-05-10T15:29:14.745+0000][82][info ][gc,start    ] GC(19) Pause Young (Normal) (G1 Evacuation Pause)
[2025-05-10T15:29:14.746+0000][82][info ][gc,task     ] GC(19) Using 13 workers of 13 for evacuation
[2025-05-10T15:29:14.746+0000][82][debug][gc,age      ] GC(19) Desired survivor size 62914560 bytes, new threshold 1 (max threshold 15)
[2025-05-10T15:29:15.071+0000][82][info ][gc,mmu      ] GC(19) MMU target violated: 201.0ms (200.0ms/201.0ms)
[2025-05-10T15:29:15.072+0000][82][info ][gc,phases   ] GC(19)   Pre Evacuate Collection Set: 0.68ms
[2025-05-10T15:29:15.072+0000][82][info ][gc,phases   ] GC(19)   Merge Heap Roots: 0.29ms
[2025-05-10T15:29:15.072+0000][82][info ][gc,phases   ] GC(19)   Evacuate Collection Set: 319.71ms
[2025-05-10T15:29:15.072+0000][82][info ][gc,phases   ] GC(19)   Post Evacuate Collection Set: 3.51ms
[2025-05-10T15:29:15.072+0000][82][info ][gc,phases   ] GC(19)   Other: 1.71ms
[2025-05-10T15:29:15.073+0000][82][trace][gc,age      ] GC(19) Age table:
[2025-05-10T15:29:15.073+0000][82][trace][gc,age      ] GC(19) - age   1:    3790272 bytes,    3790272 total
[2025-05-10T15:29:15.073+0000][82][info ][gc,heap     ] GC(19) Eden regions: 201->0(189)
[2025-05-10T15:29:15.073+0000][82][info ][gc,heap     ] GC(19) Survivor regions: 32->4(30)
[2025-05-10T15:29:15.073+0000][82][info ][gc,heap     ] GC(19) Old regions: 5->37
[2025-05-10T15:29:15.074+0000][82][info ][gc,heap     ] GC(19) Humongous regions: 0->0
[2025-05-10T15:29:15.074+0000][82][info ][gc,metaspace] GC(19) Metaspace: 149324K(153728K)->149324K(153728K) NonClass: 128093K(130496K)->128093K(130496K) Class: 21230K(23232K)->21230K(23232K)
[2025-05-10T15:29:15.074+0000][82][info ][gc          ] GC(19) Pause Young (Normal) (G1 Evacuation Pause) 948M->160M(3392M) 328.888ms
[2025-05-10T15:29:15.074+0000][82][info ][gc,cpu      ] GC(19) User=0.99s Sys=0.78s Real=0.33s
[2025-05-10T15:29:15.075+0000][82][info ][safepoint   ] Safepoint "G1CollectForAllocation", Time since last: 5723108560 ns, Reaching safepoint: 26382 ns, At safepoint: 329578532 ns, Total: 329604914 ns
[2025-05-10T15:31:26.421+0000][82][info ][gc,start    ] GC(20) Pause Young (Concurrent Start) (CodeCache GC Threshold)
[2025-05-10T15:31:26.423+0000][82][info ][gc,task     ] GC(20) Using 13 workers of 13 for evacuation
[2025-05-10T15:31:26.423+0000][82][debug][gc,age      ] GC(20) Desired survivor size 52428800 bytes, new threshold 15 (max threshold 15)
[2025-05-10T15:31:26.440+0000][82][info ][gc,phases   ] GC(20)   Pre Evacuate Collection Set: 1.33ms
[2025-05-10T15:31:26.440+0000][82][info ][gc,phases   ] GC(20)   Merge Heap Roots: 0.42ms
[2025-05-10T15:31:26.441+0000][82][info ][gc,phases   ] GC(20)   Evacuate Collection Set: 10.24ms
[2025-05-10T15:31:26.442+0000][82][info ][gc,phases   ] GC(20)   Post Evacuate Collection Set: 3.23ms
[2025-05-10T15:31:26.442+0000][82][info ][gc,phases   ] GC(20)   Other: 1.91ms
[2025-05-10T15:31:26.442+0000][82][trace][gc,age      ] GC(20) Age table:
[2025-05-10T15:31:26.443+0000][82][trace][gc,age      ] GC(20) - age   1:    1434016 bytes,    1434016 total
[2025-05-10T15:31:26.443+0000][82][trace][gc,age      ] GC(20) - age   2:    2636368 bytes,    4070384 total
[2025-05-10T15:31:26.443+0000][82][info ][gc,heap     ] GC(20) Eden regions: 85->0(227)
[2025-05-10T15:31:26.444+0000][82][info ][gc,heap     ] GC(20) Survivor regions: 4->2(25)
[2025-05-10T15:31:26.444+0000][82][info ][gc,heap     ] GC(20) Old regions: 37->37
[2025-05-10T15:31:26.444+0000][82][info ][gc,heap     ] GC(20) Humongous regions: 0->0
[2025-05-10T15:31:26.444+0000][82][info ][gc,metaspace] GC(20) Metaspace: 152137K(156544K)->152137K(156544K) NonClass: 130815K(133248K)->130815K(133248K) Class: 21321K(23296K)->21321K(23296K)
[2025-05-10T15:31:26.445+0000][82][info ][gc          ] GC(20) Pause Young (Concurrent Start) (CodeCache GC Threshold) 498M->152M(3392M) 23.820ms
[2025-05-10T15:31:26.445+0000][82][info ][gc          ] GC(21) Concurrent Mark Cycle
[2025-05-10T15:31:26.446+0000][82][info ][gc,marking  ] GC(21) Concurrent Scan Root Regions
[2025-05-10T15:31:26.445+0000][82][info ][gc,cpu      ] GC(20) User=0.09s Sys=0.02s Real=0.03s
[2025-05-10T15:31:26.448+0000][82][info ][safepoint   ] Safepoint "G1TryInitiateConcMark", Time since last: 131354724197 ns, Reaching safepoint: 40500 ns, At safepoint: 27350658 ns, Total: 27391158 ns
[2025-05-10T15:31:26.462+0000][82][info ][gc,marking  ] GC(21) Concurrent Scan Root Regions 16.864ms
[2025-05-10T15:31:26.463+0000][82][info ][gc,marking  ] GC(21) Concurrent Mark
[2025-05-10T15:31:26.463+0000][82][info ][gc,marking  ] GC(21) Concurrent Mark From Roots
[2025-05-10T15:31:26.463+0000][82][info ][gc,task     ] GC(21) Using 3 workers of 3 for marking
[2025-05-10T15:31:26.556+0000][82][info ][gc,marking  ] GC(21) Concurrent Mark From Roots 93.246ms
[2025-05-10T15:31:26.557+0000][82][info ][gc,marking  ] GC(21) Concurrent Preclean
[2025-05-10T15:31:26.559+0000][82][info ][gc,marking  ] GC(21) Concurrent Preclean 2.131ms
[2025-05-10T15:31:26.560+0000][82][info ][gc,start    ] GC(21) Pause Remark
[2025-05-10T15:31:26.606+0000][82][info ][gc          ] GC(21) Pause Remark 155M->155M(3392M) 46.302ms
[2025-05-10T15:31:26.607+0000][82][info ][gc,cpu      ] GC(21) User=0.29s Sys=0.00s Real=0.05s
[2025-05-10T15:31:26.607+0000][82][info ][safepoint   ] Safepoint "G1PauseRemark", Time since last: 112093037 ns, Reaching safepoint: 30600 ns, At safepoint: 47340846 ns, Total: 47371446 ns
[2025-05-10T15:31:26.608+0000][82][info ][gc,marking  ] GC(21) Concurrent Mark 144.828ms
[2025-05-10T15:31:26.608+0000][82][info ][gc,marking  ] GC(21) Concurrent Rebuild Remembered Sets and Scrub Regions
[2025-05-10T15:31:26.640+0000][82][info ][gc,marking  ] GC(21) Concurrent Rebuild Remembered Sets and Scrub Regions 32.050ms
[2025-05-10T15:31:26.641+0000][82][info ][gc,start    ] GC(21) Pause Cleanup
[2025-05-10T15:31:26.641+0000][82][info ][gc          ] GC(21) Pause Cleanup 156M->156M(3392M) 0.378ms
[2025-05-10T15:31:26.641+0000][82][info ][gc,cpu      ] GC(21) User=0.00s Sys=0.00s Real=0.00s
[2025-05-10T15:31:26.642+0000][82][info ][safepoint   ] Safepoint "G1PauseCleanup", Time since last: 33259020 ns, Reaching safepoint: 142885 ns, At safepoint: 1087599 ns, Total: 1230484 ns
[2025-05-10T15:31:26.642+0000][82][info ][gc,marking  ] GC(21) Concurrent Clear Claimed Marks
[2025-05-10T15:31:26.643+0000][82][info ][gc,marking  ] GC(21) Concurrent Clear Claimed Marks 0.777ms
[2025-05-10T15:31:26.643+0000][82][info ][gc,marking  ] GC(21) Concurrent Cleanup for Next Mark
[2025-05-10T15:31:26.650+0000][82][info ][gc,marking  ] GC(21) Concurrent Cleanup for Next Mark 7.013ms
[2025-05-10T15:31:26.651+0000][82][info ][gc          ] GC(21) Concurrent Mark Cycle 205.729ms
[2025-05-10T15:37:30.004+0000][82][info ][gc,start    ] GC(22) Pause Young (Prepare Mixed) (G1 Evacuation Pause)
[2025-05-10T15:37:30.007+0000][82][info ][gc,task     ] GC(22) Using 13 workers of 13 for evacuation
[2025-05-10T15:37:30.007+0000][82][debug][gc,age      ] GC(22) Desired survivor size 60817408 bytes, new threshold 15 (max threshold 15)
[2025-05-10T15:37:30.072+0000][82][info ][gc,phases   ] GC(22)   Pre Evacuate Collection Set: 10.37ms
[2025-05-10T15:37:30.072+0000][82][info ][gc,phases   ] GC(22)   Merge Heap Roots: 2.01ms
[2025-05-10T15:37:30.073+0000][82][info ][gc,phases   ] GC(22)   Evacuate Collection Set: 43.36ms
[2025-05-10T15:37:30.073+0000][82][info ][gc,phases   ] GC(22)   Post Evacuate Collection Set: 7.22ms
[2025-05-10T15:37:30.073+0000][82][info ][gc,phases   ] GC(22)   Other: 1.95ms
[2025-05-10T15:37:30.073+0000][82][trace][gc,age      ] GC(22) Age table:
[2025-05-10T15:37:30.074+0000][82][trace][gc,age      ] GC(22) - age   1:    9075976 bytes,    9075976 total
[2025-05-10T15:37:30.074+0000][82][trace][gc,age      ] GC(22) - age   2:     700320 bytes,    9776296 total
[2025-05-10T15:37:30.074+0000][82][trace][gc,age      ] GC(22) - age   3:    2585272 bytes,   12361568 total
[2025-05-10T15:37:30.074+0000][82][info ][gc,heap     ] GC(22) Eden regions: 225->0(232)
[2025-05-10T15:37:30.074+0000][82][info ][gc,heap     ] GC(22) Survivor regions: 2->4(29)
[2025-05-10T15:37:30.075+0000][82][info ][gc,heap     ] GC(22) Old regions: 37->37
[2025-05-10T15:37:30.075+0000][82][info ][gc,heap     ] GC(22) Humongous regions: 0->0
[2025-05-10T15:37:30.075+0000][82][info ][gc,metaspace] GC(22) Metaspace: 154415K(158784K)->154415K(158784K) NonClass: 132975K(135360K)->132975K(135360K) Class: 21440K(23424K)->21440K(23424K)
[2025-05-10T15:37:30.076+0000][82][info ][gc          ] GC(22) Pause Young (Prepare Mixed) (G1 Evacuation Pause) 1052M->160M(3392M) 72.140ms
[2025-05-10T15:37:30.076+0000][82][info ][gc,cpu      ] GC(22) User=0.49s Sys=0.04s Real=0.07s
[2025-05-10T15:37:30.077+0000][82][info ][safepoint   ] Safepoint "G1CollectForAllocation", Time since last: 368917602052 ns, Reaching safepoint: 36352 ns, At safepoint: 73527001 ns, Total: 73563353 ns
[2025-05-10T15:41:57.404+0000][82][info ][gc,heap,exit] Heap
[2025-05-10T15:41:57.405+0000][82][info ][gc,heap,exit]  garbage-first heap   total reserved 3473408K, committed 3473408K, used 793704K [0x000000072c000000, 0x0000000800000000)
[2025-05-10T15:41:57.405+0000][82][info ][gc,heap,exit]   region size 4096K, 158 young (647168K), 4 survivors (16384K)
[2025-05-10T15:41:57.405+0000][82][info ][gc,heap,exit]  Metaspace       used 155450K, committed 159936K, reserved 1245184K
[2025-05-10T15:41:57.405+0000][82][info ][gc,heap,exit]   class space    used 21567K, committed 23552K, reserved 1048576K
