[2025-05-27T10:07:04.791+0000][39][info][gc,init] CardTable entry size: 512
[2025-05-27T10:07:04.793+0000][39][info][gc     ] Using G1
[2025-05-27T10:07:04.796+0000][39][info][gc,init] Version: 23+37-2369 (release)
[2025-05-27T10:07:04.796+0000][39][info][gc,init] CPUs: 16 total, 16 available
[2025-05-27T10:07:04.796+0000][39][info][gc,init] Memory: 7536M
[2025-05-27T10:07:04.797+0000][39][info][gc,init] Large Page Support: Disabled
[2025-05-27T10:07:04.797+0000][39][info][gc,init] NUMA Support: Disabled
[2025-05-27T10:07:04.797+0000][39][info][gc,init] Compressed Oops: Enabled (32-bit)
[2025-05-27T10:07:04.797+0000][39][info][gc,init] Heap Region Size: 1M
[2025-05-27T10:07:04.798+0000][39][info][gc,init] Heap Min Capacity: 8M
[2025-05-27T10:07:04.798+0000][39][info][gc,init] Heap Initial Capacity: 118M
[2025-05-27T10:07:04.798+0000][39][info][gc,init] Heap Max Capacity: 1886M
[2025-05-27T10:07:04.798+0000][39][info][gc,init] Pre-touch: Disabled
[2025-05-27T10:07:04.798+0000][39][info][gc,init] Parallel Workers: 13
[2025-05-27T10:07:04.799+0000][39][info][gc,init] Concurrent Workers: 3
[2025-05-27T10:07:04.799+0000][39][info][gc,init] Concurrent Refinement Workers: 13
[2025-05-27T10:07:04.799+0000][39][info][gc,init] Periodic GC: Disabled
[2025-05-27T10:07:04.808+0000][39][info][gc,metaspace] CDS archive(s) mapped at: [0x00007fc4ce000000-0x00007fc4ced8e000-0x00007fc4ced8e000), size 14213120, SharedBaseAddress: 0x00007fc4ce000000, ArchiveRelocationMode: 1.
[2025-05-27T10:07:04.808+0000][39][info][gc,metaspace] Compressed class space mapped at: 0x00007fc4cf000000-0x00007fc50f000000, reserved size: 1073741824
[2025-05-27T10:07:04.808+0000][39][info][gc,metaspace] Narrow klass base: 0x00007fc4ce000000, Narrow klass shift: 0, Narrow klass range: 0x100000000
[2025-05-27T10:07:04.868+0000][39][info][gc,heap,exit] Heap
[2025-05-27T10:07:04.868+0000][39][info][gc,heap,exit]  garbage-first heap   total reserved 1931264K, committed 122880K, used 3193K [0x000000008a200000, 0x0000000100000000)
[2025-05-27T10:07:04.869+0000][39][info][gc,heap,exit]   region size 1024K, 2 young (2048K), 0 survivors (0K)
[2025-05-27T10:07:04.869+0000][39][info][gc,heap,exit]  Metaspace       used 250K, committed 448K, reserved 1114112K
[2025-05-27T10:07:04.869+0000][39][info][gc,heap,exit]   class space    used 9K, committed 128K, reserved 1048576K
