[2025-05-20T08:45:45.693+0000][84][info][gc,init] CardTable entry size: 512
[2025-05-20T08:45:45.695+0000][84][info][gc     ] Using G1
[2025-05-20T08:45:47.301+0000][84][info][gc,init] Version: 23+37-2369 (release)
[2025-05-20T08:45:47.301+0000][84][info][gc,init] CPUs: 16 total, 16 available
[2025-05-20T08:45:47.302+0000][84][info][gc,init] Memory: 7536M
[2025-05-20T08:45:47.302+0000][84][info][gc,init] Large Page Support: Disabled
[2025-05-20T08:45:47.302+0000][84][info][gc,init] NUMA Support: Disabled
[2025-05-20T08:45:47.303+0000][84][info][gc,init] Compressed Oops: Enabled (Zero based)
[2025-05-20T08:45:47.303+0000][84][info][gc,init] Heap Region Size: 4M
[2025-05-20T08:45:47.304+0000][84][info][gc,init] Heap Min Capacity: 3768M
[2025-05-20T08:45:47.304+0000][84][info][gc,init] Heap Initial Capacity: 3768M
[2025-05-20T08:45:47.305+0000][84][info][gc,init] Heap Max Capacity: 3768M
[2025-05-20T08:45:47.305+0000][84][info][gc,init] Pre-touch: Enabled
[2025-05-20T08:45:47.305+0000][84][info][gc,init] Parallel Workers: 13
[2025-05-20T08:45:47.306+0000][84][info][gc,init] Concurrent Workers: 3
[2025-05-20T08:45:47.306+0000][84][info][gc,init] Concurrent Refinement Workers: 13
[2025-05-20T08:45:47.307+0000][84][info][gc,init] Periodic GC: Disabled
[2025-05-20T08:45:47.339+0000][84][info][gc,metaspace] CDS archive(s) mapped at: [0x00007fc7d6000000-0x00007fc7d6d8e000-0x00007fc7d6d8e000), size 14213120, SharedBaseAddress: 0x00007fc7d6000000, ArchiveRelocationMode: 1.
[2025-05-20T08:45:47.339+0000][84][info][gc,metaspace] Compressed class space mapped at: 0x00007fc7d7000000-0x00007fc817000000, reserved size: 1073741824
[2025-05-20T08:45:47.340+0000][84][info][gc,metaspace] Narrow klass base: 0x00007fc7d6000000, Narrow klass shift: 0, Narrow klass range: 0x100000000
[2025-05-20T08:45:52.299+0000][84][info][gc,start    ] GC(0) Pause Young (Concurrent Start) (Metadata GC Threshold)
[2025-05-20T08:45:52.300+0000][84][info][gc,task     ] GC(0) Using 13 workers of 13 for evacuation
[2025-05-20T08:45:52.301+0000][84][debug][gc,age      ] GC(0) Desired survivor size 12582912 bytes, new threshold 15 (max threshold 15)
[2025-05-20T08:45:52.316+0000][84][info ][gc,phases   ] GC(0)   Pre Evacuate Collection Set: 0.94ms
[2025-05-20T08:45:52.316+0000][84][info ][gc,phases   ] GC(0)   Merge Heap Roots: 0.51ms
[2025-05-20T08:45:52.317+0000][84][info ][gc,phases   ] GC(0)   Evacuate Collection Set: 8.50ms
[2025-05-20T08:45:52.317+0000][84][info ][gc,phases   ] GC(0)   Post Evacuate Collection Set: 4.54ms
[2025-05-20T08:45:52.318+0000][84][info ][gc,phases   ] GC(0)   Other: 1.32ms
[2025-05-20T08:45:52.318+0000][84][trace][gc,age      ] GC(0) Age table:
[2025-05-20T08:45:52.318+0000][84][trace][gc,age      ] GC(0) - age   1:   14210240 bytes,   14210240 total
[2025-05-20T08:45:52.319+0000][84][info ][gc,heap     ] GC(0) Eden regions: 47->0(43)
[2025-05-20T08:45:52.319+0000][84][info ][gc,heap     ] GC(0) Survivor regions: 0->4(6)
[2025-05-20T08:45:52.320+0000][84][info ][gc,heap     ] GC(0) Old regions: 1->1
[2025-05-20T08:45:52.320+0000][84][info ][gc,heap     ] GC(0) Humongous regions: 0->0
[2025-05-20T08:45:52.320+0000][84][info ][gc,metaspace] GC(0) Metaspace: 20685K(21504K)->20685K(21504K) NonClass: 18366K(18816K)->18366K(18816K) Class: 2318K(2688K)->2318K(2688K)
[2025-05-20T08:45:52.321+0000][84][info ][gc          ] GC(0) Pause Young (Concurrent Start) (Metadata GC Threshold) 187M->15M(3768M) 21.921ms
[2025-05-20T08:45:52.321+0000][84][info ][gc,cpu      ] GC(0) User=0.12s Sys=0.01s Real=0.03s
[2025-05-20T08:45:52.321+0000][84][info ][gc          ] GC(1) Concurrent Mark Cycle
[2025-05-20T08:45:52.322+0000][84][info ][safepoint   ] Safepoint "CollectForMetadataAllocation", Time since last: 4950489343 ns, Reaching safepoint: 84230 ns, At safepoint: 23098614 ns, Total: 23182844 ns
[2025-05-20T08:45:52.322+0000][84][info ][gc,marking  ] GC(1) Concurrent Scan Root Regions
[2025-05-20T08:45:52.328+0000][84][info ][gc,marking  ] GC(1) Concurrent Scan Root Regions 6.495ms
[2025-05-20T08:45:52.329+0000][84][info ][gc,marking  ] GC(1) Concurrent Mark
[2025-05-20T08:45:52.329+0000][84][info ][gc,marking  ] GC(1) Concurrent Mark From Roots
[2025-05-20T08:45:52.330+0000][84][info ][gc,task     ] GC(1) Using 3 workers of 3 for marking
[2025-05-20T08:45:52.333+0000][84][info ][gc,marking  ] GC(1) Concurrent Mark From Roots 3.503ms
[2025-05-20T08:45:52.333+0000][84][info ][gc,marking  ] GC(1) Concurrent Preclean
[2025-05-20T08:45:52.333+0000][84][info ][gc,marking  ] GC(1) Concurrent Preclean 0.319ms
[2025-05-20T08:45:52.334+0000][84][info ][gc,start    ] GC(1) Pause Remark
[2025-05-20T08:45:52.339+0000][84][info ][gc          ] GC(1) Pause Remark 19M->19M(3768M) 5.236ms
[2025-05-20T08:45:52.340+0000][84][info ][gc,cpu      ] GC(1) User=0.03s Sys=0.01s Real=0.01s
[2025-05-20T08:45:52.340+0000][84][info ][safepoint   ] Safepoint "G1PauseRemark", Time since last: 11988913 ns, Reaching safepoint: 6993 ns, At safepoint: 6007616 ns, Total: 6014609 ns
[2025-05-20T08:45:52.340+0000][84][info ][gc,marking  ] GC(1) Concurrent Mark 11.518ms
[2025-05-20T08:45:52.341+0000][84][info ][gc,marking  ] GC(1) Concurrent Rebuild Remembered Sets and Scrub Regions
[2025-05-20T08:45:52.342+0000][84][info ][gc,marking  ] GC(1) Concurrent Rebuild Remembered Sets and Scrub Regions 1.643ms
[2025-05-20T08:45:52.343+0000][84][info ][gc,start    ] GC(1) Pause Cleanup
[2025-05-20T08:45:52.343+0000][84][info ][gc          ] GC(1) Pause Cleanup 19M->19M(3768M) 0.366ms
[2025-05-20T08:45:52.344+0000][84][info ][gc,cpu      ] GC(1) User=0.00s Sys=0.00s Real=0.00s
[2025-05-20T08:45:52.344+0000][84][info ][safepoint   ] Safepoint "G1PauseCleanup", Time since last: 2902696 ns, Reaching safepoint: 128409 ns, At safepoint: 1094433 ns, Total: 1222842 ns
[2025-05-20T08:45:52.344+0000][84][info ][gc,marking  ] GC(1) Concurrent Clear Claimed Marks
[2025-05-20T08:45:52.345+0000][84][info ][gc,marking  ] GC(1) Concurrent Clear Claimed Marks 0.338ms
[2025-05-20T08:45:52.345+0000][84][info ][gc,marking  ] GC(1) Concurrent Cleanup for Next Mark
[2025-05-20T08:45:52.350+0000][84][info ][gc,marking  ] GC(1) Concurrent Cleanup for Next Mark 4.727ms
[2025-05-20T08:45:52.350+0000][84][info ][gc          ] GC(1) Concurrent Mark Cycle 28.809ms
[2025-05-20T08:45:53.796+0000][84][info ][gc,start    ] GC(2) Pause Young (Prepare Mixed) (G1 Evacuation Pause)
[2025-05-20T08:45:53.796+0000][84][info ][gc,task     ] GC(2) Using 13 workers of 13 for evacuation
[2025-05-20T08:45:53.796+0000][84][debug][gc,age      ] GC(2) Desired survivor size 12582912 bytes, new threshold 1 (max threshold 15)
[2025-05-20T08:45:53.813+0000][84][info ][gc,phases   ] GC(2)   Pre Evacuate Collection Set: 0.67ms
[2025-05-20T08:45:53.813+0000][84][info ][gc,phases   ] GC(2)   Merge Heap Roots: 0.49ms
[2025-05-20T08:45:53.814+0000][84][info ][gc,phases   ] GC(2)   Evacuate Collection Set: 11.15ms
[2025-05-20T08:45:53.814+0000][84][info ][gc,phases   ] GC(2)   Post Evacuate Collection Set: 3.39ms
[2025-05-20T08:45:53.814+0000][84][info ][gc,phases   ] GC(2)   Other: 0.94ms
[2025-05-20T08:45:53.815+0000][84][trace][gc,age      ] GC(2) Age table:
[2025-05-20T08:45:53.815+0000][84][trace][gc,age      ] GC(2) - age   1:    3072688 bytes,    3072688 total
[2025-05-20T08:45:53.815+0000][84][info ][gc,heap     ] GC(2) Eden regions: 43->0(46)
[2025-05-20T08:45:53.816+0000][84][info ][gc,heap     ] GC(2) Survivor regions: 4->1(6)
[2025-05-20T08:45:53.816+0000][84][info ][gc,heap     ] GC(2) Old regions: 1->5
[2025-05-20T08:45:53.816+0000][84][info ][gc,heap     ] GC(2) Humongous regions: 0->0
[2025-05-20T08:45:53.817+0000][84][info ][gc,metaspace] GC(2) Metaspace: 23831K(24640K)->23831K(24640K) NonClass: 21147K(21632K)->21147K(21632K) Class: 2683K(3008K)->2683K(3008K)
[2025-05-20T08:45:53.817+0000][84][info ][gc          ] GC(2) Pause Young (Prepare Mixed) (G1 Evacuation Pause) 187M->18M(3768M) 21.393ms
[2025-05-20T08:45:53.817+0000][84][info ][gc,cpu      ] GC(2) User=0.11s Sys=0.01s Real=0.02s
[2025-05-20T08:45:53.818+0000][84][info ][safepoint   ] Safepoint "G1CollectForAllocation", Time since last: 1451620782 ns, Reaching safepoint: 8155 ns, At safepoint: 22251191 ns, Total: 22259346 ns
[2025-05-20T08:45:55.034+0000][84][info ][gc,start    ] GC(3) Pause Young (Mixed) (G1 Evacuation Pause)
[2025-05-20T08:45:55.040+0000][84][info ][gc,task     ] GC(3) Using 13 workers of 13 for evacuation
[2025-05-20T08:45:55.040+0000][84][debug][gc,age      ] GC(3) Desired survivor size 12582912 bytes, new threshold 15 (max threshold 15)
[2025-05-20T08:45:55.049+0000][84][info ][gc,phases   ] GC(3)   Pre Evacuate Collection Set: 0.58ms
[2025-05-20T08:45:55.049+0000][84][info ][gc,phases   ] GC(3)   Merge Heap Roots: 0.38ms
[2025-05-20T08:45:55.050+0000][84][info ][gc,phases   ] GC(3)   Evacuate Collection Set: 5.61ms
[2025-05-20T08:45:55.050+0000][84][info ][gc,phases   ] GC(3)   Post Evacuate Collection Set: 1.89ms
[2025-05-20T08:45:55.050+0000][84][info ][gc,phases   ] GC(3)   Other: 0.87ms
[2025-05-20T08:45:55.051+0000][84][trace][gc,age      ] GC(3) Age table:
[2025-05-20T08:45:55.051+0000][84][trace][gc,age      ] GC(3) - age   1:    4649432 bytes,    4649432 total
[2025-05-20T08:45:55.051+0000][84][trace][gc,age      ] GC(3) - age   2:    2263768 bytes,    6913200 total
[2025-05-20T08:45:55.052+0000][84][info ][gc,heap     ] GC(3) Eden regions: 46->0(45)
[2025-05-20T08:45:55.052+0000][84][info ][gc,heap     ] GC(3) Survivor regions: 1->2(6)
[2025-05-20T08:45:55.052+0000][84][info ][gc,heap     ] GC(3) Old regions: 5->4
[2025-05-20T08:45:55.052+0000][84][info ][gc,heap     ] GC(3) Humongous regions: 0->0
[2025-05-20T08:45:55.053+0000][84][info ][gc,metaspace] GC(3) Metaspace: 29531K(30464K)->29531K(30464K) NonClass: 26202K(26752K)->26202K(26752K) Class: 3329K(3712K)->3329K(3712K)
[2025-05-20T08:45:55.053+0000][84][info ][gc          ] GC(3) Pause Young (Mixed) (G1 Evacuation Pause) 202M->22M(3768M) 19.668ms
[2025-05-20T08:45:55.054+0000][84][info ][gc,cpu      ] GC(3) User=0.04s Sys=0.03s Real=0.02s
[2025-05-20T08:45:55.054+0000][84][info ][safepoint   ] Safepoint "G1CollectForAllocation", Time since last: 1215797480 ns, Reaching safepoint: 5971 ns, At safepoint: 20727856 ns, Total: 20733827 ns
[2025-05-20T08:45:55.723+0000][84][info ][gc,start    ] GC(4) Pause Young (Normal) (G1 Evacuation Pause)
[2025-05-20T08:45:55.724+0000][84][info ][gc,task     ] GC(4) Using 13 workers of 13 for evacuation
[2025-05-20T08:45:55.724+0000][84][debug][gc,age      ] GC(4) Desired survivor size 12582912 bytes, new threshold 15 (max threshold 15)
[2025-05-20T08:45:55.731+0000][84][info ][gc,phases   ] GC(4)   Pre Evacuate Collection Set: 0.64ms
[2025-05-20T08:45:55.731+0000][84][info ][gc,phases   ] GC(4)   Merge Heap Roots: 0.52ms
[2025-05-20T08:45:55.732+0000][84][info ][gc,phases   ] GC(4)   Evacuate Collection Set: 3.29ms
[2025-05-20T08:45:55.732+0000][84][info ][gc,phases   ] GC(4)   Post Evacuate Collection Set: 1.70ms
[2025-05-20T08:45:55.733+0000][84][info ][gc,phases   ] GC(4)   Other: 0.79ms
[2025-05-20T08:45:55.733+0000][84][trace][gc,age      ] GC(4) Age table:
[2025-05-20T08:45:55.734+0000][84][trace][gc,age      ] GC(4) - age   1:    4022800 bytes,    4022800 total
[2025-05-20T08:45:55.734+0000][84][trace][gc,age      ] GC(4) - age   2:    3864728 bytes,    7887528 total
[2025-05-20T08:45:55.735+0000][84][trace][gc,age      ] GC(4) - age   3:    2263352 bytes,   10150880 total
[2025-05-20T08:45:55.735+0000][84][info ][gc,heap     ] GC(4) Eden regions: 45->0(44)
[2025-05-20T08:45:55.736+0000][84][info ][gc,heap     ] GC(4) Survivor regions: 2->3(6)
[2025-05-20T08:45:55.736+0000][84][info ][gc,heap     ] GC(4) Old regions: 4->4
[2025-05-20T08:45:55.736+0000][84][info ][gc,heap     ] GC(4) Humongous regions: 0->0
[2025-05-20T08:45:55.737+0000][84][info ][gc,metaspace] GC(4) Metaspace: 30518K(31552K)->30518K(31552K) NonClass: 27046K(27648K)->27046K(27648K) Class: 3472K(3904K)->3472K(3904K)
[2025-05-20T08:45:55.737+0000][84][info ][gc          ] GC(4) Pause Young (Normal) (G1 Evacuation Pause) 202M->25M(3768M) 14.094ms
[2025-05-20T08:45:55.738+0000][84][info ][gc,cpu      ] GC(4) User=0.03s Sys=0.02s Real=0.01s
[2025-05-20T08:45:55.739+0000][84][info ][safepoint   ] Safepoint "G1CollectForAllocation", Time since last: 668930698 ns, Reaching safepoint: 6893 ns, At safepoint: 15247184 ns, Total: 15254077 ns
[2025-05-20T08:45:56.195+0000][84][info ][gc,start    ] GC(5) Pause Young (Normal) (G1 Evacuation Pause)
[2025-05-20T08:45:56.195+0000][84][info ][gc,task     ] GC(5) Using 13 workers of 13 for evacuation
[2025-05-20T08:45:56.196+0000][84][debug][gc,age      ] GC(5) Desired survivor size 12582912 bytes, new threshold 15 (max threshold 15)
[2025-05-20T08:45:56.202+0000][84][info ][gc,phases   ] GC(5)   Pre Evacuate Collection Set: 0.65ms
[2025-05-20T08:45:56.203+0000][84][info ][gc,phases   ] GC(5)   Merge Heap Roots: 0.40ms
[2025-05-20T08:45:56.203+0000][84][info ][gc,phases   ] GC(5)   Evacuate Collection Set: 3.26ms
[2025-05-20T08:45:56.204+0000][84][info ][gc,phases   ] GC(5)   Post Evacuate Collection Set: 1.53ms
[2025-05-20T08:45:56.204+0000][84][info ][gc,phases   ] GC(5)   Other: 0.96ms
[2025-05-20T08:45:56.205+0000][84][trace][gc,age      ] GC(5) Age table:
[2025-05-20T08:45:56.205+0000][84][trace][gc,age      ] GC(5) - age   1:    2323736 bytes,    2323736 total
[2025-05-20T08:45:56.206+0000][84][trace][gc,age      ] GC(5) - age   2:    2571576 bytes,    4895312 total
[2025-05-20T08:45:56.206+0000][84][trace][gc,age      ] GC(5) - age   3:    3864120 bytes,    8759432 total
[2025-05-20T08:45:56.206+0000][84][trace][gc,age      ] GC(5) - age   4:    2263168 bytes,   11022600 total
[2025-05-20T08:45:56.207+0000][84][info ][gc,heap     ] GC(5) Eden regions: 44->0(50)
[2025-05-20T08:45:56.207+0000][84][info ][gc,heap     ] GC(5) Survivor regions: 3->3(6)
[2025-05-20T08:45:56.208+0000][84][info ][gc,heap     ] GC(5) Old regions: 4->4
[2025-05-20T08:45:56.208+0000][84][info ][gc,heap     ] GC(5) Humongous regions: 0->0
[2025-05-20T08:45:56.209+0000][84][info ][gc,metaspace] GC(5) Metaspace: 30918K(31936K)->30918K(31936K) NonClass: 27401K(27968K)->27401K(27968K) Class: 3516K(3968K)->3516K(3968K)
[2025-05-20T08:45:56.210+0000][84][info ][gc          ] GC(5) Pause Young (Normal) (G1 Evacuation Pause) 201M->26M(3768M) 14.842ms
[2025-05-20T08:45:56.210+0000][84][info ][gc,cpu      ] GC(5) User=0.01s Sys=0.02s Real=0.02s
[2025-05-20T08:45:56.211+0000][84][info ][safepoint   ] Safepoint "G1CollectForAllocation", Time since last: 456176563 ns, Reaching safepoint: 6051 ns, At safepoint: 16174786 ns, Total: 16180837 ns
[2025-05-20T08:45:56.657+0000][84][info ][gc,start    ] GC(6) Pause Young (Normal) (G1 Evacuation Pause)
[2025-05-20T08:45:56.658+0000][84][info ][gc,task     ] GC(6) Using 13 workers of 13 for evacuation
[2025-05-20T08:45:56.658+0000][84][debug][gc,age      ] GC(6) Desired survivor size 14680064 bytes, new threshold 15 (max threshold 15)
[2025-05-20T08:45:56.666+0000][84][info ][gc,phases   ] GC(6)   Pre Evacuate Collection Set: 0.70ms
[2025-05-20T08:45:56.666+0000][84][info ][gc,phases   ] GC(6)   Merge Heap Roots: 0.50ms
[2025-05-20T08:45:56.667+0000][84][info ][gc,phases   ] GC(6)   Evacuate Collection Set: 4.13ms
[2025-05-20T08:45:56.667+0000][84][info ][gc,phases   ] GC(6)   Post Evacuate Collection Set: 1.64ms
[2025-05-20T08:45:56.668+0000][84][info ][gc,phases   ] GC(6)   Other: 1.15ms
[2025-05-20T08:45:56.668+0000][84][trace][gc,age      ] GC(6) Age table:
[2025-05-20T08:45:56.669+0000][84][trace][gc,age      ] GC(6) - age   1:    1068008 bytes,    1068008 total
[2025-05-20T08:45:56.670+0000][84][trace][gc,age      ] GC(6) - age   2:    2004152 bytes,    3072160 total
[2025-05-20T08:45:56.670+0000][84][trace][gc,age      ] GC(6) - age   3:    2569000 bytes,    5641160 total
[2025-05-20T08:45:56.671+0000][84][trace][gc,age      ] GC(6) - age   4:    3860408 bytes,    9501568 total
[2025-05-20T08:45:56.671+0000][84][trace][gc,age      ] GC(6) - age   5:    2262112 bytes,   11763680 total
[2025-05-20T08:45:56.672+0000][84][info ][gc,heap     ] GC(6) Eden regions: 51->0(56)
[2025-05-20T08:45:56.672+0000][84][info ][gc,heap     ] GC(6) Survivor regions: 3->4(7)
[2025-05-20T08:45:56.673+0000][84][info ][gc,heap     ] GC(6) Old regions: 4->4
[2025-05-20T08:45:56.674+0000][84][info ][gc,heap     ] GC(6) Humongous regions: 0->0
[2025-05-20T08:45:56.674+0000][84][info ][gc,metaspace] GC(6) Metaspace: 31205K(32256K)->31205K(32256K) NonClass: 27638K(28224K)->27638K(28224K) Class: 3566K(4032K)->3566K(4032K)
[2025-05-20T08:45:56.675+0000][84][info ][gc          ] GC(6) Pause Young (Normal) (G1 Evacuation Pause) 230M->27M(3768M) 17.454ms
[2025-05-20T08:45:56.675+0000][84][info ][gc,cpu      ] GC(6) User=0.05s Sys=0.02s Real=0.02s
[2025-05-20T08:45:56.675+0000][84][info ][safepoint   ] Safepoint "G1CollectForAllocation", Time since last: 446175035 ns, Reaching safepoint: 8547 ns, At safepoint: 18312978 ns, Total: 18321525 ns
[2025-05-20T08:45:57.444+0000][84][info ][gc,start    ] GC(7) Pause Young (Concurrent Start) (Metadata GC Threshold)
[2025-05-20T08:45:57.444+0000][84][info ][gc,task     ] GC(7) Using 13 workers of 13 for evacuation
[2025-05-20T08:45:57.445+0000][84][debug][gc,age      ] GC(7) Desired survivor size 16777216 bytes, new threshold 15 (max threshold 15)
[2025-05-20T08:45:57.453+0000][84][info ][gc,phases   ] GC(7)   Pre Evacuate Collection Set: 0.66ms
[2025-05-20T08:45:57.454+0000][84][info ][gc,phases   ] GC(7)   Merge Heap Roots: 0.45ms
[2025-05-20T08:45:57.454+0000][84][info ][gc,phases   ] GC(7)   Evacuate Collection Set: 4.86ms
[2025-05-20T08:45:57.455+0000][84][info ][gc,phases   ] GC(7)   Post Evacuate Collection Set: 1.91ms
[2025-05-20T08:45:57.455+0000][84][info ][gc,phases   ] GC(7)   Other: 1.19ms
[2025-05-20T08:45:57.456+0000][84][trace][gc,age      ] GC(7) Age table:
[2025-05-20T08:45:57.456+0000][84][trace][gc,age      ] GC(7) - age   1:    3251128 bytes,    3251128 total
[2025-05-20T08:45:57.457+0000][84][trace][gc,age      ] GC(7) - age   2:    1057032 bytes,    4308160 total
[2025-05-20T08:45:57.457+0000][84][trace][gc,age      ] GC(7) - age   3:    2004120 bytes,    6312280 total
[2025-05-20T08:45:57.458+0000][84][trace][gc,age      ] GC(7) - age   4:    2569000 bytes,    8881280 total
[2025-05-20T08:45:57.459+0000][84][trace][gc,age      ] GC(7) - age   5:    3860408 bytes,   12741688 total
[2025-05-20T08:45:57.459+0000][84][trace][gc,age      ] GC(7) - age   6:    2261952 bytes,   15003640 total
[2025-05-20T08:45:57.460+0000][84][info ][gc,heap     ] GC(7) Eden regions: 20->0(76)
[2025-05-20T08:45:57.460+0000][84][info ][gc,heap     ] GC(7) Survivor regions: 4->4(8)
[2025-05-20T08:45:57.461+0000][84][info ][gc,heap     ] GC(7) Old regions: 4->4
[2025-05-20T08:45:57.462+0000][84][info ][gc,heap     ] GC(7) Humongous regions: 0->0
[2025-05-20T08:45:57.462+0000][84][info ][gc,metaspace] GC(7) Metaspace: 34974K(35968K)->34974K(35968K) NonClass: 31041K(31616K)->31041K(31616K) Class: 3932K(4352K)->3932K(4352K)
[2025-05-20T08:45:57.463+0000][84][info ][gc          ] GC(7) Pause Young (Concurrent Start) (Metadata GC Threshold) 107M->30M(3768M) 18.865ms
[2025-05-20T08:45:57.464+0000][84][info ][gc,cpu      ] GC(7) User=0.04s Sys=0.00s Real=0.02s
[2025-05-20T08:45:57.464+0000][84][info ][gc          ] GC(8) Concurrent Mark Cycle
[2025-05-20T08:45:57.465+0000][84][info ][gc,marking  ] GC(8) Concurrent Scan Root Regions
[2025-05-20T08:45:57.464+0000][84][info ][safepoint   ] Safepoint "CollectForMetadataAllocation", Time since last: 768426106 ns, Reaching safepoint: 6232 ns, At safepoint: 20498656 ns, Total: 20504888 ns
[2025-05-20T08:45:57.469+0000][84][info ][gc,marking  ] GC(8) Concurrent Scan Root Regions 4.577ms
[2025-05-20T08:45:57.470+0000][84][info ][gc,marking  ] GC(8) Concurrent Mark
[2025-05-20T08:45:57.470+0000][84][info ][gc,marking  ] GC(8) Concurrent Mark From Roots
[2025-05-20T08:45:57.471+0000][84][info ][gc,task     ] GC(8) Using 3 workers of 3 for marking
[2025-05-20T08:45:57.486+0000][84][info ][gc,marking  ] GC(8) Concurrent Mark From Roots 16.414ms
[2025-05-20T08:45:57.487+0000][84][info ][gc,marking  ] GC(8) Concurrent Preclean
[2025-05-20T08:45:57.487+0000][84][info ][gc,marking  ] GC(8) Concurrent Preclean 0.342ms
[2025-05-20T08:45:57.488+0000][84][info ][safepoint   ] Safepoint "CollectForMetadataAllocation", Time since last: 23061890 ns, Reaching safepoint: 6292 ns, At safepoint: 279060 ns, Total: 285352 ns
[2025-05-20T08:45:57.488+0000][84][info ][gc,start    ] GC(8) Pause Remark
[2025-05-20T08:45:57.497+0000][84][info ][gc          ] GC(8) Pause Remark 32M->32M(3768M) 8.693ms
[2025-05-20T08:45:57.498+0000][84][info ][gc,cpu      ] GC(8) User=0.03s Sys=0.02s Real=0.01s
[2025-05-20T08:45:57.498+0000][84][info ][safepoint   ] Safepoint "G1PauseRemark", Time since last: 465390 ns, Reaching safepoint: 252099 ns, At safepoint: 9365072 ns, Total: 9617171 ns
[2025-05-20T08:45:57.498+0000][84][info ][gc,marking  ] GC(8) Concurrent Mark 28.592ms
[2025-05-20T08:45:57.499+0000][84][info ][gc,marking  ] GC(8) Concurrent Rebuild Remembered Sets and Scrub Regions
[2025-05-20T08:45:57.504+0000][84][info ][gc,marking  ] GC(8) Concurrent Rebuild Remembered Sets and Scrub Regions 5.214ms
[2025-05-20T08:45:57.505+0000][84][info ][gc,start    ] GC(8) Pause Cleanup
[2025-05-20T08:45:57.505+0000][84][info ][gc          ] GC(8) Pause Cleanup 32M->32M(3768M) 0.323ms
[2025-05-20T08:45:57.505+0000][84][info ][gc,cpu      ] GC(8) User=0.00s Sys=0.00s Real=0.00s
[2025-05-20T08:45:57.506+0000][84][info ][safepoint   ] Safepoint "G1PauseCleanup", Time since last: 6847650 ns, Reaching safepoint: 5821 ns, At safepoint: 1559113 ns, Total: 1564934 ns
[2025-05-20T08:45:57.507+0000][84][info ][gc,marking  ] GC(8) Concurrent Clear Claimed Marks
[2025-05-20T08:45:57.507+0000][84][info ][gc,marking  ] GC(8) Concurrent Clear Claimed Marks 0.434ms
[2025-05-20T08:45:57.508+0000][84][info ][gc,marking  ] GC(8) Concurrent Cleanup for Next Mark
[2025-05-20T08:45:57.512+0000][84][info ][gc,marking  ] GC(8) Concurrent Cleanup for Next Mark 4.804ms
[2025-05-20T08:45:57.513+0000][84][info ][gc          ] GC(8) Concurrent Mark Cycle 48.956ms
[2025-05-20T08:45:58.414+0000][84][info ][gc,start    ] GC(9) Pause Young (Normal) (G1 Evacuation Pause)
[2025-05-20T08:45:58.414+0000][84][info ][gc,task     ] GC(9) Using 13 workers of 13 for evacuation
[2025-05-20T08:45:58.415+0000][84][debug][gc,age      ] GC(9) Desired survivor size 20971520 bytes, new threshold 15 (max threshold 15)
[2025-05-20T08:45:58.423+0000][84][info ][gc,phases   ] GC(9)   Pre Evacuate Collection Set: 0.56ms
[2025-05-20T08:45:58.423+0000][84][info ][gc,phases   ] GC(9)   Merge Heap Roots: 0.35ms
[2025-05-20T08:45:58.423+0000][84][info ][gc,phases   ] GC(9)   Evacuate Collection Set: 4.61ms
[2025-05-20T08:45:58.424+0000][84][info ][gc,phases   ] GC(9)   Post Evacuate Collection Set: 1.78ms
[2025-05-20T08:45:58.425+0000][84][info ][gc,phases   ] GC(9)   Other: 0.93ms
[2025-05-20T08:45:58.425+0000][84][trace][gc,age      ] GC(9) Age table:
[2025-05-20T08:45:58.426+0000][84][trace][gc,age      ] GC(9) - age   1:    3892392 bytes,    3892392 total
[2025-05-20T08:45:58.426+0000][84][trace][gc,age      ] GC(9) - age   2:    3228968 bytes,    7121360 total
[2025-05-20T08:45:58.427+0000][84][trace][gc,age      ] GC(9) - age   3:    1056936 bytes,    8178296 total
[2025-05-20T08:45:58.427+0000][84][trace][gc,age      ] GC(9) - age   4:    2003544 bytes,   10181840 total
[2025-05-20T08:45:58.428+0000][84][trace][gc,age      ] GC(9) - age   5:    2568536 bytes,   12750376 total
[2025-05-20T08:45:58.429+0000][84][trace][gc,age      ] GC(9) - age   6:    3853032 bytes,   16603408 total
[2025-05-20T08:45:58.429+0000][84][trace][gc,age      ] GC(9) - age   7:    2261200 bytes,   18864608 total
[2025-05-20T08:45:58.430+0000][84][info ][gc,heap     ] GC(9) Eden regions: 76->0(74)
[2025-05-20T08:45:58.430+0000][84][info ][gc,heap     ] GC(9) Survivor regions: 4->5(10)
[2025-05-20T08:45:58.431+0000][84][info ][gc,heap     ] GC(9) Old regions: 4->4
[2025-05-20T08:45:58.431+0000][84][info ][gc,heap     ] GC(9) Humongous regions: 0->0
[2025-05-20T08:45:58.432+0000][84][info ][gc,metaspace] GC(9) Metaspace: 37095K(38144K)->37095K(38144K) NonClass: 32839K(33472K)->32839K(33472K) Class: 4255K(4672K)->4255K(4672K)
[2025-05-20T08:45:58.432+0000][84][info ][gc          ] GC(9) Pause Young (Normal) (G1 Evacuation Pause) 334M->35M(3768M) 18.152ms
[2025-05-20T08:45:58.433+0000][84][info ][gc,cpu      ] GC(9) User=0.02s Sys=0.02s Real=0.02s
[2025-05-20T08:45:58.433+0000][84][info ][safepoint   ] Safepoint "G1CollectForAllocation", Time since last: 907435171 ns, Reaching safepoint: 117935 ns, At safepoint: 19545304 ns, Total: 19663239 ns
[2025-05-20T08:45:59.456+0000][84][info ][gc,start    ] GC(10) Pause Young (Normal) (G1 Evacuation Pause)
[2025-05-20T08:45:59.457+0000][84][info ][gc,task     ] GC(10) Using 13 workers of 13 for evacuation
[2025-05-20T08:45:59.458+0000][84][debug][gc,age      ] GC(10) Desired survivor size 20971520 bytes, new threshold 15 (max threshold 15)
[2025-05-20T08:45:59.469+0000][84][info ][gc,phases   ] GC(10)   Pre Evacuate Collection Set: 0.57ms
[2025-05-20T08:45:59.470+0000][84][info ][gc,phases   ] GC(10)   Merge Heap Roots: 0.40ms
[2025-05-20T08:45:59.470+0000][84][info ][gc,phases   ] GC(10)   Evacuate Collection Set: 7.82ms
[2025-05-20T08:45:59.470+0000][84][info ][gc,phases   ] GC(10)   Post Evacuate Collection Set: 2.43ms
[2025-05-20T08:45:59.471+0000][84][info ][gc,phases   ] GC(10)   Other: 1.19ms
[2025-05-20T08:45:59.471+0000][84][trace][gc,age      ] GC(10) Age table:
[2025-05-20T08:45:59.472+0000][84][trace][gc,age      ] GC(10) - age   1:    7024040 bytes,    7024040 total
[2025-05-20T08:45:59.472+0000][84][trace][gc,age      ] GC(10) - age   2:    3871280 bytes,   10895320 total
[2025-05-20T08:45:59.473+0000][84][trace][gc,age      ] GC(10) - age   3:    3228872 bytes,   14124192 total
[2025-05-20T08:45:59.473+0000][84][trace][gc,age      ] GC(10) - age   4:    1054872 bytes,   15179064 total
[2025-05-20T08:45:59.474+0000][84][trace][gc,age      ] GC(10) - age   5:    2002656 bytes,   17181720 total
[2025-05-20T08:45:59.475+0000][84][trace][gc,age      ] GC(10) - age   6:    2566888 bytes,   19748608 total
[2025-05-20T08:45:59.475+0000][84][trace][gc,age      ] GC(10) - age   7:    3850304 bytes,   23598912 total
[2025-05-20T08:45:59.476+0000][84][trace][gc,age      ] GC(10) - age   8:    2260488 bytes,   25859400 total
[2025-05-20T08:45:59.476+0000][84][info ][gc,heap     ] GC(10) Eden regions: 74->0(91)
[2025-05-20T08:45:59.476+0000][84][info ][gc,heap     ] GC(10) Survivor regions: 5->7(10)
[2025-05-20T08:45:59.477+0000][84][info ][gc,heap     ] GC(10) Old regions: 4->4
[2025-05-20T08:45:59.477+0000][84][info ][gc,heap     ] GC(10) Humongous regions: 0->0
[2025-05-20T08:45:59.478+0000][84][info ][gc,metaspace] GC(10) Metaspace: 39230K(40448K)->39230K(40448K) NonClass: 34703K(35392K)->34703K(35392K) Class: 4526K(5056K)->4526K(5056K)
[2025-05-20T08:45:59.478+0000][84][info ][gc          ] GC(10) Pause Young (Normal) (G1 Evacuation Pause) 331M->42M(3768M) 21.746ms
[2025-05-20T08:45:59.478+0000][84][info ][gc,cpu      ] GC(10) User=0.05s Sys=0.03s Real=0.02s
[2025-05-20T08:45:59.479+0000][84][info ][safepoint   ] Safepoint "G1CollectForAllocation", Time since last: 1023002445 ns, Reaching safepoint: 8837 ns, At safepoint: 22573384 ns, Total: 22582221 ns
[2025-05-20T08:46:00.290+0000][84][info ][gc,start    ] GC(11) Pause Young (Normal) (G1 Evacuation Pause)
[2025-05-20T08:46:00.290+0000][84][info ][gc,task     ] GC(11) Using 13 workers of 13 for evacuation
[2025-05-20T08:46:00.291+0000][84][debug][gc,age      ] GC(11) Desired survivor size 27262976 bytes, new threshold 15 (max threshold 15)
[2025-05-20T08:46:00.302+0000][84][info ][gc,phases   ] GC(11)   Pre Evacuate Collection Set: 0.60ms
[2025-05-20T08:46:00.302+0000][84][info ][gc,phases   ] GC(11)   Merge Heap Roots: 0.84ms
[2025-05-20T08:46:00.302+0000][84][info ][gc,phases   ] GC(11)   Evacuate Collection Set: 6.46ms
[2025-05-20T08:46:00.303+0000][84][info ][gc,phases   ] GC(11)   Post Evacuate Collection Set: 1.74ms
[2025-05-20T08:46:00.303+0000][84][info ][gc,phases   ] GC(11)   Other: 1.57ms
[2025-05-20T08:46:00.303+0000][84][trace][gc,age      ] GC(11) Age table:
[2025-05-20T08:46:00.304+0000][84][trace][gc,age      ] GC(11) - age   1:    5721776 bytes,    5721776 total
[2025-05-20T08:46:00.304+0000][84][trace][gc,age      ] GC(11) - age   2:    6224408 bytes,   11946184 total
[2025-05-20T08:46:00.305+0000][84][trace][gc,age      ] GC(11) - age   3:    3870976 bytes,   15817160 total
[2025-05-20T08:46:00.305+0000][84][trace][gc,age      ] GC(11) - age   4:    3228872 bytes,   19046032 total
[2025-05-20T08:46:00.306+0000][84][trace][gc,age      ] GC(11) - age   5:    1054872 bytes,   20100904 total
[2025-05-20T08:46:00.306+0000][84][trace][gc,age      ] GC(11) - age   6:    2002192 bytes,   22103096 total
[2025-05-20T08:46:00.307+0000][84][trace][gc,age      ] GC(11) - age   7:    2566696 bytes,   24669792 total
[2025-05-20T08:46:00.307+0000][84][trace][gc,age      ] GC(11) - age   8:    3848544 bytes,   28518336 total
[2025-05-20T08:46:00.307+0000][84][trace][gc,age      ] GC(11) - age   9:    2240584 bytes,   30758920 total
[2025-05-20T08:46:00.308+0000][84][info ][gc,heap     ] GC(11) Eden regions: 91->0(106)
[2025-05-20T08:46:00.308+0000][84][info ][gc,heap     ] GC(11) Survivor regions: 7->9(13)
[2025-05-20T08:46:00.309+0000][84][info ][gc,heap     ] GC(11) Old regions: 4->4
[2025-05-20T08:46:00.309+0000][84][info ][gc,heap     ] GC(11) Humongous regions: 0->0
[2025-05-20T08:46:00.310+0000][84][info ][gc,metaspace] GC(11) Metaspace: 39804K(41024K)->39804K(41024K) NonClass: 35206K(35904K)->35206K(35904K) Class: 4598K(5120K)->4598K(5120K)
[2025-05-20T08:46:00.310+0000][84][info ][gc          ] GC(11) Pause Young (Normal) (G1 Evacuation Pause) 406M->47M(3768M) 20.100ms
[2025-05-20T08:46:00.310+0000][84][info ][gc,cpu      ] GC(11) User=0.04s Sys=0.04s Real=0.02s
[2025-05-20T08:46:00.311+0000][84][info ][safepoint   ] Safepoint "G1CollectForAllocation", Time since last: 810920023 ns, Reaching safepoint: 8366 ns, At safepoint: 21197210 ns, Total: 21205576 ns
[2025-05-20T08:46:07.808+0000][84][info ][gc,start    ] GC(12) Pause Young (Concurrent Start) (Metadata GC Threshold)
[2025-05-20T08:46:07.809+0000][84][info ][gc,task     ] GC(12) Using 13 workers of 13 for evacuation
[2025-05-20T08:46:07.809+0000][84][debug][gc,age      ] GC(12) Desired survivor size 31457280 bytes, new threshold 15 (max threshold 15)
[2025-05-20T08:46:07.826+0000][84][info ][gc,phases   ] GC(12)   Pre Evacuate Collection Set: 0.68ms
[2025-05-20T08:46:07.826+0000][84][info ][gc,phases   ] GC(12)   Merge Heap Roots: 0.42ms
[2025-05-20T08:46:07.826+0000][84][info ][gc,phases   ] GC(12)   Evacuate Collection Set: 11.65ms
[2025-05-20T08:46:07.826+0000][84][info ][gc,phases   ] GC(12)   Post Evacuate Collection Set: 2.92ms
[2025-05-20T08:46:07.827+0000][84][info ][gc,phases   ] GC(12)   Other: 1.16ms
[2025-05-20T08:46:07.827+0000][84][trace][gc,age      ] GC(12) Age table:
[2025-05-20T08:46:07.827+0000][84][trace][gc,age      ] GC(12) - age   1:    6665512 bytes,    6665512 total
[2025-05-20T08:46:07.828+0000][84][trace][gc,age      ] GC(12) - age   2:    3427088 bytes,   10092600 total
[2025-05-20T08:46:07.828+0000][84][trace][gc,age      ] GC(12) - age   3:    6188360 bytes,   16280960 total
[2025-05-20T08:46:07.828+0000][84][trace][gc,age      ] GC(12) - age   4:    3851344 bytes,   20132304 total
[2025-05-20T08:46:07.829+0000][84][trace][gc,age      ] GC(12) - age   5:    3220200 bytes,   23352504 total
[2025-05-20T08:46:07.829+0000][84][trace][gc,age      ] GC(12) - age   6:    1041464 bytes,   24393968 total
[2025-05-20T08:46:07.829+0000][84][trace][gc,age      ] GC(12) - age   7:    1993704 bytes,   26387672 total
[2025-05-20T08:46:07.830+0000][84][trace][gc,age      ] GC(12) - age   8:    2557992 bytes,   28945664 total
[2025-05-20T08:46:07.830+0000][84][trace][gc,age      ] GC(12) - age   9:    3834376 bytes,   32780040 total
[2025-05-20T08:46:07.830+0000][84][trace][gc,age      ] GC(12) - age  10:    2055136 bytes,   34835176 total
[2025-05-20T08:46:07.830+0000][84][info ][gc,heap     ] GC(12) Eden regions: 86->0(150)
[2025-05-20T08:46:07.831+0000][84][info ][gc,heap     ] GC(12) Survivor regions: 9->10(15)
[2025-05-20T08:46:07.831+0000][84][info ][gc,heap     ] GC(12) Old regions: 4->4
[2025-05-20T08:46:07.831+0000][84][info ][gc,heap     ] GC(12) Humongous regions: 0->0
[2025-05-20T08:46:07.832+0000][84][info ][gc,metaspace] GC(12) Metaspace: 58922K(60480K)->58922K(60480K) NonClass: 51671K(52608K)->51671K(52608K) Class: 7250K(7872K)->7250K(7872K)
[2025-05-20T08:46:07.832+0000][84][info ][gc          ] GC(12) Pause Young (Concurrent Start) (Metadata GC Threshold) 391M->52M(3768M) 23.925ms
[2025-05-20T08:46:07.832+0000][84][info ][gc,cpu      ] GC(12) User=0.08s Sys=0.03s Real=0.02s
[2025-05-20T08:46:07.833+0000][84][info ][gc          ] GC(13) Concurrent Mark Cycle
[2025-05-20T08:46:07.833+0000][84][info ][gc,marking  ] GC(13) Concurrent Scan Root Regions
[2025-05-20T08:46:07.833+0000][84][info ][safepoint   ] Safepoint "CollectForMetadataAllocation", Time since last: 7499068093 ns, Reaching safepoint: 4169 ns, At safepoint: 24890978 ns, Total: 24895147 ns
[2025-05-20T08:46:07.840+0000][84][info ][gc,marking  ] GC(13) Concurrent Scan Root Regions 7.187ms
[2025-05-20T08:46:07.841+0000][84][info ][gc,marking  ] GC(13) Concurrent Mark
[2025-05-20T08:46:07.841+0000][84][info ][gc,marking  ] GC(13) Concurrent Mark From Roots
[2025-05-20T08:46:07.841+0000][84][info ][gc,task     ] GC(13) Using 3 workers of 3 for marking
[2025-05-20T08:46:07.856+0000][84][info ][gc,marking  ] GC(13) Concurrent Mark From Roots 14.985ms
[2025-05-20T08:46:07.856+0000][84][info ][gc,marking  ] GC(13) Concurrent Preclean
[2025-05-20T08:46:07.857+0000][84][info ][gc,marking  ] GC(13) Concurrent Preclean 0.332ms
[2025-05-20T08:46:07.857+0000][84][info ][gc,start    ] GC(13) Pause Remark
[2025-05-20T08:46:07.863+0000][84][info ][gc          ] GC(13) Pause Remark 56M->56M(3768M) 6.378ms
[2025-05-20T08:46:07.864+0000][84][info ][gc,cpu      ] GC(13) User=0.01s Sys=0.02s Real=0.01s
[2025-05-20T08:46:07.864+0000][84][info ][safepoint   ] Safepoint "G1PauseRemark", Time since last: 23836035 ns, Reaching safepoint: 118523 ns, At safepoint: 7081770 ns, Total: 7200293 ns
[2025-05-20T08:46:07.864+0000][84][info ][gc,marking  ] GC(13) Concurrent Mark 23.920ms
[2025-05-20T08:46:07.865+0000][84][info ][gc,marking  ] GC(13) Concurrent Rebuild Remembered Sets and Scrub Regions
[2025-05-20T08:46:07.868+0000][84][info ][gc,marking  ] GC(13) Concurrent Rebuild Remembered Sets and Scrub Regions 3.522ms
[2025-05-20T08:46:07.869+0000][84][info ][gc,start    ] GC(13) Pause Cleanup
[2025-05-20T08:46:07.869+0000][84][info ][gc          ] GC(13) Pause Cleanup 56M->56M(3768M) 0.308ms
[2025-05-20T08:46:07.869+0000][84][info ][gc,cpu      ] GC(13) User=0.00s Sys=0.00s Real=0.00s
[2025-05-20T08:46:07.870+0000][84][info ][safepoint   ] Safepoint "G1PauseCleanup", Time since last: 4486459 ns, Reaching safepoint: 105054 ns, At safepoint: 1110482 ns, Total: 1215536 ns
[2025-05-20T08:46:07.870+0000][84][info ][gc,marking  ] GC(13) Concurrent Clear Claimed Marks
[2025-05-20T08:46:07.871+0000][84][info ][gc,marking  ] GC(13) Concurrent Clear Claimed Marks 0.478ms
[2025-05-20T08:46:07.871+0000][84][info ][gc,marking  ] GC(13) Concurrent Cleanup for Next Mark
[2025-05-20T08:46:07.875+0000][84][info ][gc,marking  ] GC(13) Concurrent Cleanup for Next Mark 3.997ms
[2025-05-20T08:46:07.875+0000][84][info ][gc          ] GC(13) Concurrent Mark Cycle 42.596ms
[2025-05-20T08:46:13.950+0000][84][info ][gc,start    ] GC(14) Pause Young (Normal) (G1 Evacuation Pause)
[2025-05-20T08:46:13.951+0000][84][info ][gc,task     ] GC(14) Using 13 workers of 13 for evacuation
[2025-05-20T08:46:13.951+0000][84][debug][gc,age      ] GC(14) Desired survivor size 41943040 bytes, new threshold 15 (max threshold 15)
[2025-05-20T08:46:13.974+0000][84][info ][gc,phases   ] GC(14)   Pre Evacuate Collection Set: 0.51ms
[2025-05-20T08:46:13.974+0000][84][info ][gc,phases   ] GC(14)   Merge Heap Roots: 0.38ms
[2025-05-20T08:46:13.974+0000][84][info ][gc,phases   ] GC(14)   Evacuate Collection Set: 17.70ms
[2025-05-20T08:46:13.975+0000][84][info ][gc,phases   ] GC(14)   Post Evacuate Collection Set: 3.64ms
[2025-05-20T08:46:13.975+0000][84][info ][gc,phases   ] GC(14)   Other: 0.66ms
[2025-05-20T08:46:13.975+0000][84][trace][gc,age      ] GC(14) Age table:
[2025-05-20T08:46:13.975+0000][84][trace][gc,age      ] GC(14) - age   1:   11749032 bytes,   11749032 total
[2025-05-20T08:46:13.976+0000][84][trace][gc,age      ] GC(14) - age   2:    6217464 bytes,   17966496 total
[2025-05-20T08:46:13.976+0000][84][trace][gc,age      ] GC(14) - age   3:    3384968 bytes,   21351464 total
[2025-05-20T08:46:13.976+0000][84][trace][gc,age      ] GC(14) - age   4:    6179440 bytes,   27530904 total
[2025-05-20T08:46:13.976+0000][84][trace][gc,age      ] GC(14) - age   5:    3847848 bytes,   31378752 total
[2025-05-20T08:46:13.976+0000][84][trace][gc,age      ] GC(14) - age   6:    3218280 bytes,   34597032 total
[2025-05-20T08:46:13.977+0000][84][trace][gc,age      ] GC(14) - age   7:    1032104 bytes,   35629136 total
[2025-05-20T08:46:13.977+0000][84][trace][gc,age      ] GC(14) - age   8:    1991160 bytes,   37620296 total
[2025-05-20T08:46:13.977+0000][84][trace][gc,age      ] GC(14) - age   9:    2550640 bytes,   40170936 total
[2025-05-20T08:46:13.977+0000][84][trace][gc,age      ] GC(14) - age  10:    3809720 bytes,   43980656 total
[2025-05-20T08:46:13.978+0000][84][trace][gc,age      ] GC(14) - age  11:    2047240 bytes,   46027896 total
[2025-05-20T08:46:13.978+0000][84][info ][gc,heap     ] GC(14) Eden regions: 147->0(141)
[2025-05-20T08:46:13.978+0000][84][info ][gc,heap     ] GC(14) Survivor regions: 10->13(20)
[2025-05-20T08:46:13.979+0000][84][info ][gc,heap     ] GC(14) Old regions: 4->4
[2025-05-20T08:46:13.979+0000][84][info ][gc,heap     ] GC(14) Humongous regions: 0->0
[2025-05-20T08:46:13.979+0000][84][info ][gc,metaspace] GC(14) Metaspace: 77979K(79936K)->77979K(79936K) NonClass: 67506K(68672K)->67506K(68672K) Class: 10473K(11264K)->10473K(11264K)
[2025-05-20T08:46:13.980+0000][84][info ][gc          ] GC(14) Pause Young (Normal) (G1 Evacuation Pause) 640M->64M(3768M) 29.417ms
[2025-05-20T08:46:13.980+0000][84][info ][gc,cpu      ] GC(14) User=0.26s Sys=0.01s Real=0.03s
[2025-05-20T08:46:13.981+0000][84][info ][safepoint   ] Safepoint "G1CollectForAllocation", Time since last: 6080379369 ns, Reaching safepoint: 6683 ns, At safepoint: 30333680 ns, Total: 30340363 ns
[2025-05-20T08:46:16.846+0000][84][info ][gc,start    ] GC(15) Pause Young (Concurrent Start) (Metadata GC Threshold)
[2025-05-20T08:46:16.846+0000][84][info ][gc,task     ] GC(15) Using 13 workers of 13 for evacuation
[2025-05-20T08:46:16.847+0000][84][debug][gc,age      ] GC(15) Desired survivor size 41943040 bytes, new threshold 10 (max threshold 15)
[2025-05-20T08:46:16.883+0000][84][info ][gc,phases   ] GC(15)   Pre Evacuate Collection Set: 0.81ms
[2025-05-20T08:46:16.883+0000][84][info ][gc,phases   ] GC(15)   Merge Heap Roots: 0.55ms
[2025-05-20T08:46:16.883+0000][84][info ][gc,phases   ] GC(15)   Evacuate Collection Set: 29.34ms
[2025-05-20T08:46:16.884+0000][84][info ][gc,phases   ] GC(15)   Post Evacuate Collection Set: 4.91ms
[2025-05-20T08:46:16.884+0000][84][info ][gc,phases   ] GC(15)   Other: 0.95ms
[2025-05-20T08:46:16.884+0000][84][trace][gc,age      ] GC(15) Age table:
[2025-05-20T08:46:16.884+0000][84][trace][gc,age      ] GC(15) - age   1:    8591904 bytes,    8591904 total
[2025-05-20T08:46:16.884+0000][84][trace][gc,age      ] GC(15) - age   2:   11326880 bytes,   19918784 total
[2025-05-20T08:46:16.885+0000][84][trace][gc,age      ] GC(15) - age   3:    6130400 bytes,   26049184 total
[2025-05-20T08:46:16.885+0000][84][trace][gc,age      ] GC(15) - age   4:    3377264 bytes,   29426448 total
[2025-05-20T08:46:16.885+0000][84][trace][gc,age      ] GC(15) - age   5:    6170360 bytes,   35596808 total
[2025-05-20T08:46:16.885+0000][84][trace][gc,age      ] GC(15) - age   6:    3839264 bytes,   39436072 total
[2025-05-20T08:46:16.886+0000][84][trace][gc,age      ] GC(15) - age   7:    3209776 bytes,   42645848 total
[2025-05-20T08:46:16.886+0000][84][trace][gc,age      ] GC(15) - age   8:    1029528 bytes,   43675376 total
[2025-05-20T08:46:16.887+0000][84][trace][gc,age      ] GC(15) - age   9:    1988496 bytes,   45663872 total
[2025-05-20T08:46:16.887+0000][84][trace][gc,age      ] GC(15) - age  10:    2548024 bytes,   48211896 total
[2025-05-20T08:46:16.887+0000][84][info ][gc,heap     ] GC(15) Eden regions: 84->0(193)
[2025-05-20T08:46:16.887+0000][84][info ][gc,heap     ] GC(15) Survivor regions: 13->13(20)
[2025-05-20T08:46:16.888+0000][84][info ][gc,heap     ] GC(15) Old regions: 4->6
[2025-05-20T08:46:16.888+0000][84][info ][gc,heap     ] GC(15) Humongous regions: 0->0
[2025-05-20T08:46:16.888+0000][84][info ][gc,metaspace] GC(15) Metaspace: 99112K(101248K)->99112K(101248K) NonClass: 85636K(86848K)->85636K(86848K) Class: 13476K(14400K)->13476K(14400K)
[2025-05-20T08:46:16.888+0000][84][info ][gc          ] GC(15) Pause Young (Concurrent Start) (Metadata GC Threshold) 398M->71M(3768M) 42.586ms
[2025-05-20T08:46:16.889+0000][84][info ][gc,cpu      ] GC(15) User=0.34s Sys=0.05s Real=0.05s
[2025-05-20T08:46:16.889+0000][84][info ][gc          ] GC(16) Concurrent Mark Cycle
[2025-05-20T08:46:16.889+0000][84][info ][safepoint   ] Safepoint "CollectForMetadataAllocation", Time since last: 2865197170 ns, Reaching safepoint: 6203 ns, At safepoint: 43406285 ns, Total: 43412488 ns
[2025-05-20T08:46:16.889+0000][84][info ][gc,marking  ] GC(16) Concurrent Scan Root Regions
[2025-05-20T08:46:16.906+0000][84][info ][gc,marking  ] GC(16) Concurrent Scan Root Regions 16.674ms
[2025-05-20T08:46:16.906+0000][84][info ][gc,marking  ] GC(16) Concurrent Mark
[2025-05-20T08:46:16.907+0000][84][info ][gc,marking  ] GC(16) Concurrent Mark From Roots
[2025-05-20T08:46:16.907+0000][84][info ][gc,task     ] GC(16) Using 3 workers of 3 for marking
[2025-05-20T08:46:16.923+0000][84][info ][gc,marking  ] GC(16) Concurrent Mark From Roots 16.869ms
[2025-05-20T08:46:16.924+0000][84][info ][gc,marking  ] GC(16) Concurrent Preclean
[2025-05-20T08:46:16.924+0000][84][info ][gc,marking  ] GC(16) Concurrent Preclean 0.402ms
[2025-05-20T08:46:16.925+0000][84][info ][gc,start    ] GC(16) Pause Remark
[2025-05-20T08:46:16.933+0000][84][info ][gc          ] GC(16) Pause Remark 75M->75M(3768M) 8.379ms
[2025-05-20T08:46:16.933+0000][84][info ][gc,cpu      ] GC(16) User=0.05s Sys=0.00s Real=0.01s
[2025-05-20T08:46:16.934+0000][84][info ][safepoint   ] Safepoint "G1PauseRemark", Time since last: 35516591 ns, Reaching safepoint: 7756 ns, At safepoint: 9068880 ns, Total: 9076636 ns
[2025-05-20T08:46:16.934+0000][84][info ][gc,marking  ] GC(16) Concurrent Mark 27.748ms
[2025-05-20T08:46:16.934+0000][84][info ][gc,marking  ] GC(16) Concurrent Rebuild Remembered Sets and Scrub Regions
[2025-05-20T08:46:16.940+0000][84][info ][gc,marking  ] GC(16) Concurrent Rebuild Remembered Sets and Scrub Regions 5.413ms
[2025-05-20T08:46:16.941+0000][84][info ][gc,start    ] GC(16) Pause Cleanup
[2025-05-20T08:46:16.941+0000][84][info ][gc          ] GC(16) Pause Cleanup 75M->75M(3768M) 0.319ms
[2025-05-20T08:46:16.941+0000][84][info ][gc,cpu      ] GC(16) User=0.00s Sys=0.00s Real=0.00s
[2025-05-20T08:46:16.942+0000][84][info ][safepoint   ] Safepoint "G1PauseCleanup", Time since last: 6426688 ns, Reaching safepoint: 625321 ns, At safepoint: 906860 ns, Total: 1532181 ns
[2025-05-20T08:46:16.942+0000][84][info ][gc,marking  ] GC(16) Concurrent Clear Claimed Marks
[2025-05-20T08:46:16.942+0000][84][info ][gc,marking  ] GC(16) Concurrent Clear Claimed Marks 0.443ms
[2025-05-20T08:46:16.943+0000][84][info ][gc,marking  ] GC(16) Concurrent Cleanup for Next Mark
[2025-05-20T08:46:16.946+0000][84][info ][gc,marking  ] GC(16) Concurrent Cleanup for Next Mark 3.729ms
[2025-05-20T08:46:16.947+0000][84][info ][gc          ] GC(16) Concurrent Mark Cycle 58.291ms
