[2025-05-10T13:33:57.226+0000][79][info][gc,init] CardTable entry size: 512
[2025-05-10T13:33:57.227+0000][79][info][gc     ] Using G1
[2025-05-10T13:33:58.797+0000][79][info][gc,init] Version: 23+37-2369 (release)
[2025-05-10T13:33:58.798+0000][79][info][gc,init] CPUs: 16 total, 16 available
[2025-05-10T13:33:58.798+0000][79][info][gc,init] Memory: 6780M
[2025-05-10T13:33:58.798+0000][79][info][gc,init] Large Page Support: Disabled
[2025-05-10T13:33:58.799+0000][79][info][gc,init] NUMA Support: Disabled
[2025-05-10T13:33:58.799+0000][79][info][gc,init] Compressed Oops: Enabled (Zero based)
[2025-05-10T13:33:58.799+0000][79][info][gc,init] Heap Region Size: 4M
[2025-05-10T13:33:58.800+0000][79][info][gc,init] Heap Min Capacity: 3392M
[2025-05-10T13:33:58.800+0000][79][info][gc,init] Heap Initial Capacity: 3392M
[2025-05-10T13:33:58.800+0000][79][info][gc,init] Heap Max Capacity: 3392M
[2025-05-10T13:33:58.800+0000][79][info][gc,init] Pre-touch: Enabled
[2025-05-10T13:33:58.801+0000][79][info][gc,init] Parallel Workers: 13
[2025-05-10T13:33:58.801+0000][79][info][gc,init] Concurrent Workers: 3
[2025-05-10T13:33:58.801+0000][79][info][gc,init] Concurrent Refinement Workers: 13
[2025-05-10T13:33:58.801+0000][79][info][gc,init] Periodic GC: Disabled
[2025-05-10T13:33:58.883+0000][79][info][gc,metaspace] CDS archive(s) mapped at: [0x00007f9d7e000000-0x00007f9d7ed8e000-0x00007f9d7ed8e000), size 14213120, SharedBaseAddress: 0x00007f9d7e000000, ArchiveRelocationMode: 1.
[2025-05-10T13:33:58.883+0000][79][info][gc,metaspace] Compressed class space mapped at: 0x00007f9d7f000000-0x00007f9dbf000000, reserved size: 1073741824
[2025-05-10T13:33:58.883+0000][79][info][gc,metaspace] Narrow klass base: 0x00007f9d7e000000, Narrow klass shift: 0, Narrow klass range: 0x100000000
[2025-05-10T13:34:01.655+0000][79][info][gc,start    ] GC(0) Pause Young (Normal) (G1 Evacuation Pause)
[2025-05-10T13:34:01.655+0000][79][info][gc,task     ] GC(0) Using 13 workers of 13 for evacuation
[2025-05-10T13:34:01.655+0000][79][debug][gc,age      ] GC(0) Desired survivor size 12582912 bytes, new threshold 15 (max threshold 15)
[2025-05-10T13:34:01.663+0000][79][info ][gc,phases   ] GC(0)   Pre Evacuate Collection Set: 0.49ms
[2025-05-10T13:34:01.663+0000][79][info ][gc,phases   ] GC(0)   Merge Heap Roots: 0.35ms
[2025-05-10T13:34:01.663+0000][79][info ][gc,phases   ] GC(0)   Evacuate Collection Set: 4.27ms
[2025-05-10T13:34:01.664+0000][79][info ][gc,phases   ] GC(0)   Post Evacuate Collection Set: 1.60ms
[2025-05-10T13:34:01.664+0000][79][info ][gc,phases   ] GC(0)   Other: 0.71ms
[2025-05-10T13:34:01.664+0000][79][trace][gc,age      ] GC(0) Age table:
[2025-05-10T13:34:01.664+0000][79][trace][gc,age      ] GC(0) - age   1:   13080312 bytes,   13080312 total
[2025-05-10T13:34:01.665+0000][79][info ][gc,heap     ] GC(0) Eden regions: 42->0(38)
[2025-05-10T13:34:01.665+0000][79][info ][gc,heap     ] GC(0) Survivor regions: 0->4(6)
[2025-05-10T13:34:01.665+0000][79][info ][gc,heap     ] GC(0) Old regions: 1->1
[2025-05-10T13:34:01.665+0000][79][info ][gc,heap     ] GC(0) Humongous regions: 0->0
[2025-05-10T13:34:01.666+0000][79][info ][gc,metaspace] GC(0) Metaspace: 18595K(19392K)->18595K(19392K) NonClass: 16493K(16960K)->16493K(16960K) Class: 2102K(2432K)->2102K(2432K)
[2025-05-10T13:34:01.666+0000][79][info ][gc          ] GC(0) Pause Young (Normal) (G1 Evacuation Pause) 169M->14M(3392M) 11.114ms
[2025-05-10T13:34:01.666+0000][79][info ][gc,cpu      ] GC(0) User=0.01s Sys=0.04s Real=0.01s
[2025-05-10T13:34:01.666+0000][79][info ][safepoint   ] Safepoint "G1CollectForAllocation", Time since last: 2761633582 ns, Reaching safepoint: 5841 ns, At safepoint: 11732818 ns, Total: 11738659 ns
[2025-05-10T13:34:01.829+0000][79][info ][gc,start    ] GC(1) Pause Young (Concurrent Start) (Metadata GC Threshold)
[2025-05-10T13:34:01.829+0000][79][info ][gc,task     ] GC(1) Using 13 workers of 13 for evacuation
[2025-05-10T13:34:01.830+0000][79][debug][gc,age      ] GC(1) Desired survivor size 12582912 bytes, new threshold 1 (max threshold 15)
[2025-05-10T13:34:01.836+0000][79][info ][gc,phases   ] GC(1)   Pre Evacuate Collection Set: 0.36ms
[2025-05-10T13:34:01.837+0000][79][info ][gc,phases   ] GC(1)   Merge Heap Roots: 0.15ms
[2025-05-10T13:34:01.837+0000][79][info ][gc,phases   ] GC(1)   Evacuate Collection Set: 4.02ms
[2025-05-10T13:34:01.837+0000][79][info ][gc,phases   ] GC(1)   Post Evacuate Collection Set: 1.78ms
[2025-05-10T13:34:01.837+0000][79][info ][gc,phases   ] GC(1)   Other: 0.65ms
[2025-05-10T13:34:01.837+0000][79][trace][gc,age      ] GC(1) Age table:
[2025-05-10T13:34:01.838+0000][79][trace][gc,age      ] GC(1) - age   1:    1156744 bytes,    1156744 total
[2025-05-10T13:34:01.838+0000][79][info ][gc,heap     ] GC(1) Eden regions: 4->0(41)
[2025-05-10T13:34:01.838+0000][79][info ][gc,heap     ] GC(1) Survivor regions: 4->1(6)
[2025-05-10T13:34:01.839+0000][79][info ][gc,heap     ] GC(1) Old regions: 1->5
[2025-05-10T13:34:01.839+0000][79][info ][gc,heap     ] GC(1) Humongous regions: 0->0
[2025-05-10T13:34:01.839+0000][79][info ][gc,metaspace] GC(1) Metaspace: 20714K(21504K)->20714K(21504K) NonClass: 18384K(18816K)->18384K(18816K) Class: 2330K(2688K)->2330K(2688K)
[2025-05-10T13:34:01.839+0000][79][info ][gc          ] GC(1) Pause Young (Concurrent Start) (Metadata GC Threshold) 28M->16M(3392M) 10.160ms
[2025-05-10T13:34:01.840+0000][79][info ][gc,cpu      ] GC(1) User=0.04s Sys=0.00s Real=0.01s
[2025-05-10T13:34:01.840+0000][79][info ][gc          ] GC(2) Concurrent Mark Cycle
[2025-05-10T13:34:01.841+0000][79][info ][gc,marking  ] GC(2) Concurrent Scan Root Regions
[2025-05-10T13:34:01.841+0000][79][info ][safepoint   ] Safepoint "CollectForMetadataAllocation", Time since last: 162721227 ns, Reaching safepoint: 4689 ns, At safepoint: 11501842 ns, Total: 11506531 ns
[2025-05-10T13:34:01.844+0000][79][info ][gc,marking  ] GC(2) Concurrent Scan Root Regions 3.606ms
[2025-05-10T13:34:01.844+0000][79][info ][gc,marking  ] GC(2) Concurrent Mark
[2025-05-10T13:34:01.845+0000][79][info ][gc,marking  ] GC(2) Concurrent Mark From Roots
[2025-05-10T13:34:01.845+0000][79][info ][gc,task     ] GC(2) Using 3 workers of 3 for marking
[2025-05-10T13:34:01.847+0000][79][info ][gc,marking  ] GC(2) Concurrent Mark From Roots 2.224ms
[2025-05-10T13:34:01.847+0000][79][info ][gc,marking  ] GC(2) Concurrent Preclean
[2025-05-10T13:34:01.847+0000][79][info ][gc,marking  ] GC(2) Concurrent Preclean 0.284ms
[2025-05-10T13:34:01.848+0000][79][info ][gc,start    ] GC(2) Pause Remark
[2025-05-10T13:34:01.852+0000][79][info ][gc          ] GC(2) Pause Remark 19M->19M(3392M) 3.776ms
[2025-05-10T13:34:01.852+0000][79][info ][gc,cpu      ] GC(2) User=0.01s Sys=0.00s Real=0.00s
[2025-05-10T13:34:01.852+0000][79][info ][safepoint   ] Safepoint "G1PauseRemark", Time since last: 6979899 ns, Reaching safepoint: 100463 ns, At safepoint: 4199727 ns, Total: 4300190 ns
[2025-05-10T13:34:01.852+0000][79][info ][gc,marking  ] GC(2) Concurrent Mark 7.772ms
[2025-05-10T13:34:01.852+0000][79][info ][gc,marking  ] GC(2) Concurrent Rebuild Remembered Sets and Scrub Regions
[2025-05-10T13:34:01.856+0000][79][info ][gc,marking  ] GC(2) Concurrent Rebuild Remembered Sets and Scrub Regions 3.348ms
[2025-05-10T13:34:01.856+0000][79][info ][gc,start    ] GC(2) Pause Cleanup
[2025-05-10T13:34:01.856+0000][79][info ][gc          ] GC(2) Pause Cleanup 19M->19M(3392M) 0.222ms
[2025-05-10T13:34:01.856+0000][79][info ][gc,cpu      ] GC(2) User=0.00s Sys=0.00s Real=0.00s
[2025-05-10T13:34:01.857+0000][79][info ][safepoint   ] Safepoint "G1PauseCleanup", Time since last: 4107028 ns, Reaching safepoint: 6182 ns, At safepoint: 597371 ns, Total: 603553 ns
[2025-05-10T13:34:01.857+0000][79][info ][gc,marking  ] GC(2) Concurrent Clear Claimed Marks
[2025-05-10T13:34:01.857+0000][79][info ][gc,marking  ] GC(2) Concurrent Clear Claimed Marks 0.327ms
[2025-05-10T13:34:01.857+0000][79][info ][gc,marking  ] GC(2) Concurrent Cleanup for Next Mark
[2025-05-10T13:34:01.862+0000][79][info ][gc,marking  ] GC(2) Concurrent Cleanup for Next Mark 4.395ms
[2025-05-10T13:34:01.863+0000][79][info ][gc          ] GC(2) Concurrent Mark Cycle 23.076ms
[2025-05-10T13:34:02.899+0000][79][info ][gc,start    ] GC(3) Pause Young (Prepare Mixed) (G1 Evacuation Pause)
[2025-05-10T13:34:02.899+0000][79][info ][gc,task     ] GC(3) Using 13 workers of 13 for evacuation
[2025-05-10T13:34:02.899+0000][79][debug][gc,age      ] GC(3) Desired survivor size 12582912 bytes, new threshold 15 (max threshold 15)
[2025-05-10T13:34:02.902+0000][79][info ][gc,phases   ] GC(3)   Pre Evacuate Collection Set: 0.32ms
[2025-05-10T13:34:02.903+0000][79][info ][gc,phases   ] GC(3)   Merge Heap Roots: 0.15ms
[2025-05-10T13:34:02.903+0000][79][info ][gc,phases   ] GC(3)   Evacuate Collection Set: 1.42ms
[2025-05-10T13:34:02.903+0000][79][info ][gc,phases   ] GC(3)   Post Evacuate Collection Set: 0.70ms
[2025-05-10T13:34:02.903+0000][79][info ][gc,phases   ] GC(3)   Other: 0.52ms
[2025-05-10T13:34:02.903+0000][79][trace][gc,age      ] GC(3) Age table:
[2025-05-10T13:34:02.904+0000][79][trace][gc,age      ] GC(3) - age   1:    3094888 bytes,    3094888 total
[2025-05-10T13:34:02.904+0000][79][trace][gc,age      ] GC(3) - age   2:     342528 bytes,    3437416 total
[2025-05-10T13:34:02.904+0000][79][info ][gc,heap     ] GC(3) Eden regions: 41->0(41)
[2025-05-10T13:34:02.904+0000][79][info ][gc,heap     ] GC(3) Survivor regions: 1->1(6)
[2025-05-10T13:34:02.904+0000][79][info ][gc,heap     ] GC(3) Old regions: 5->5
[2025-05-10T13:34:02.905+0000][79][info ][gc,heap     ] GC(3) Humongous regions: 0->0
[2025-05-10T13:34:02.905+0000][79][info ][gc,metaspace] GC(3) Metaspace: 23759K(24576K)->23759K(24576K) NonClass: 21075K(21568K)->21075K(21568K) Class: 2683K(3008K)->2683K(3008K)
[2025-05-10T13:34:02.905+0000][79][info ][gc          ] GC(3) Pause Young (Prepare Mixed) (G1 Evacuation Pause) 180M->17M(3392M) 6.196ms
[2025-05-10T13:34:02.906+0000][79][info ][gc,cpu      ] GC(3) User=0.01s Sys=0.02s Real=0.01s
[2025-05-10T13:34:02.906+0000][79][info ][safepoint   ] Safepoint "G1CollectForAllocation", Time since last: 1042420947 ns, Reaching safepoint: 6002 ns, At safepoint: 6798494 ns, Total: 6804496 ns
[2025-05-10T13:34:03.772+0000][79][info ][gc,start    ] GC(4) Pause Young (Mixed) (G1 Evacuation Pause)
[2025-05-10T13:34:03.773+0000][79][info ][gc,task     ] GC(4) Using 13 workers of 13 for evacuation
[2025-05-10T13:34:03.773+0000][79][debug][gc,age      ] GC(4) Desired survivor size 12582912 bytes, new threshold 15 (max threshold 15)
[2025-05-10T13:34:03.778+0000][79][info ][gc,phases   ] GC(4)   Pre Evacuate Collection Set: 0.21ms
[2025-05-10T13:34:03.778+0000][79][info ][gc,phases   ] GC(4)   Merge Heap Roots: 0.14ms
[2025-05-10T13:34:03.778+0000][79][info ][gc,phases   ] GC(4)   Evacuate Collection Set: 3.49ms
[2025-05-10T13:34:03.779+0000][79][info ][gc,phases   ] GC(4)   Post Evacuate Collection Set: 1.01ms
[2025-05-10T13:34:03.779+0000][79][info ][gc,phases   ] GC(4)   Other: 0.45ms
[2025-05-10T13:34:03.779+0000][79][trace][gc,age      ] GC(4) Age table:
[2025-05-10T13:34:03.779+0000][79][trace][gc,age      ] GC(4) - age   1:    4534720 bytes,    4534720 total
[2025-05-10T13:34:03.780+0000][79][trace][gc,age      ] GC(4) - age   2:    2243544 bytes,    6778264 total
[2025-05-10T13:34:03.780+0000][79][trace][gc,age      ] GC(4) - age   3:     333984 bytes,    7112248 total
[2025-05-10T13:34:03.780+0000][79][info ][gc,heap     ] GC(4) Eden regions: 41->0(40)
[2025-05-10T13:34:03.780+0000][79][info ][gc,heap     ] GC(4) Survivor regions: 1->2(6)
[2025-05-10T13:34:03.780+0000][79][info ][gc,heap     ] GC(4) Old regions: 5->4
[2025-05-10T13:34:03.781+0000][79][info ][gc,heap     ] GC(4) Humongous regions: 0->0
[2025-05-10T13:34:03.781+0000][79][info ][gc,metaspace] GC(4) Metaspace: 29443K(30336K)->29443K(30336K) NonClass: 26114K(26624K)->26114K(26624K) Class: 3329K(3712K)->3329K(3712K)
[2025-05-10T13:34:03.781+0000][79][info ][gc          ] GC(4) Pause Young (Mixed) (G1 Evacuation Pause) 181M->21M(3392M) 8.798ms
[2025-05-10T13:34:03.781+0000][79][info ][gc,cpu      ] GC(4) User=0.01s Sys=0.02s Real=0.00s
[2025-05-10T13:34:03.781+0000][79][info ][safepoint   ] Safepoint "G1CollectForAllocation", Time since last: 866371427 ns, Reaching safepoint: 4439 ns, At safepoint: 9207847 ns, Total: 9212286 ns
[2025-05-10T13:34:04.234+0000][79][info ][gc,start    ] GC(5) Pause Young (Normal) (G1 Evacuation Pause)
[2025-05-10T13:34:04.235+0000][79][info ][gc,task     ] GC(5) Using 13 workers of 13 for evacuation
[2025-05-10T13:34:04.235+0000][79][debug][gc,age      ] GC(5) Desired survivor size 12582912 bytes, new threshold 15 (max threshold 15)
[2025-05-10T13:34:04.239+0000][79][info ][gc,phases   ] GC(5)   Pre Evacuate Collection Set: 0.33ms
[2025-05-10T13:34:04.239+0000][79][info ][gc,phases   ] GC(5)   Merge Heap Roots: 0.16ms
[2025-05-10T13:34:04.239+0000][79][info ][gc,phases   ] GC(5)   Evacuate Collection Set: 2.51ms
[2025-05-10T13:34:04.240+0000][79][info ][gc,phases   ] GC(5)   Post Evacuate Collection Set: 0.84ms
[2025-05-10T13:34:04.240+0000][79][info ][gc,phases   ] GC(5)   Other: 0.45ms
[2025-05-10T13:34:04.240+0000][79][trace][gc,age      ] GC(5) Age table:
[2025-05-10T13:34:04.240+0000][79][trace][gc,age      ] GC(5) - age   1:    2189520 bytes,    2189520 total
[2025-05-10T13:34:04.241+0000][79][trace][gc,age      ] GC(5) - age   2:    3856520 bytes,    6046040 total
[2025-05-10T13:34:04.241+0000][79][trace][gc,age      ] GC(5) - age   3:    2243496 bytes,    8289536 total
[2025-05-10T13:34:04.241+0000][79][trace][gc,age      ] GC(5) - age   4:     333984 bytes,    8623520 total
[2025-05-10T13:34:04.241+0000][79][info ][gc,heap     ] GC(5) Eden regions: 40->0(52)
[2025-05-10T13:34:04.242+0000][79][info ][gc,heap     ] GC(5) Survivor regions: 2->3(6)
[2025-05-10T13:34:04.242+0000][79][info ][gc,heap     ] GC(5) Old regions: 4->4
[2025-05-10T13:34:04.242+0000][79][info ][gc,heap     ] GC(5) Humongous regions: 0->0
[2025-05-10T13:34:04.242+0000][79][info ][gc,metaspace] GC(5) Metaspace: 30411K(31424K)->30411K(31424K) NonClass: 26942K(27520K)->26942K(27520K) Class: 3468K(3904K)->3468K(3904K)
[2025-05-10T13:34:04.243+0000][79][info ][gc          ] GC(5) Pause Young (Normal) (G1 Evacuation Pause) 181M->22M(3392M) 8.134ms
[2025-05-10T13:34:04.243+0000][79][info ][gc,cpu      ] GC(5) User=0.02s Sys=0.01s Real=0.01s
[2025-05-10T13:34:04.243+0000][79][info ][safepoint   ] Safepoint "G1CollectForAllocation", Time since last: 452997918 ns, Reaching safepoint: 6492 ns, At safepoint: 8623104 ns, Total: 8629596 ns
[2025-05-10T13:34:04.627+0000][79][info ][gc,start    ] GC(6) Pause Young (Normal) (G1 Evacuation Pause)
[2025-05-10T13:34:04.627+0000][79][info ][gc,task     ] GC(6) Using 13 workers of 13 for evacuation
[2025-05-10T13:34:04.628+0000][79][debug][gc,age      ] GC(6) Desired survivor size 14680064 bytes, new threshold 15 (max threshold 15)
[2025-05-10T13:34:04.632+0000][79][info ][gc,phases   ] GC(6)   Pre Evacuate Collection Set: 0.23ms
[2025-05-10T13:34:04.632+0000][79][info ][gc,phases   ] GC(6)   Merge Heap Roots: 0.13ms
[2025-05-10T13:34:04.632+0000][79][info ][gc,phases   ] GC(6)   Evacuate Collection Set: 2.60ms
[2025-05-10T13:34:04.633+0000][79][info ][gc,phases   ] GC(6)   Post Evacuate Collection Set: 0.84ms
[2025-05-10T13:34:04.633+0000][79][info ][gc,phases   ] GC(6)   Other: 0.72ms
[2025-05-10T13:34:04.633+0000][79][trace][gc,age      ] GC(6) Age table:
[2025-05-10T13:34:04.633+0000][79][trace][gc,age      ] GC(6) - age   1:    3599720 bytes,    3599720 total
[2025-05-10T13:34:04.634+0000][79][trace][gc,age      ] GC(6) - age   2:    2105560 bytes,    5705280 total
[2025-05-10T13:34:04.634+0000][79][trace][gc,age      ] GC(6) - age   3:    3855912 bytes,    9561192 total
[2025-05-10T13:34:04.634+0000][79][trace][gc,age      ] GC(6) - age   4:    2243312 bytes,   11804504 total
[2025-05-10T13:34:04.634+0000][79][trace][gc,age      ] GC(6) - age   5:     333984 bytes,   12138488 total
[2025-05-10T13:34:04.635+0000][79][info ][gc,heap     ] GC(6) Eden regions: 52->0(52)
[2025-05-10T13:34:04.635+0000][79][info ][gc,heap     ] GC(6) Survivor regions: 3->4(7)
[2025-05-10T13:34:04.635+0000][79][info ][gc,heap     ] GC(6) Old regions: 4->4
[2025-05-10T13:34:04.636+0000][79][info ][gc,heap     ] GC(6) Humongous regions: 0->0
[2025-05-10T13:34:04.636+0000][79][info ][gc,metaspace] GC(6) Metaspace: 30856K(31936K)->30856K(31936K) NonClass: 27336K(27968K)->27336K(27968K) Class: 3519K(3968K)->3519K(3968K)
[2025-05-10T13:34:04.636+0000][79][info ][gc          ] GC(6) Pause Young (Normal) (G1 Evacuation Pause) 230M->26M(3392M) 9.016ms
[2025-05-10T13:34:04.636+0000][79][info ][gc,cpu      ] GC(6) User=0.01s Sys=0.02s Real=0.01s
[2025-05-10T13:34:04.637+0000][79][info ][safepoint   ] Safepoint "G1CollectForAllocation", Time since last: 383873291 ns, Reaching safepoint: 4879 ns, At safepoint: 9665423 ns, Total: 9670302 ns
[2025-05-10T13:34:05.450+0000][79][info ][gc,start    ] GC(7) Pause Young (Normal) (G1 Evacuation Pause)
[2025-05-10T13:34:05.450+0000][79][info ][gc,task     ] GC(7) Using 13 workers of 13 for evacuation
[2025-05-10T13:34:05.450+0000][79][debug][gc,age      ] GC(7) Desired survivor size 14680064 bytes, new threshold 15 (max threshold 15)
[2025-05-10T13:34:05.455+0000][79][info ][gc,phases   ] GC(7)   Pre Evacuate Collection Set: 0.26ms
[2025-05-10T13:34:05.455+0000][79][info ][gc,phases   ] GC(7)   Merge Heap Roots: 0.13ms
[2025-05-10T13:34:05.455+0000][79][info ][gc,phases   ] GC(7)   Evacuate Collection Set: 3.11ms
[2025-05-10T13:34:05.456+0000][79][info ][gc,phases   ] GC(7)   Post Evacuate Collection Set: 0.85ms
[2025-05-10T13:34:05.456+0000][79][info ][gc,phases   ] GC(7)   Other: 0.49ms
[2025-05-10T13:34:05.456+0000][79][trace][gc,age      ] GC(7) Age table:
[2025-05-10T13:34:05.457+0000][79][trace][gc,age      ] GC(7) - age   1:    4040752 bytes,    4040752 total
[2025-05-10T13:34:05.457+0000][79][trace][gc,age      ] GC(7) - age   2:    2509640 bytes,    6550392 total
[2025-05-10T13:34:05.457+0000][79][trace][gc,age      ] GC(7) - age   3:    2102984 bytes,    8653376 total
[2025-05-10T13:34:05.457+0000][79][trace][gc,age      ] GC(7) - age   4:    3852200 bytes,   12505576 total
[2025-05-10T13:34:05.458+0000][79][trace][gc,age      ] GC(7) - age   5:    2242112 bytes,   14747688 total
[2025-05-10T13:34:05.458+0000][79][trace][gc,age      ] GC(7) - age   6:     333952 bytes,   15081640 total
[2025-05-10T13:34:05.458+0000][79][info ][gc,heap     ] GC(7) Eden regions: 52->0(71)
[2025-05-10T13:34:05.459+0000][79][info ][gc,heap     ] GC(7) Survivor regions: 4->4(7)
[2025-05-10T13:34:05.459+0000][79][info ][gc,heap     ] GC(7) Old regions: 4->4
[2025-05-10T13:34:05.459+0000][79][info ][gc,heap     ] GC(7) Humongous regions: 0->0
[2025-05-10T13:34:05.460+0000][79][info ][gc,metaspace] GC(7) Metaspace: 32596K(33600K)->32596K(33600K) NonClass: 28876K(29504K)->28876K(29504K) Class: 3719K(4096K)->3719K(4096K)
[2025-05-10T13:34:05.460+0000][79][info ][gc          ] GC(7) Pause Young (Normal) (G1 Evacuation Pause) 234M->29M(3392M) 10.367ms
[2025-05-10T13:34:05.460+0000][79][info ][gc,cpu      ] GC(7) User=0.04s Sys=0.00s Real=0.01s
[2025-05-10T13:34:05.461+0000][79][info ][safepoint   ] Safepoint "G1CollectForAllocation", Time since last: 813087354 ns, Reaching safepoint: 4288 ns, At safepoint: 11099552 ns, Total: 11103840 ns
[2025-05-10T13:34:05.617+0000][79][info ][gc,start    ] GC(8) Pause Young (Concurrent Start) (Metadata GC Threshold)
[2025-05-10T13:34:05.617+0000][79][info ][gc,task     ] GC(8) Using 13 workers of 13 for evacuation
[2025-05-10T13:34:05.617+0000][79][debug][gc,age      ] GC(8) Desired survivor size 20971520 bytes, new threshold 15 (max threshold 15)
[2025-05-10T13:34:05.623+0000][79][info ][gc,phases   ] GC(8)   Pre Evacuate Collection Set: 0.39ms
[2025-05-10T13:34:05.623+0000][79][info ][gc,phases   ] GC(8)   Merge Heap Roots: 0.17ms
[2025-05-10T13:34:05.624+0000][79][info ][gc,phases   ] GC(8)   Evacuate Collection Set: 3.60ms
[2025-05-10T13:34:05.624+0000][79][info ][gc,phases   ] GC(8)   Post Evacuate Collection Set: 1.07ms
[2025-05-10T13:34:05.624+0000][79][info ][gc,phases   ] GC(8)   Other: 0.58ms
[2025-05-10T13:34:05.625+0000][79][trace][gc,age      ] GC(8) Age table:
[2025-05-10T13:34:05.625+0000][79][trace][gc,age      ] GC(8) - age   1:     293472 bytes,     293472 total
[2025-05-10T13:34:05.625+0000][79][trace][gc,age      ] GC(8) - age   2:    4024608 bytes,    4318080 total
[2025-05-10T13:34:05.626+0000][79][trace][gc,age      ] GC(8) - age   3:    2509608 bytes,    6827688 total
[2025-05-10T13:34:05.626+0000][79][trace][gc,age      ] GC(8) - age   4:    2102984 bytes,    8930672 total
[2025-05-10T13:34:05.626+0000][79][trace][gc,age      ] GC(8) - age   5:    3852056 bytes,   12782728 total
[2025-05-10T13:34:05.627+0000][79][trace][gc,age      ] GC(8) - age   6:    2242112 bytes,   15024840 total
[2025-05-10T13:34:05.627+0000][79][trace][gc,age      ] GC(8) - age   7:     333952 bytes,   15358792 total
[2025-05-10T13:34:05.627+0000][79][info ][gc,heap     ] GC(8) Eden regions: 3->0(97)
[2025-05-10T13:34:05.627+0000][79][info ][gc,heap     ] GC(8) Survivor regions: 4->5(10)
[2025-05-10T13:34:05.628+0000][79][info ][gc,heap     ] GC(8) Old regions: 4->4
[2025-05-10T13:34:05.628+0000][79][info ][gc,heap     ] GC(8) Humongous regions: 0->0
[2025-05-10T13:34:05.628+0000][79][info ][gc,metaspace] GC(8) Metaspace: 35104K(36096K)->35104K(36096K) NonClass: 31136K(31744K)->31136K(31744K) Class: 3968K(4352K)->3968K(4352K)
[2025-05-10T13:34:05.629+0000][79][info ][gc          ] GC(8) Pause Young (Concurrent Start) (Metadata GC Threshold) 41M->30M(3392M) 11.939ms
[2025-05-10T13:34:05.629+0000][79][info ][gc,cpu      ] GC(8) User=0.03s Sys=0.00s Real=0.01s
[2025-05-10T13:34:05.629+0000][79][info ][gc          ] GC(9) Concurrent Mark Cycle
[2025-05-10T13:34:05.630+0000][79][info ][gc,marking  ] GC(9) Concurrent Scan Root Regions
[2025-05-10T13:34:05.630+0000][79][info ][safepoint   ] Safepoint "CollectForMetadataAllocation", Time since last: 156026857 ns, Reaching safepoint: 5030 ns, At safepoint: 12711387 ns, Total: 12716417 ns
[2025-05-10T13:34:05.633+0000][79][info ][gc,marking  ] GC(9) Concurrent Scan Root Regions 2.915ms
[2025-05-10T13:34:05.633+0000][79][info ][gc,marking  ] GC(9) Concurrent Mark
[2025-05-10T13:34:05.633+0000][79][info ][gc,marking  ] GC(9) Concurrent Mark From Roots
[2025-05-10T13:34:05.633+0000][79][info ][gc,task     ] GC(9) Using 3 workers of 3 for marking
[2025-05-10T13:34:05.643+0000][79][info ][gc,marking  ] GC(9) Concurrent Mark From Roots 9.217ms
[2025-05-10T13:34:05.643+0000][79][info ][gc,marking  ] GC(9) Concurrent Preclean
[2025-05-10T13:34:05.643+0000][79][info ][gc,marking  ] GC(9) Concurrent Preclean 0.185ms
[2025-05-10T13:34:05.643+0000][79][info ][gc,start    ] GC(9) Pause Remark
[2025-05-10T13:34:05.650+0000][79][info ][gc          ] GC(9) Pause Remark 32M->32M(3392M) 6.439ms
[2025-05-10T13:34:05.650+0000][79][info ][gc,cpu      ] GC(9) User=0.03s Sys=0.00s Real=0.00s
[2025-05-10T13:34:05.650+0000][79][info ][safepoint   ] Safepoint "G1PauseRemark", Time since last: 13628226 ns, Reaching safepoint: 84846 ns, At safepoint: 6884284 ns, Total: 6969130 ns
[2025-05-10T13:34:05.650+0000][79][info ][gc,marking  ] GC(9) Concurrent Mark 17.149ms
[2025-05-10T13:34:05.651+0000][79][info ][gc,marking  ] GC(9) Concurrent Rebuild Remembered Sets and Scrub Regions
[2025-05-10T13:34:05.653+0000][79][info ][gc,marking  ] GC(9) Concurrent Rebuild Remembered Sets and Scrub Regions 2.887ms
[2025-05-10T13:34:05.654+0000][79][info ][gc,start    ] GC(9) Pause Cleanup
[2025-05-10T13:34:05.654+0000][79][info ][gc          ] GC(9) Pause Cleanup 32M->32M(3392M) 0.369ms
[2025-05-10T13:34:05.654+0000][79][info ][gc,cpu      ] GC(9) User=0.00s Sys=0.00s Real=0.00s
[2025-05-10T13:34:05.655+0000][79][info ][safepoint   ] Safepoint "G1PauseCleanup", Time since last: 3552548 ns, Reaching safepoint: 98133 ns, At safepoint: 942990 ns, Total: 1041123 ns
[2025-05-10T13:34:05.655+0000][79][info ][gc,marking  ] GC(9) Concurrent Clear Claimed Marks
[2025-05-10T13:34:05.655+0000][79][info ][gc,marking  ] GC(9) Concurrent Clear Claimed Marks 0.347ms
[2025-05-10T13:34:05.655+0000][79][info ][gc,marking  ] GC(9) Concurrent Cleanup for Next Mark
[2025-05-10T13:34:05.659+0000][79][info ][gc,marking  ] GC(9) Concurrent Cleanup for Next Mark 3.932ms
[2025-05-10T13:34:05.660+0000][79][info ][gc          ] GC(9) Concurrent Mark Cycle 30.761ms
[2025-05-10T13:34:06.649+0000][79][info ][gc,start    ] GC(10) Pause Young (Normal) (G1 Evacuation Pause)
[2025-05-10T13:34:06.650+0000][79][info ][gc,task     ] GC(10) Using 13 workers of 13 for evacuation
[2025-05-10T13:34:06.650+0000][79][debug][gc,age      ] GC(10) Desired survivor size 27262976 bytes, new threshold 15 (max threshold 15)
[2025-05-10T13:34:06.656+0000][79][info ][gc,phases   ] GC(10)   Pre Evacuate Collection Set: 0.50ms
[2025-05-10T13:34:06.657+0000][79][info ][gc,phases   ] GC(10)   Merge Heap Roots: 0.18ms
[2025-05-10T13:34:06.657+0000][79][info ][gc,phases   ] GC(10)   Evacuate Collection Set: 4.30ms
[2025-05-10T13:34:06.657+0000][79][info ][gc,phases   ] GC(10)   Post Evacuate Collection Set: 1.21ms
[2025-05-10T13:34:06.657+0000][79][info ][gc,phases   ] GC(10)   Other: 0.49ms
[2025-05-10T13:34:06.657+0000][79][trace][gc,age      ] GC(10) Age table:
[2025-05-10T13:34:06.658+0000][79][trace][gc,age      ] GC(10) - age   1:    6709352 bytes,    6709352 total
[2025-05-10T13:34:06.658+0000][79][trace][gc,age      ] GC(10) - age   2:     264328 bytes,    6973680 total
[2025-05-10T13:34:06.658+0000][79][trace][gc,age      ] GC(10) - age   3:    4016040 bytes,   10989720 total
[2025-05-10T13:34:06.658+0000][79][trace][gc,age      ] GC(10) - age   4:    2507488 bytes,   13497208 total
[2025-05-10T13:34:06.659+0000][79][trace][gc,age      ] GC(10) - age   5:    2101400 bytes,   15598608 total
[2025-05-10T13:34:06.659+0000][79][trace][gc,age      ] GC(10) - age   6:    3848816 bytes,   19447424 total
[2025-05-10T13:34:06.659+0000][79][trace][gc,age      ] GC(10) - age   7:    2240696 bytes,   21688120 total
[2025-05-10T13:34:06.659+0000][79][trace][gc,age      ] GC(10) - age   8:     333200 bytes,   22021320 total
[2025-05-10T13:34:06.660+0000][79][info ][gc,heap     ] GC(10) Eden regions: 97->0(86)
[2025-05-10T13:34:06.660+0000][79][info ][gc,heap     ] GC(10) Survivor regions: 5->6(13)
[2025-05-10T13:34:06.660+0000][79][info ][gc,heap     ] GC(10) Old regions: 4->4
[2025-05-10T13:34:06.660+0000][79][info ][gc,heap     ] GC(10) Humongous regions: 0->0
[2025-05-10T13:34:06.661+0000][79][info ][gc,metaspace] GC(10) Metaspace: 38546K(39680K)->38546K(39680K) NonClass: 34100K(34752K)->34100K(34752K) Class: 4446K(4928K)->4446K(4928K)
[2025-05-10T13:34:06.661+0000][79][info ][gc          ] GC(10) Pause Young (Normal) (G1 Evacuation Pause) 418M->37M(3392M) 11.491ms
[2025-05-10T13:34:06.661+0000][79][info ][gc,cpu      ] GC(10) User=0.05s Sys=0.00s Real=0.01s
[2025-05-10T13:34:06.661+0000][79][info ][safepoint   ] Safepoint "G1CollectForAllocation", Time since last: 994608569 ns, Reaching safepoint: 6694 ns, At safepoint: 11889321 ns, Total: 11896015 ns
[2025-05-10T13:34:07.330+0000][79][info ][gc,start    ] GC(11) Pause Young (Normal) (G1 Evacuation Pause)
[2025-05-10T13:34:07.331+0000][79][info ][gc,task     ] GC(11) Using 13 workers of 13 for evacuation
[2025-05-10T13:34:07.331+0000][79][debug][gc,age      ] GC(11) Desired survivor size 25165824 bytes, new threshold 15 (max threshold 15)
[2025-05-10T13:34:07.338+0000][79][info ][gc,phases   ] GC(11)   Pre Evacuate Collection Set: 0.31ms
[2025-05-10T13:34:07.338+0000][79][info ][gc,phases   ] GC(11)   Merge Heap Roots: 0.15ms
[2025-05-10T13:34:07.338+0000][79][info ][gc,phases   ] GC(11)   Evacuate Collection Set: 5.11ms
[2025-05-10T13:34:07.339+0000][79][info ][gc,phases   ] GC(11)   Post Evacuate Collection Set: 1.34ms
[2025-05-10T13:34:07.339+0000][79][info ][gc,phases   ] GC(11)   Other: 0.42ms
[2025-05-10T13:34:07.339+0000][79][trace][gc,age      ] GC(11) Age table:
[2025-05-10T13:34:07.339+0000][79][trace][gc,age      ] GC(11) - age   1:    7316144 bytes,    7316144 total
[2025-05-10T13:34:07.339+0000][79][trace][gc,age      ] GC(11) - age   2:    6158872 bytes,   13475016 total
[2025-05-10T13:34:07.340+0000][79][trace][gc,age      ] GC(11) - age   3:     264328 bytes,   13739344 total
[2025-05-10T13:34:07.340+0000][79][trace][gc,age      ] GC(11) - age   4:    4013976 bytes,   17753320 total
[2025-05-10T13:34:07.340+0000][79][trace][gc,age      ] GC(11) - age   5:    2507152 bytes,   20260472 total
[2025-05-10T13:34:07.340+0000][79][trace][gc,age      ] GC(11) - age   6:    2101368 bytes,   22361840 total
[2025-05-10T13:34:07.340+0000][79][trace][gc,age      ] GC(11) - age   7:    3848784 bytes,   26210624 total
[2025-05-10T13:34:07.340+0000][79][trace][gc,age      ] GC(11) - age   8:    2240696 bytes,   28451320 total
[2025-05-10T13:34:07.341+0000][79][trace][gc,age      ] GC(11) - age   9:     333200 bytes,   28784520 total
[2025-05-10T13:34:07.341+0000][79][info ][gc,heap     ] GC(11) Eden regions: 86->0(126)
[2025-05-10T13:34:07.341+0000][79][info ][gc,heap     ] GC(11) Survivor regions: 6->8(12)
[2025-05-10T13:34:07.341+0000][79][info ][gc,heap     ] GC(11) Old regions: 4->4
[2025-05-10T13:34:07.341+0000][79][info ][gc,heap     ] GC(11) Humongous regions: 0->0
[2025-05-10T13:34:07.341+0000][79][info ][gc,metaspace] GC(11) Metaspace: 39284K(40448K)->39284K(40448K) NonClass: 34739K(35392K)->34739K(35392K) Class: 4544K(5056K)->4544K(5056K)
[2025-05-10T13:34:07.341+0000][79][info ][gc          ] GC(11) Pause Young (Normal) (G1 Evacuation Pause) 381M->44M(3392M) 10.973ms
[2025-05-10T13:34:07.342+0000][79][info ][gc,cpu      ] GC(11) User=0.05s Sys=0.00s Real=0.01s
[2025-05-10T13:34:07.342+0000][79][info ][safepoint   ] Safepoint "G1CollectForAllocation", Time since last: 669201960 ns, Reaching safepoint: 7615 ns, At safepoint: 11436840 ns, Total: 11444455 ns
[2025-05-10T13:34:11.770+0000][79][info ][gc,start    ] GC(12) Pause Young (Concurrent Start) (Metadata GC Threshold)
[2025-05-10T13:34:11.771+0000][79][info ][gc,task     ] GC(12) Using 13 workers of 13 for evacuation
[2025-05-10T13:34:11.771+0000][79][debug][gc,age      ] GC(12) Desired survivor size 35651584 bytes, new threshold 15 (max threshold 15)
[2025-05-10T13:34:11.781+0000][79][info ][gc,phases   ] GC(12)   Pre Evacuate Collection Set: 0.37ms
[2025-05-10T13:34:11.781+0000][79][info ][gc,phases   ] GC(12)   Merge Heap Roots: 0.18ms
[2025-05-10T13:34:11.782+0000][79][info ][gc,phases   ] GC(12)   Evacuate Collection Set: 7.92ms
[2025-05-10T13:34:11.782+0000][79][info ][gc,phases   ] GC(12)   Post Evacuate Collection Set: 1.53ms
[2025-05-10T13:34:11.782+0000][79][info ][gc,phases   ] GC(12)   Other: 0.44ms
[2025-05-10T13:34:11.782+0000][79][trace][gc,age      ] GC(12) Age table:
[2025-05-10T13:34:11.782+0000][79][trace][gc,age      ] GC(12) - age   1:    7494936 bytes,    7494936 total
[2025-05-10T13:34:11.782+0000][79][trace][gc,age      ] GC(12) - age   2:    6486640 bytes,   13981576 total
[2025-05-10T13:34:11.782+0000][79][trace][gc,age      ] GC(12) - age   3:    6115312 bytes,   20096888 total
[2025-05-10T13:34:11.782+0000][79][trace][gc,age      ] GC(12) - age   4:     264232 bytes,   20361120 total
[2025-05-10T13:34:11.783+0000][79][trace][gc,age      ] GC(12) - age   5:    3993632 bytes,   24354752 total
[2025-05-10T13:34:11.783+0000][79][trace][gc,age      ] GC(12) - age   6:    2496176 bytes,   26850928 total
[2025-05-10T13:34:11.783+0000][79][trace][gc,age      ] GC(12) - age   7:    2093232 bytes,   28944160 total
[2025-05-10T13:34:11.783+0000][79][trace][gc,age      ] GC(12) - age   8:    3832976 bytes,   32777136 total
[2025-05-10T13:34:11.783+0000][79][trace][gc,age      ] GC(12) - age   9:    2035600 bytes,   34812736 total
[2025-05-10T13:34:11.783+0000][79][trace][gc,age      ] GC(12) - age  10:     332768 bytes,   35145504 total
[2025-05-10T13:34:11.783+0000][79][info ][gc,heap     ] GC(12) Eden regions: 122->0(134)
[2025-05-10T13:34:11.783+0000][79][info ][gc,heap     ] GC(12) Survivor regions: 8->10(17)
[2025-05-10T13:34:11.784+0000][79][info ][gc,heap     ] GC(12) Old regions: 4->4
[2025-05-10T13:34:11.784+0000][79][info ][gc,heap     ] GC(12) Humongous regions: 0->0
[2025-05-10T13:34:11.784+0000][79][info ][gc,metaspace] GC(12) Metaspace: 58917K(60480K)->58917K(60480K) NonClass: 51651K(52608K)->51651K(52608K) Class: 7265K(7872K)->7265K(7872K)
[2025-05-10T13:34:11.784+0000][79][info ][gc          ] GC(12) Pause Young (Concurrent Start) (Metadata GC Threshold) 530M->50M(3392M) 13.462ms
[2025-05-10T13:34:11.784+0000][79][info ][gc,cpu      ] GC(12) User=0.09s Sys=0.00s Real=0.02s
[2025-05-10T13:34:11.784+0000][79][info ][gc          ] GC(13) Concurrent Mark Cycle
[2025-05-10T13:34:11.784+0000][79][info ][gc,marking  ] GC(13) Concurrent Scan Root Regions
[2025-05-10T13:34:11.784+0000][79][info ][safepoint   ] Safepoint "CollectForMetadataAllocation", Time since last: 4428501938 ns, Reaching safepoint: 4559 ns, At safepoint: 14014285 ns, Total: 14018844 ns
[2025-05-10T13:34:11.788+0000][79][info ][gc,marking  ] GC(13) Concurrent Scan Root Regions 3.928ms
[2025-05-10T13:34:11.788+0000][79][info ][gc,marking  ] GC(13) Concurrent Mark
[2025-05-10T13:34:11.789+0000][79][info ][gc,marking  ] GC(13) Concurrent Mark From Roots
[2025-05-10T13:34:11.789+0000][79][info ][gc,task     ] GC(13) Using 3 workers of 3 for marking
[2025-05-10T13:34:11.796+0000][79][info ][gc,marking  ] GC(13) Concurrent Mark From Roots 7.391ms
[2025-05-10T13:34:11.796+0000][79][info ][gc,marking  ] GC(13) Concurrent Preclean
[2025-05-10T13:34:11.797+0000][79][info ][gc,marking  ] GC(13) Concurrent Preclean 0.294ms
[2025-05-10T13:34:11.797+0000][79][info ][gc,start    ] GC(13) Pause Remark
[2025-05-10T13:34:11.801+0000][79][info ][gc          ] GC(13) Pause Remark 55M->55M(3392M) 4.008ms
[2025-05-10T13:34:11.801+0000][79][info ][gc,cpu      ] GC(13) User=0.01s Sys=0.00s Real=0.00s
[2025-05-10T13:34:11.801+0000][79][info ][safepoint   ] Safepoint "G1PauseRemark", Time since last: 12474962 ns, Reaching safepoint: 103411 ns, At safepoint: 4462196 ns, Total: 4565607 ns
[2025-05-10T13:34:11.802+0000][79][info ][gc,marking  ] GC(13) Concurrent Mark 13.195ms
[2025-05-10T13:34:11.802+0000][79][info ][gc,marking  ] GC(13) Concurrent Rebuild Remembered Sets and Scrub Regions
[2025-05-10T13:34:11.804+0000][79][info ][gc,marking  ] GC(13) Concurrent Rebuild Remembered Sets and Scrub Regions 2.394ms
[2025-05-10T13:34:11.805+0000][79][info ][gc,start    ] GC(13) Pause Cleanup
[2025-05-10T13:34:11.805+0000][79][info ][gc          ] GC(13) Pause Cleanup 55M->55M(3392M) 0.204ms
[2025-05-10T13:34:11.805+0000][79][info ][gc,cpu      ] GC(13) User=0.00s Sys=0.00s Real=0.00s
[2025-05-10T13:34:11.805+0000][79][info ][safepoint   ] Safepoint "G1PauseCleanup", Time since last: 3146531 ns, Reaching safepoint: 90355 ns, At safepoint: 458410 ns, Total: 548765 ns
[2025-05-10T13:34:11.806+0000][79][info ][gc,marking  ] GC(13) Concurrent Clear Claimed Marks
[2025-05-10T13:34:11.806+0000][79][info ][gc,marking  ] GC(13) Concurrent Clear Claimed Marks 0.296ms
[2025-05-10T13:34:11.806+0000][79][info ][gc,marking  ] GC(13) Concurrent Cleanup for Next Mark
[2025-05-10T13:34:11.810+0000][79][info ][gc,marking  ] GC(13) Concurrent Cleanup for Next Mark 3.992ms
[2025-05-10T13:34:11.811+0000][79][info ][gc          ] GC(13) Concurrent Mark Cycle 26.434ms
[2025-05-10T13:34:15.195+0000][79][info ][gc,start    ] GC(14) Pause Young (Normal) (G1 Evacuation Pause)
[2025-05-10T13:34:15.195+0000][79][info ][gc,task     ] GC(14) Using 13 workers of 13 for evacuation
[2025-05-10T13:34:15.196+0000][79][debug][gc,age      ] GC(14) Desired survivor size 37748736 bytes, new threshold 15 (max threshold 15)
[2025-05-10T13:34:15.208+0000][79][info ][gc,phases   ] GC(14)   Pre Evacuate Collection Set: 0.22ms
[2025-05-10T13:34:15.208+0000][79][info ][gc,phases   ] GC(14)   Merge Heap Roots: 0.13ms
[2025-05-10T13:34:15.208+0000][79][info ][gc,phases   ] GC(14)   Evacuate Collection Set: 10.01ms
[2025-05-10T13:34:15.209+0000][79][info ][gc,phases   ] GC(14)   Post Evacuate Collection Set: 1.95ms
[2025-05-10T13:34:15.209+0000][79][info ][gc,phases   ] GC(14)   Other: 0.36ms
[2025-05-10T13:34:15.209+0000][79][trace][gc,age      ] GC(14) Age table:
[2025-05-10T13:34:15.209+0000][79][trace][gc,age      ] GC(14) - age   1:   11743528 bytes,   11743528 total
[2025-05-10T13:34:15.209+0000][79][trace][gc,age      ] GC(14) - age   2:    7011680 bytes,   18755208 total
[2025-05-10T13:34:15.209+0000][79][trace][gc,age      ] GC(14) - age   3:    6481160 bytes,   25236368 total
[2025-05-10T13:34:15.209+0000][79][trace][gc,age      ] GC(14) - age   4:    6104528 bytes,   31340896 total
[2025-05-10T13:34:15.210+0000][79][trace][gc,age      ] GC(14) - age   5:     263944 bytes,   31604840 total
[2025-05-10T13:34:15.210+0000][79][trace][gc,age      ] GC(14) - age   6:    3983856 bytes,   35588696 total
[2025-05-10T13:34:15.210+0000][79][trace][gc,age      ] GC(14) - age   7:    2492768 bytes,   38081464 total
[2025-05-10T13:34:15.210+0000][79][trace][gc,age      ] GC(14) - age   8:    2086040 bytes,   40167504 total
[2025-05-10T13:34:15.210+0000][79][trace][gc,age      ] GC(14) - age   9:    3808384 bytes,   43975888 total
[2025-05-10T13:34:15.210+0000][79][trace][gc,age      ] GC(14) - age  10:    2027528 bytes,   46003416 total
[2025-05-10T13:34:15.211+0000][79][trace][gc,age      ] GC(14) - age  11:     330256 bytes,   46333672 total
[2025-05-10T13:34:15.211+0000][79][info ][gc,heap     ] GC(14) Eden regions: 134->0(161)
[2025-05-10T13:34:15.211+0000][79][info ][gc,heap     ] GC(14) Survivor regions: 10->12(18)
[2025-05-10T13:34:15.211+0000][79][info ][gc,heap     ] GC(14) Old regions: 4->4
[2025-05-10T13:34:15.211+0000][79][info ][gc,heap     ] GC(14) Humongous regions: 0->0
[2025-05-10T13:34:15.211+0000][79][info ][gc,metaspace] GC(14) Metaspace: 77915K(79872K)->77915K(79872K) NonClass: 67439K(68608K)->67439K(68608K) Class: 10476K(11264K)->10476K(11264K)
[2025-05-10T13:34:15.211+0000][79][info ][gc          ] GC(14) Pause Young (Normal) (G1 Evacuation Pause) 586M->61M(3392M) 16.235ms
[2025-05-10T13:34:15.211+0000][79][info ][gc,cpu      ] GC(14) User=0.14s Sys=0.00s Real=0.02s
[2025-05-10T13:34:15.212+0000][79][info ][safepoint   ] Safepoint "G1CollectForAllocation", Time since last: 3391848901 ns, Reaching safepoint: 4809 ns, At safepoint: 16575185 ns, Total: 16579994 ns
[2025-05-10T13:34:17.577+0000][79][info ][gc,start    ] GC(15) Pause Young (Concurrent Start) (Metadata GC Threshold)
[2025-05-10T13:34:17.577+0000][79][info ][gc,task     ] GC(15) Using 13 workers of 13 for evacuation
[2025-05-10T13:34:17.577+0000][79][debug][gc,age      ] GC(15) Desired survivor size 46137344 bytes, new threshold 11 (max threshold 15)
[2025-05-10T13:34:17.599+0000][79][info ][gc,phases   ] GC(15)   Pre Evacuate Collection Set: 0.39ms
[2025-05-10T13:34:17.599+0000][79][info ][gc,phases   ] GC(15)   Merge Heap Roots: 0.15ms
[2025-05-10T13:34:17.599+0000][79][info ][gc,phases   ] GC(15)   Evacuate Collection Set: 17.02ms
[2025-05-10T13:34:17.599+0000][79][info ][gc,phases   ] GC(15)   Post Evacuate Collection Set: 3.54ms
[2025-05-10T13:34:17.600+0000][79][info ][gc,phases   ] GC(15)   Other: 0.53ms
[2025-05-10T13:34:17.600+0000][79][trace][gc,age      ] GC(15) Age table:
[2025-05-10T13:34:17.600+0000][79][trace][gc,age      ] GC(15) - age   1:    8594952 bytes,    8594952 total
[2025-05-10T13:34:17.600+0000][79][trace][gc,age      ] GC(15) - age   2:   11323384 bytes,   19918336 total
[2025-05-10T13:34:17.600+0000][79][trace][gc,age      ] GC(15) - age   3:    6919208 bytes,   26837544 total
[2025-05-10T13:34:17.600+0000][79][trace][gc,age      ] GC(15) - age   4:    6475112 bytes,   33312656 total
[2025-05-10T13:34:17.600+0000][79][trace][gc,age      ] GC(15) - age   5:    6090824 bytes,   39403480 total
[2025-05-10T13:34:17.601+0000][79][trace][gc,age      ] GC(15) - age   6:     256152 bytes,   39659632 total
[2025-05-10T13:34:17.601+0000][79][trace][gc,age      ] GC(15) - age   7:    3980040 bytes,   43639672 total
[2025-05-10T13:34:17.601+0000][79][trace][gc,age      ] GC(15) - age   8:    2490008 bytes,   46129680 total
[2025-05-10T13:34:17.601+0000][79][trace][gc,age      ] GC(15) - age   9:    2083456 bytes,   48213136 total
[2025-05-10T13:34:17.601+0000][79][trace][gc,age      ] GC(15) - age  10:    3792976 bytes,   52006112 total
[2025-05-10T13:34:17.601+0000][79][trace][gc,age      ] GC(15) - age  11:    2019968 bytes,   54026080 total
[2025-05-10T13:34:17.601+0000][79][info ][gc,heap     ] GC(15) Eden regions: 92->0(222)
[2025-05-10T13:34:17.602+0000][79][info ][gc,heap     ] GC(15) Survivor regions: 12->15(22)
[2025-05-10T13:34:17.602+0000][79][info ][gc,heap     ] GC(15) Old regions: 4->4
[2025-05-10T13:34:17.602+0000][79][info ][gc,heap     ] GC(15) Humongous regions: 0->0
[2025-05-10T13:34:17.602+0000][79][info ][gc,metaspace] GC(15) Metaspace: 99029K(101120K)->99029K(101120K) NonClass: 85545K(86720K)->85545K(86720K) Class: 13483K(14400K)->13483K(14400K)
[2025-05-10T13:34:17.602+0000][79][info ][gc          ] GC(15) Pause Young (Concurrent Start) (Metadata GC Threshold) 429M->72M(3392M) 25.232ms
[2025-05-10T13:34:17.602+0000][79][info ][gc,cpu      ] GC(15) User=0.16s Sys=0.00s Real=0.03s
[2025-05-10T13:34:17.602+0000][79][info ][gc          ] GC(16) Concurrent Mark Cycle
[2025-05-10T13:34:17.603+0000][79][info ][gc,marking  ] GC(16) Concurrent Scan Root Regions
[2025-05-10T13:34:17.603+0000][79][info ][safepoint   ] Safepoint "CollectForMetadataAllocation", Time since last: 2365147458 ns, Reaching safepoint: 8225 ns, At safepoint: 25825754 ns, Total: 25833979 ns
[2025-05-10T13:34:17.611+0000][79][info ][gc,marking  ] GC(16) Concurrent Scan Root Regions 8.724ms
[2025-05-10T13:34:17.611+0000][79][info ][gc,marking  ] GC(16) Concurrent Mark
[2025-05-10T13:34:17.612+0000][79][info ][gc,marking  ] GC(16) Concurrent Mark From Roots
[2025-05-10T13:34:17.612+0000][79][info ][gc,task     ] GC(16) Using 3 workers of 3 for marking
[2025-05-10T13:34:17.620+0000][79][info ][gc,marking  ] GC(16) Concurrent Mark From Roots 8.240ms
[2025-05-10T13:34:17.620+0000][79][info ][gc,marking  ] GC(16) Concurrent Preclean
[2025-05-10T13:34:17.620+0000][79][info ][gc,marking  ] GC(16) Concurrent Preclean 0.287ms
[2025-05-10T13:34:17.621+0000][79][info ][gc,start    ] GC(16) Pause Remark
[2025-05-10T13:34:17.626+0000][79][info ][gc          ] GC(16) Pause Remark 76M->76M(3392M) 4.859ms
[2025-05-10T13:34:17.626+0000][79][info ][gc,cpu      ] GC(16) User=0.01s Sys=0.01s Real=0.00s
[2025-05-10T13:34:17.626+0000][79][info ][safepoint   ] Safepoint "G1PauseRemark", Time since last: 18100731 ns, Reaching safepoint: 99180 ns, At safepoint: 5329891 ns, Total: 5429071 ns
[2025-05-10T13:34:17.626+0000][79][info ][gc,marking  ] GC(16) Concurrent Mark 14.880ms
[2025-05-10T13:34:17.627+0000][79][info ][gc,marking  ] GC(16) Concurrent Rebuild Remembered Sets and Scrub Regions
[2025-05-10T13:34:17.629+0000][79][info ][gc,marking  ] GC(16) Concurrent Rebuild Remembered Sets and Scrub Regions 2.498ms
[2025-05-10T13:34:17.629+0000][79][info ][gc,start    ] GC(16) Pause Cleanup
[2025-05-10T13:34:17.630+0000][79][info ][gc          ] GC(16) Pause Cleanup 78M->78M(3392M) 0.200ms
[2025-05-10T13:34:17.630+0000][79][info ][gc,cpu      ] GC(16) User=0.00s Sys=0.00s Real=0.00s
[2025-05-10T13:34:17.630+0000][79][info ][safepoint   ] Safepoint "G1PauseCleanup", Time since last: 3102683 ns, Reaching safepoint: 87177 ns, At safepoint: 492552 ns, Total: 579729 ns
[2025-05-10T13:34:17.630+0000][79][info ][gc,marking  ] GC(16) Concurrent Clear Claimed Marks
[2025-05-10T13:34:17.630+0000][79][info ][gc,marking  ] GC(16) Concurrent Clear Claimed Marks 0.322ms
[2025-05-10T13:34:17.630+0000][79][info ][gc,marking  ] GC(16) Concurrent Cleanup for Next Mark
[2025-05-10T13:34:17.634+0000][79][info ][gc,marking  ] GC(16) Concurrent Cleanup for Next Mark 3.359ms
[2025-05-10T13:34:17.634+0000][79][info ][gc          ] GC(16) Concurrent Mark Cycle 32.016ms
[2025-05-10T13:34:39.748+0000][79][info ][gc,start    ] GC(17) Pause Young (Normal) (G1 Evacuation Pause)
[2025-05-10T13:34:39.750+0000][79][info ][gc,task     ] GC(17) Using 13 workers of 13 for evacuation
[2025-05-10T13:34:39.751+0000][79][debug][gc,age      ] GC(17) Desired survivor size 62914560 bytes, new threshold 15 (max threshold 15)
[2025-05-10T13:34:39.784+0000][79][info ][gc,phases   ] GC(17)   Pre Evacuate Collection Set: 0.30ms
[2025-05-10T13:34:39.784+0000][79][info ][gc,phases   ] GC(17)   Merge Heap Roots: 0.51ms
[2025-05-10T13:34:39.784+0000][79][info ][gc,phases   ] GC(17)   Evacuate Collection Set: 28.31ms
[2025-05-10T13:34:39.784+0000][79][info ][gc,phases   ] GC(17)   Post Evacuate Collection Set: 3.58ms
[2025-05-10T13:34:39.785+0000][79][info ][gc,phases   ] GC(17)   Other: 2.53ms
[2025-05-10T13:34:39.785+0000][79][trace][gc,age      ] GC(17) Age table:
[2025-05-10T13:34:39.786+0000][79][trace][gc,age      ] GC(17) - age   1:   66534848 bytes,   66534848 total
[2025-05-10T13:34:39.786+0000][79][trace][gc,age      ] GC(17) - age   2:    7525024 bytes,   74059872 total
[2025-05-10T13:34:39.786+0000][79][trace][gc,age      ] GC(17) - age   3:   10289832 bytes,   84349704 total
[2025-05-10T13:34:39.786+0000][79][trace][gc,age      ] GC(17) - age   4:    6239408 bytes,   90589112 total
[2025-05-10T13:34:39.786+0000][79][trace][gc,age      ] GC(17) - age   5:    6465312 bytes,   97054424 total
[2025-05-10T13:34:39.786+0000][79][trace][gc,age      ] GC(17) - age   6:    6047760 bytes,  103102184 total
[2025-05-10T13:34:39.786+0000][79][trace][gc,age      ] GC(17) - age   7:     255912 bytes,  103358096 total
[2025-05-10T13:34:39.786+0000][79][trace][gc,age      ] GC(17) - age   8:    3782464 bytes,  107140560 total
[2025-05-10T13:34:39.786+0000][79][trace][gc,age      ] GC(17) - age   9:    2478992 bytes,  109619552 total
[2025-05-10T13:34:39.787+0000][79][trace][gc,age      ] GC(17) - age  10:    2069392 bytes,  111688944 total
[2025-05-10T13:34:39.787+0000][79][trace][gc,age      ] GC(17) - age  11:    3738312 bytes,  115427256 total
[2025-05-10T13:34:39.787+0000][79][trace][gc,age      ] GC(17) - age  12:    1940280 bytes,  117367536 total
[2025-05-10T13:34:39.787+0000][79][info ][gc,heap     ] GC(17) Eden regions: 222->0(180)
[2025-05-10T13:34:39.787+0000][79][info ][gc,heap     ] GC(17) Survivor regions: 15->30(30)
[2025-05-10T13:34:39.787+0000][79][info ][gc,heap     ] GC(17) Old regions: 4->6
[2025-05-10T13:34:39.788+0000][79][info ][gc,heap     ] GC(17) Humongous regions: 0->0
[2025-05-10T13:34:39.788+0000][79][info ][gc,metaspace] GC(17) Metaspace: 146598K(150912K)->146598K(150912K) NonClass: 125635K(128000K)->125635K(128000K) Class: 20963K(22912K)->20963K(22912K)
[2025-05-10T13:34:39.788+0000][79][info ][gc          ] GC(17) Pause Young (Normal) (G1 Evacuation Pause) 960M->141M(3392M) 40.270ms
[2025-05-10T13:34:39.788+0000][79][info ][gc,cpu      ] GC(17) User=0.29s Sys=0.03s Real=0.04s
[2025-05-10T13:34:39.789+0000][79][info ][safepoint   ] Safepoint "G1CollectForAllocation", Time since last: 22117607576 ns, Reaching safepoint: 96841 ns, At safepoint: 41000890 ns, Total: 41097731 ns
[2025-05-10T13:34:40.917+0000][79][info ][gc,start    ] GC(18) Pause Young (Normal) (G1 Evacuation Pause)
[2025-05-10T13:34:40.917+0000][79][info ][gc,task     ] GC(18) Using 13 workers of 13 for evacuation
[2025-05-10T13:34:40.918+0000][79][debug][gc,age      ] GC(18) Desired survivor size 56623104 bytes, new threshold 1 (max threshold 15)
[2025-05-10T13:34:40.949+0000][79][info ][gc,phases   ] GC(18)   Pre Evacuate Collection Set: 0.30ms
[2025-05-10T13:34:40.949+0000][79][info ][gc,phases   ] GC(18)   Merge Heap Roots: 0.26ms
[2025-05-10T13:34:40.949+0000][79][info ][gc,phases   ] GC(18)   Evacuate Collection Set: 28.03ms
[2025-05-10T13:34:40.949+0000][79][info ][gc,phases   ] GC(18)   Post Evacuate Collection Set: 2.42ms
[2025-05-10T13:34:40.950+0000][79][info ][gc,phases   ] GC(18)   Other: 0.40ms
[2025-05-10T13:34:40.950+0000][79][trace][gc,age      ] GC(18) Age table:
[2025-05-10T13:34:40.950+0000][79][trace][gc,age      ] GC(18) - age   1:    7417664 bytes,    7417664 total
[2025-05-10T13:34:40.950+0000][79][info ][gc,heap     ] GC(18) Eden regions: 180->0(301)
[2025-05-10T13:34:40.950+0000][79][info ][gc,heap     ] GC(18) Survivor regions: 30->4(27)
[2025-05-10T13:34:40.950+0000][79][info ][gc,heap     ] GC(18) Old regions: 6->36
[2025-05-10T13:34:40.951+0000][79][info ][gc,heap     ] GC(18) Humongous regions: 0->0
[2025-05-10T13:34:40.951+0000][79][info ][gc,metaspace] GC(18) Metaspace: 148109K(152384K)->148109K(152384K) NonClass: 127021K(129344K)->127021K(129344K) Class: 21088K(23040K)->21088K(23040K)
[2025-05-10T13:34:40.951+0000][79][info ][gc          ] GC(18) Pause Young (Normal) (G1 Evacuation Pause) 861M->155M(3392M) 33.669ms
[2025-05-10T13:34:40.951+0000][79][info ][gc,cpu      ] GC(18) User=0.38s Sys=0.00s Real=0.04s
[2025-05-10T13:34:40.951+0000][79][info ][safepoint   ] Safepoint "G1CollectForAllocation", Time since last: 1128549818 ns, Reaching safepoint: 17765 ns, At safepoint: 34347778 ns, Total: 34365543 ns
[2025-05-10T13:35:28.618+0000][79][info ][gc,heap,exit] Heap
[2025-05-10T13:35:28.619+0000][79][info ][gc,heap,exit]  garbage-first heap   total reserved 3473408K, committed 3473408K, used 514210K [0x000000072c000000, 0x0000000800000000)
[2025-05-10T13:35:28.619+0000][79][info ][gc,heap,exit]   region size 4096K, 91 young (372736K), 4 survivors (16384K)
[2025-05-10T13:35:28.619+0000][79][info ][gc,heap,exit]  Metaspace       used 151544K, committed 156096K, reserved 1245184K
[2025-05-10T13:35:28.619+0000][79][info ][gc,heap,exit]   class space    used 21482K, committed 23552K, reserved 1048576K
