[2025-05-20T08:47:00.466+0000][78][info][gc,init] CardTable entry size: 512
[2025-05-20T08:47:00.467+0000][78][info][gc     ] Using G1
[2025-05-20T08:47:01.127+0000][78][info][gc,init] Version: 23+37-2369 (release)
[2025-05-20T08:47:01.127+0000][78][info][gc,init] CPUs: 16 total, 16 available
[2025-05-20T08:47:01.128+0000][78][info][gc,init] Memory: 7536M
[2025-05-20T08:47:01.128+0000][78][info][gc,init] Large Page Support: Disabled
[2025-05-20T08:47:01.128+0000][78][info][gc,init] NUMA Support: Disabled
[2025-05-20T08:47:01.129+0000][78][info][gc,init] Compressed Oops: Enabled (Zero based)
[2025-05-20T08:47:01.129+0000][78][info][gc,init] Heap Region Size: 4M
[2025-05-20T08:47:01.136+0000][78][info][gc,init] Heap Min Capacity: 3768M
[2025-05-20T08:47:01.137+0000][78][info][gc,init] Heap Initial Capacity: 3768M
[2025-05-20T08:47:01.137+0000][78][info][gc,init] Heap Max Capacity: 3768M
[2025-05-20T08:47:01.137+0000][78][info][gc,init] Pre-touch: Enabled
[2025-05-20T08:47:01.138+0000][78][info][gc,init] Parallel Workers: 13
[2025-05-20T08:47:01.138+0000][78][info][gc,init] Concurrent Workers: 3
[2025-05-20T08:47:01.139+0000][78][info][gc,init] Concurrent Refinement Workers: 13
[2025-05-20T08:47:01.139+0000][78][info][gc,init] Periodic GC: Disabled
[2025-05-20T08:47:01.171+0000][78][info][gc,metaspace] CDS archive(s) mapped at: [0x00007f24ca000000-0x00007f24cad8e000-0x00007f24cad8e000), size 14213120, SharedBaseAddress: 0x00007f24ca000000, ArchiveRelocationMode: 1.
[2025-05-20T08:47:01.171+0000][78][info][gc,metaspace] Compressed class space mapped at: 0x00007f24cb000000-0x00007f250b000000, reserved size: 1073741824
[2025-05-20T08:47:01.171+0000][78][info][gc,metaspace] Narrow klass base: 0x00007f24ca000000, Narrow klass shift: 0, Narrow klass range: 0x100000000
[2025-05-20T08:47:04.951+0000][78][info][gc,start    ] GC(0) Pause Young (Concurrent Start) (Metadata GC Threshold)
[2025-05-20T08:47:04.951+0000][78][info][gc,task     ] GC(0) Using 13 workers of 13 for evacuation
[2025-05-20T08:47:04.952+0000][78][debug][gc,age      ] GC(0) Desired survivor size 12582912 bytes, new threshold 15 (max threshold 15)
[2025-05-20T08:47:04.966+0000][78][info ][gc,phases   ] GC(0)   Pre Evacuate Collection Set: 0.90ms
[2025-05-20T08:47:04.966+0000][78][info ][gc,phases   ] GC(0)   Merge Heap Roots: 0.57ms
[2025-05-20T08:47:04.966+0000][78][info ][gc,phases   ] GC(0)   Evacuate Collection Set: 7.84ms
[2025-05-20T08:47:04.966+0000][78][info ][gc,phases   ] GC(0)   Post Evacuate Collection Set: 4.04ms
[2025-05-20T08:47:04.967+0000][78][info ][gc,phases   ] GC(0)   Other: 0.95ms
[2025-05-20T08:47:04.967+0000][78][trace][gc,age      ] GC(0) Age table:
[2025-05-20T08:47:04.968+0000][78][trace][gc,age      ] GC(0) - age   1:   14215880 bytes,   14215880 total
[2025-05-20T08:47:04.968+0000][78][info ][gc,heap     ] GC(0) Eden regions: 46->0(43)
[2025-05-20T08:47:04.968+0000][78][info ][gc,heap     ] GC(0) Survivor regions: 0->4(6)
[2025-05-20T08:47:04.969+0000][78][info ][gc,heap     ] GC(0) Old regions: 1->1
[2025-05-20T08:47:04.969+0000][78][info ][gc,heap     ] GC(0) Humongous regions: 0->0
[2025-05-20T08:47:04.969+0000][78][info ][gc,metaspace] GC(0) Metaspace: 20671K(21504K)->20671K(21504K) NonClass: 18346K(18816K)->18346K(18816K) Class: 2325K(2688K)->2325K(2688K)
[2025-05-20T08:47:04.970+0000][78][info ][gc          ] GC(0) Pause Young (Concurrent Start) (Metadata GC Threshold) 185M->15M(3768M) 18.956ms
[2025-05-20T08:47:04.970+0000][78][info ][gc,cpu      ] GC(0) User=0.06s Sys=0.03s Real=0.02s
[2025-05-20T08:47:04.970+0000][78][info ][gc          ] GC(1) Concurrent Mark Cycle
[2025-05-20T08:47:04.971+0000][78][info ][gc,marking  ] GC(1) Concurrent Scan Root Regions
[2025-05-20T08:47:04.971+0000][78][info ][safepoint   ] Safepoint "CollectForMetadataAllocation", Time since last: 3773493843 ns, Reaching safepoint: 5781 ns, At safepoint: 19861170 ns, Total: 19866951 ns
[2025-05-20T08:47:04.977+0000][78][info ][gc,marking  ] GC(1) Concurrent Scan Root Regions 5.719ms
[2025-05-20T08:47:04.977+0000][78][info ][gc,marking  ] GC(1) Concurrent Mark
[2025-05-20T08:47:04.977+0000][78][info ][gc,marking  ] GC(1) Concurrent Mark From Roots
[2025-05-20T08:47:04.978+0000][78][info ][gc,task     ] GC(1) Using 3 workers of 3 for marking
[2025-05-20T08:47:04.980+0000][78][info ][gc,marking  ] GC(1) Concurrent Mark From Roots 3.235ms
[2025-05-20T08:47:04.981+0000][78][info ][gc,marking  ] GC(1) Concurrent Preclean
[2025-05-20T08:47:04.981+0000][78][info ][gc,marking  ] GC(1) Concurrent Preclean 0.453ms
[2025-05-20T08:47:04.982+0000][78][info ][gc,start    ] GC(1) Pause Remark
[2025-05-20T08:47:04.987+0000][78][info ][gc          ] GC(1) Pause Remark 19M->19M(3768M) 5.230ms
[2025-05-20T08:47:04.987+0000][78][info ][gc,cpu      ] GC(1) User=0.02s Sys=0.01s Real=0.01s
[2025-05-20T08:47:04.988+0000][78][info ][safepoint   ] Safepoint "G1PauseRemark", Time since last: 10978249 ns, Reaching safepoint: 127528 ns, At safepoint: 5973634 ns, Total: 6101162 ns
[2025-05-20T08:47:04.988+0000][78][info ][gc,marking  ] GC(1) Concurrent Mark 11.143ms
[2025-05-20T08:47:04.988+0000][78][info ][gc,marking  ] GC(1) Concurrent Rebuild Remembered Sets and Scrub Regions
[2025-05-20T08:47:04.989+0000][78][info ][gc,marking  ] GC(1) Concurrent Rebuild Remembered Sets and Scrub Regions 1.152ms
[2025-05-20T08:47:04.990+0000][78][info ][gc,start    ] GC(1) Pause Cleanup
[2025-05-20T08:47:04.991+0000][78][info ][gc          ] GC(1) Pause Cleanup 19M->19M(3768M) 0.459ms
[2025-05-20T08:47:04.991+0000][78][info ][gc,cpu      ] GC(1) User=0.00s Sys=0.00s Real=0.00s
[2025-05-20T08:47:04.991+0000][78][info ][safepoint   ] Safepoint "G1PauseCleanup", Time since last: 2238200 ns, Reaching safepoint: 172647 ns, At safepoint: 1136643 ns, Total: 1309290 ns
[2025-05-20T08:47:04.992+0000][78][info ][gc,marking  ] GC(1) Concurrent Clear Claimed Marks
[2025-05-20T08:47:04.992+0000][78][info ][gc,marking  ] GC(1) Concurrent Clear Claimed Marks 0.482ms
[2025-05-20T08:47:04.993+0000][78][info ][gc,marking  ] GC(1) Concurrent Cleanup for Next Mark
[2025-05-20T08:47:04.997+0000][78][info ][gc,marking  ] GC(1) Concurrent Cleanup for Next Mark 4.519ms
[2025-05-20T08:47:04.997+0000][78][info ][gc          ] GC(1) Concurrent Mark Cycle 27.185ms
[2025-05-20T08:47:06.350+0000][78][info ][gc,start    ] GC(2) Pause Young (Prepare Mixed) (G1 Evacuation Pause)
[2025-05-20T08:47:06.351+0000][78][info ][gc,task     ] GC(2) Using 13 workers of 13 for evacuation
[2025-05-20T08:47:06.351+0000][78][debug][gc,age      ] GC(2) Desired survivor size 12582912 bytes, new threshold 1 (max threshold 15)
[2025-05-20T08:47:06.360+0000][78][info ][gc,phases   ] GC(2)   Pre Evacuate Collection Set: 0.54ms
[2025-05-20T08:47:06.360+0000][78][info ][gc,phases   ] GC(2)   Merge Heap Roots: 0.49ms
[2025-05-20T08:47:06.360+0000][78][info ][gc,phases   ] GC(2)   Evacuate Collection Set: 5.77ms
[2025-05-20T08:47:06.361+0000][78][info ][gc,phases   ] GC(2)   Post Evacuate Collection Set: 1.55ms
[2025-05-20T08:47:06.361+0000][78][info ][gc,phases   ] GC(2)   Other: 0.76ms
[2025-05-20T08:47:06.361+0000][78][trace][gc,age      ] GC(2) Age table:
[2025-05-20T08:47:06.361+0000][78][trace][gc,age      ] GC(2) - age   1:    2715000 bytes,    2715000 total
[2025-05-20T08:47:06.362+0000][78][info ][gc,heap     ] GC(2) Eden regions: 43->0(46)
[2025-05-20T08:47:06.362+0000][78][info ][gc,heap     ] GC(2) Survivor regions: 4->1(6)
[2025-05-20T08:47:06.362+0000][78][info ][gc,heap     ] GC(2) Old regions: 1->5
[2025-05-20T08:47:06.363+0000][78][info ][gc,heap     ] GC(2) Humongous regions: 0->0
[2025-05-20T08:47:06.363+0000][78][info ][gc,metaspace] GC(2) Metaspace: 23769K(24640K)->23769K(24640K) NonClass: 21085K(21632K)->21085K(21632K) Class: 2683K(3008K)->2683K(3008K)
[2025-05-20T08:47:06.363+0000][78][info ][gc          ] GC(2) Pause Young (Prepare Mixed) (G1 Evacuation Pause) 187M->18M(3768M) 13.053ms
[2025-05-20T08:47:06.364+0000][78][info ][gc,cpu      ] GC(2) User=0.03s Sys=0.03s Real=0.02s
[2025-05-20T08:47:06.364+0000][78][info ][safepoint   ] Safepoint "G1CollectForAllocation", Time since last: 1358988752 ns, Reaching safepoint: 7655 ns, At safepoint: 13778586 ns, Total: 13786241 ns
[2025-05-20T08:47:07.409+0000][78][info ][gc,start    ] GC(3) Pause Young (Mixed) (G1 Evacuation Pause)
[2025-05-20T08:47:07.410+0000][78][info ][gc,task     ] GC(3) Using 13 workers of 13 for evacuation
[2025-05-20T08:47:07.410+0000][78][debug][gc,age      ] GC(3) Desired survivor size 12582912 bytes, new threshold 15 (max threshold 15)
[2025-05-20T08:47:07.419+0000][78][info ][gc,phases   ] GC(3)   Pre Evacuate Collection Set: 0.54ms
[2025-05-20T08:47:07.420+0000][78][info ][gc,phases   ] GC(3)   Merge Heap Roots: 0.44ms
[2025-05-20T08:47:07.421+0000][78][info ][gc,phases   ] GC(3)   Evacuate Collection Set: 5.43ms
[2025-05-20T08:47:07.422+0000][78][info ][gc,phases   ] GC(3)   Post Evacuate Collection Set: 1.96ms
[2025-05-20T08:47:07.422+0000][78][info ][gc,phases   ] GC(3)   Other: 1.14ms
[2025-05-20T08:47:07.423+0000][78][trace][gc,age      ] GC(3) Age table:
[2025-05-20T08:47:07.423+0000][78][trace][gc,age      ] GC(3) - age   1:    4777984 bytes,    4777984 total
[2025-05-20T08:47:07.424+0000][78][trace][gc,age      ] GC(3) - age   2:    2254848 bytes,    7032832 total
[2025-05-20T08:47:07.424+0000][78][info ][gc,heap     ] GC(3) Eden regions: 46->0(45)
[2025-05-20T08:47:07.425+0000][78][info ][gc,heap     ] GC(3) Survivor regions: 1->2(6)
[2025-05-20T08:47:07.426+0000][78][info ][gc,heap     ] GC(3) Old regions: 5->4
[2025-05-20T08:47:07.426+0000][78][info ][gc,heap     ] GC(3) Humongous regions: 0->0
[2025-05-20T08:47:07.427+0000][78][info ][gc,metaspace] GC(3) Metaspace: 29486K(30464K)->29486K(30464K) NonClass: 26157K(26752K)->26157K(26752K) Class: 3328K(3712K)->3328K(3712K)
[2025-05-20T08:47:07.428+0000][78][info ][gc          ] GC(3) Pause Young (Mixed) (G1 Evacuation Pause) 202M->22M(3768M) 18.283ms
[2025-05-20T08:47:07.428+0000][78][info ][gc,cpu      ] GC(3) User=0.07s Sys=0.00s Real=0.02s
[2025-05-20T08:47:07.429+0000][78][info ][safepoint   ] Safepoint "G1CollectForAllocation", Time since last: 1045316685 ns, Reaching safepoint: 7253 ns, At safepoint: 19586590 ns, Total: 19593843 ns
[2025-05-20T08:47:08.114+0000][78][info ][gc,start    ] GC(4) Pause Young (Normal) (G1 Evacuation Pause)
[2025-05-20T08:47:08.114+0000][78][info ][gc,task     ] GC(4) Using 13 workers of 13 for evacuation
[2025-05-20T08:47:08.114+0000][78][debug][gc,age      ] GC(4) Desired survivor size 12582912 bytes, new threshold 15 (max threshold 15)
[2025-05-20T08:47:08.121+0000][78][info ][gc,phases   ] GC(4)   Pre Evacuate Collection Set: 0.60ms
[2025-05-20T08:47:08.122+0000][78][info ][gc,phases   ] GC(4)   Merge Heap Roots: 0.42ms
[2025-05-20T08:47:08.122+0000][78][info ][gc,phases   ] GC(4)   Evacuate Collection Set: 3.72ms
[2025-05-20T08:47:08.123+0000][78][info ][gc,phases   ] GC(4)   Post Evacuate Collection Set: 1.63ms
[2025-05-20T08:47:08.123+0000][78][info ][gc,phases   ] GC(4)   Other: 0.67ms
[2025-05-20T08:47:08.124+0000][78][trace][gc,age      ] GC(4) Age table:
[2025-05-20T08:47:08.124+0000][78][trace][gc,age      ] GC(4) - age   1:    3692520 bytes,    3692520 total
[2025-05-20T08:47:08.125+0000][78][trace][gc,age      ] GC(4) - age   2:    3864264 bytes,    7556784 total
[2025-05-20T08:47:08.126+0000][78][trace][gc,age      ] GC(4) - age   3:    2254432 bytes,    9811216 total
[2025-05-20T08:47:08.126+0000][78][info ][gc,heap     ] GC(4) Eden regions: 45->0(44)
[2025-05-20T08:47:08.127+0000][78][info ][gc,heap     ] GC(4) Survivor regions: 2->3(6)
[2025-05-20T08:47:08.127+0000][78][info ][gc,heap     ] GC(4) Old regions: 4->4
[2025-05-20T08:47:08.128+0000][78][info ][gc,heap     ] GC(4) Humongous regions: 0->0
[2025-05-20T08:47:08.128+0000][78][info ][gc,metaspace] GC(4) Metaspace: 30495K(31552K)->30495K(31552K) NonClass: 27021K(27648K)->27021K(27648K) Class: 3473K(3904K)->3473K(3904K)
[2025-05-20T08:47:08.128+0000][78][info ][gc          ] GC(4) Pause Young (Normal) (G1 Evacuation Pause) 202M->25M(3768M) 14.872ms
[2025-05-20T08:47:08.129+0000][78][info ][gc,cpu      ] GC(4) User=0.02s Sys=0.01s Real=0.01s
[2025-05-20T08:47:08.129+0000][78][info ][safepoint   ] Safepoint "G1CollectForAllocation", Time since last: 684603704 ns, Reaching safepoint: 7975 ns, At safepoint: 15907674 ns, Total: 15915649 ns
[2025-05-20T08:47:08.613+0000][78][info ][gc,start    ] GC(5) Pause Young (Normal) (G1 Evacuation Pause)
[2025-05-20T08:47:08.614+0000][78][info ][gc,task     ] GC(5) Using 13 workers of 13 for evacuation
[2025-05-20T08:47:08.614+0000][78][debug][gc,age      ] GC(5) Desired survivor size 12582912 bytes, new threshold 15 (max threshold 15)
[2025-05-20T08:47:08.621+0000][78][info ][gc,phases   ] GC(5)   Pre Evacuate Collection Set: 0.55ms
[2025-05-20T08:47:08.621+0000][78][info ][gc,phases   ] GC(5)   Merge Heap Roots: 0.38ms
[2025-05-20T08:47:08.621+0000][78][info ][gc,phases   ] GC(5)   Evacuate Collection Set: 3.09ms
[2025-05-20T08:47:08.622+0000][78][info ][gc,phases   ] GC(5)   Post Evacuate Collection Set: 1.49ms
[2025-05-20T08:47:08.622+0000][78][info ][gc,phases   ] GC(5)   Other: 1.22ms
[2025-05-20T08:47:08.623+0000][78][trace][gc,age      ] GC(5) Age table:
[2025-05-20T08:47:08.623+0000][78][trace][gc,age      ] GC(5) - age   1:    2684368 bytes,    2684368 total
[2025-05-20T08:47:08.624+0000][78][trace][gc,age      ] GC(5) - age   2:    2829016 bytes,    5513384 total
[2025-05-20T08:47:08.624+0000][78][trace][gc,age      ] GC(5) - age   3:    3863800 bytes,    9377184 total
[2025-05-20T08:47:08.625+0000][78][trace][gc,age      ] GC(5) - age   4:    2254248 bytes,   11631432 total
[2025-05-20T08:47:08.625+0000][78][info ][gc,heap     ] GC(5) Eden regions: 44->0(52)
[2025-05-20T08:47:08.626+0000][78][info ][gc,heap     ] GC(5) Survivor regions: 3->3(6)
[2025-05-20T08:47:08.626+0000][78][info ][gc,heap     ] GC(5) Old regions: 4->4
[2025-05-20T08:47:08.627+0000][78][info ][gc,heap     ] GC(5) Humongous regions: 0->0
[2025-05-20T08:47:08.627+0000][78][info ][gc,metaspace] GC(5) Metaspace: 31008K(32064K)->31008K(32064K) NonClass: 27468K(28096K)->27468K(28096K) Class: 3539K(3968K)->3539K(3968K)
[2025-05-20T08:47:08.627+0000][78][info ][gc          ] GC(5) Pause Young (Normal) (G1 Evacuation Pause) 201M->27M(3768M) 13.748ms
[2025-05-20T08:47:08.628+0000][78][info ][gc,cpu      ] GC(5) User=0.03s Sys=0.01s Real=0.01s
[2025-05-20T08:47:08.628+0000][78][info ][safepoint   ] Safepoint "G1CollectForAllocation", Time since last: 484033619 ns, Reaching safepoint: 5581 ns, At safepoint: 14600084 ns, Total: 14605665 ns
[2025-05-20T08:47:09.858+0000][78][info ][gc,start    ] GC(6) Pause Young (Normal) (G1 Evacuation Pause)
[2025-05-20T08:47:09.858+0000][78][info ][gc,task     ] GC(6) Using 13 workers of 13 for evacuation
[2025-05-20T08:47:09.859+0000][78][debug][gc,age      ] GC(6) Desired survivor size 14680064 bytes, new threshold 15 (max threshold 15)
[2025-05-20T08:47:09.866+0000][78][info ][gc,phases   ] GC(6)   Pre Evacuate Collection Set: 0.57ms
[2025-05-20T08:47:09.867+0000][78][info ][gc,phases   ] GC(6)   Merge Heap Roots: 0.44ms
[2025-05-20T08:47:09.867+0000][78][info ][gc,phases   ] GC(6)   Evacuate Collection Set: 4.59ms
[2025-05-20T08:47:09.868+0000][78][info ][gc,phases   ] GC(6)   Post Evacuate Collection Set: 1.54ms
[2025-05-20T08:47:09.868+0000][78][info ][gc,phases   ] GC(6)   Other: 0.94ms
[2025-05-20T08:47:09.869+0000][78][trace][gc,age      ] GC(6) Age table:
[2025-05-20T08:47:09.869+0000][78][trace][gc,age      ] GC(6) - age   1:    4230112 bytes,    4230112 total
[2025-05-20T08:47:09.870+0000][78][trace][gc,age      ] GC(6) - age   2:    1841080 bytes,    6071192 total
[2025-05-20T08:47:09.870+0000][78][trace][gc,age      ] GC(6) - age   3:    2826440 bytes,    8897632 total
[2025-05-20T08:47:09.871+0000][78][trace][gc,age      ] GC(6) - age   4:    3859944 bytes,   12757576 total
[2025-05-20T08:47:09.871+0000][78][trace][gc,age      ] GC(6) - age   5:    2253048 bytes,   15010624 total
[2025-05-20T08:47:09.872+0000][78][info ][gc,heap     ] GC(6) Eden regions: 52->0(54)
[2025-05-20T08:47:09.873+0000][78][info ][gc,heap     ] GC(6) Survivor regions: 3->4(7)
[2025-05-20T08:47:09.873+0000][78][info ][gc,heap     ] GC(6) Old regions: 4->4
[2025-05-20T08:47:09.874+0000][78][info ][gc,heap     ] GC(6) Humongous regions: 0->0
[2025-05-20T08:47:09.874+0000][78][info ][gc,metaspace] GC(6) Metaspace: 34965K(35968K)->34965K(35968K) NonClass: 31027K(31616K)->31027K(31616K) Class: 3938K(4352K)->3938K(4352K)
[2025-05-20T08:47:09.874+0000][78][info ][gc          ] GC(6) Pause Young (Normal) (G1 Evacuation Pause) 235M->31M(3768M) 16.384ms
[2025-05-20T08:47:09.875+0000][78][info ][gc,cpu      ] GC(6) User=0.04s Sys=0.00s Real=0.02s
[2025-05-20T08:47:09.875+0000][78][info ][safepoint   ] Safepoint "G1CollectForAllocation", Time since last: 1229764214 ns, Reaching safepoint: 5060 ns, At safepoint: 17521797 ns, Total: 17526857 ns
[2025-05-20T08:47:09.887+0000][78][info ][gc,start    ] GC(7) Pause Young (Concurrent Start) (Metadata GC Threshold)
[2025-05-20T08:47:09.887+0000][78][info ][gc,task     ] GC(7) Using 13 workers of 13 for evacuation
[2025-05-20T08:47:09.888+0000][78][debug][gc,age      ] GC(7) Desired survivor size 16777216 bytes, new threshold 15 (max threshold 15)
[2025-05-20T08:47:09.895+0000][78][info ][gc,phases   ] GC(7)   Pre Evacuate Collection Set: 0.62ms
[2025-05-20T08:47:09.896+0000][78][info ][gc,phases   ] GC(7)   Merge Heap Roots: 0.33ms
[2025-05-20T08:47:09.896+0000][78][info ][gc,phases   ] GC(7)   Evacuate Collection Set: 4.36ms
[2025-05-20T08:47:09.897+0000][78][info ][gc,phases   ] GC(7)   Post Evacuate Collection Set: 1.66ms
[2025-05-20T08:47:09.897+0000][78][info ][gc,phases   ] GC(7)   Other: 1.19ms
[2025-05-20T08:47:09.898+0000][78][trace][gc,age      ] GC(7) Age table:
[2025-05-20T08:47:09.898+0000][78][trace][gc,age      ] GC(7) - age   1:      37720 bytes,      37720 total
[2025-05-20T08:47:09.899+0000][78][trace][gc,age      ] GC(7) - age   2:    4222264 bytes,    4259984 total
[2025-05-20T08:47:09.900+0000][78][trace][gc,age      ] GC(7) - age   3:    1841048 bytes,    6101032 total
[2025-05-20T08:47:09.900+0000][78][trace][gc,age      ] GC(7) - age   4:    2826440 bytes,    8927472 total
[2025-05-20T08:47:09.901+0000][78][trace][gc,age      ] GC(7) - age   5:    3859944 bytes,   12787416 total
[2025-05-20T08:47:09.901+0000][78][trace][gc,age      ] GC(7) - age   6:    2253048 bytes,   15040464 total
[2025-05-20T08:47:09.902+0000][78][info ][gc,heap     ] GC(7) Eden regions: 1->0(74)
[2025-05-20T08:47:09.902+0000][78][info ][gc,heap     ] GC(7) Survivor regions: 4->5(8)
[2025-05-20T08:47:09.903+0000][78][info ][gc,heap     ] GC(7) Old regions: 4->4
[2025-05-20T08:47:09.904+0000][78][info ][gc,heap     ] GC(7) Humongous regions: 0->0
[2025-05-20T08:47:09.904+0000][78][info ][gc,metaspace] GC(7) Metaspace: 35132K(36096K)->35132K(36096K) NonClass: 31164K(31744K)->31164K(31744K) Class: 3968K(4352K)->3968K(4352K)
[2025-05-20T08:47:09.904+0000][78][info ][gc          ] GC(7) Pause Young (Concurrent Start) (Metadata GC Threshold) 33M->31M(3768M) 17.359ms
[2025-05-20T08:47:09.905+0000][78][info ][gc          ] GC(8) Concurrent Mark Cycle
[2025-05-20T08:47:09.905+0000][78][info ][gc,cpu      ] GC(7) User=0.05s Sys=0.00s Real=0.02s
[2025-05-20T08:47:09.906+0000][78][info ][gc,marking  ] GC(8) Concurrent Scan Root Regions
[2025-05-20T08:47:09.907+0000][78][info ][safepoint   ] Safepoint "CollectForMetadataAllocation", Time since last: 11601617 ns, Reaching safepoint: 5450 ns, At safepoint: 19577559 ns, Total: 19583009 ns
[2025-05-20T08:47:09.911+0000][78][info ][gc,marking  ] GC(8) Concurrent Scan Root Regions 4.944ms
[2025-05-20T08:47:09.911+0000][78][info ][gc,marking  ] GC(8) Concurrent Mark
[2025-05-20T08:47:09.912+0000][78][info ][gc,marking  ] GC(8) Concurrent Mark From Roots
[2025-05-20T08:47:09.912+0000][78][info ][gc,task     ] GC(8) Using 3 workers of 3 for marking
[2025-05-20T08:47:09.928+0000][78][info ][gc,marking  ] GC(8) Concurrent Mark From Roots 16.591ms
[2025-05-20T08:47:09.929+0000][78][info ][gc,marking  ] GC(8) Concurrent Preclean
[2025-05-20T08:47:09.930+0000][78][info ][gc,marking  ] GC(8) Concurrent Preclean 0.977ms
[2025-05-20T08:47:09.931+0000][78][info ][gc,start    ] GC(8) Pause Remark
[2025-05-20T08:47:09.940+0000][78][info ][gc          ] GC(8) Pause Remark 33M->33M(3768M) 8.873ms
[2025-05-20T08:47:09.940+0000][78][info ][gc,cpu      ] GC(8) User=0.02s Sys=0.02s Real=0.01s
[2025-05-20T08:47:09.941+0000][78][info ][safepoint   ] Safepoint "G1PauseRemark", Time since last: 24155862 ns, Reaching safepoint: 6443 ns, At safepoint: 9905293 ns, Total: 9911736 ns
[2025-05-20T08:47:09.941+0000][78][info ][gc,marking  ] GC(8) Concurrent Mark 30.066ms
[2025-05-20T08:47:09.942+0000][78][info ][gc,marking  ] GC(8) Concurrent Rebuild Remembered Sets and Scrub Regions
[2025-05-20T08:47:09.947+0000][78][info ][gc,marking  ] GC(8) Concurrent Rebuild Remembered Sets and Scrub Regions 5.092ms
[2025-05-20T08:47:09.948+0000][78][info ][gc,start    ] GC(8) Pause Cleanup
[2025-05-20T08:47:09.948+0000][78][info ][gc          ] GC(8) Pause Cleanup 33M->33M(3768M) 0.355ms
[2025-05-20T08:47:09.949+0000][78][info ][gc,cpu      ] GC(8) User=0.00s Sys=0.00s Real=0.00s
[2025-05-20T08:47:09.949+0000][78][info ][safepoint   ] Safepoint "G1PauseCleanup", Time since last: 6836971 ns, Reaching safepoint: 226578 ns, At safepoint: 1529433 ns, Total: 1756011 ns
[2025-05-20T08:47:09.950+0000][78][info ][gc,marking  ] GC(8) Concurrent Clear Claimed Marks
[2025-05-20T08:47:09.951+0000][78][info ][gc,marking  ] GC(8) Concurrent Clear Claimed Marks 0.731ms
[2025-05-20T08:47:09.951+0000][78][info ][gc,marking  ] GC(8) Concurrent Cleanup for Next Mark
[2025-05-20T08:47:09.955+0000][78][info ][gc,marking  ] GC(8) Concurrent Cleanup for Next Mark 4.318ms
[2025-05-20T08:47:09.956+0000][78][info ][gc          ] GC(8) Concurrent Mark Cycle 50.531ms
[2025-05-20T08:47:10.957+0000][78][info ][gc,start    ] GC(9) Pause Young (Normal) (G1 Evacuation Pause)
[2025-05-20T08:47:10.958+0000][78][info ][gc,task     ] GC(9) Using 13 workers of 13 for evacuation
[2025-05-20T08:47:10.958+0000][78][debug][gc,age      ] GC(9) Desired survivor size 20971520 bytes, new threshold 15 (max threshold 15)
[2025-05-20T08:47:10.967+0000][78][info ][gc,phases   ] GC(9)   Pre Evacuate Collection Set: 0.60ms
[2025-05-20T08:47:10.968+0000][78][info ][gc,phases   ] GC(9)   Merge Heap Roots: 0.34ms
[2025-05-20T08:47:10.968+0000][78][info ][gc,phases   ] GC(9)   Evacuate Collection Set: 5.49ms
[2025-05-20T08:47:10.969+0000][78][info ][gc,phases   ] GC(9)   Post Evacuate Collection Set: 2.08ms
[2025-05-20T08:47:10.970+0000][78][info ][gc,phases   ] GC(9)   Other: 0.80ms
[2025-05-20T08:47:10.970+0000][78][trace][gc,age      ] GC(9) Age table:
[2025-05-20T08:47:10.971+0000][78][trace][gc,age      ] GC(9) - age   1:    6873040 bytes,    6873040 total
[2025-05-20T08:47:10.971+0000][78][trace][gc,age      ] GC(9) - age   2:      13536 bytes,    6886576 total
[2025-05-20T08:47:10.972+0000][78][trace][gc,age      ] GC(9) - age   3:    4210000 bytes,   11096576 total
[2025-05-20T08:47:10.972+0000][78][trace][gc,age      ] GC(9) - age   4:    1840496 bytes,   12937072 total
[2025-05-20T08:47:10.972+0000][78][trace][gc,age      ] GC(9) - age   5:    2824024 bytes,   15761096 total
[2025-05-20T08:47:10.973+0000][78][trace][gc,age      ] GC(9) - age   6:    3850112 bytes,   19611208 total
[2025-05-20T08:47:10.973+0000][78][trace][gc,age      ] GC(9) - age   7:    2251904 bytes,   21863112 total
[2025-05-20T08:47:10.974+0000][78][info ][gc,heap     ] GC(9) Eden regions: 73->0(73)
[2025-05-20T08:47:10.974+0000][78][info ][gc,heap     ] GC(9) Survivor regions: 5->6(10)
[2025-05-20T08:47:10.975+0000][78][info ][gc,heap     ] GC(9) Old regions: 4->4
[2025-05-20T08:47:10.976+0000][78][info ][gc,heap     ] GC(9) Humongous regions: 0->0
[2025-05-20T08:47:10.976+0000][78][info ][gc,metaspace] GC(9) Metaspace: 38471K(39616K)->38471K(39616K) NonClass: 34042K(34688K)->34042K(34688K) Class: 4428K(4928K)->4428K(4928K)
[2025-05-20T08:47:10.977+0000][78][info ][gc          ] GC(9) Pause Young (Normal) (G1 Evacuation Pause) 323M->38M(3768M) 19.852ms
[2025-05-20T08:47:10.978+0000][78][info ][gc,cpu      ] GC(9) User=0.05s Sys=0.00s Real=0.02s
[2025-05-20T08:47:10.978+0000][78][info ][safepoint   ] Safepoint "G1CollectForAllocation", Time since last: 1007736464 ns, Reaching safepoint: 132668 ns, At safepoint: 21114104 ns, Total: 21246772 ns
[2025-05-20T08:47:11.773+0000][78][info ][gc,start    ] GC(10) Pause Young (Normal) (G1 Evacuation Pause)
[2025-05-20T08:47:11.773+0000][78][info ][gc,task     ] GC(10) Using 13 workers of 13 for evacuation
[2025-05-20T08:47:11.774+0000][78][debug][gc,age      ] GC(10) Desired survivor size 20971520 bytes, new threshold 7 (max threshold 15)
[2025-05-20T08:47:11.784+0000][78][info ][gc,phases   ] GC(10)   Pre Evacuate Collection Set: 0.50ms
[2025-05-20T08:47:11.784+0000][78][info ][gc,phases   ] GC(10)   Merge Heap Roots: 0.39ms
[2025-05-20T08:47:11.785+0000][78][info ][gc,phases   ] GC(10)   Evacuate Collection Set: 6.37ms
[2025-05-20T08:47:11.785+0000][78][info ][gc,phases   ] GC(10)   Post Evacuate Collection Set: 1.84ms
[2025-05-20T08:47:11.785+0000][78][info ][gc,phases   ] GC(10)   Other: 1.37ms
[2025-05-20T08:47:11.786+0000][78][trace][gc,age      ] GC(10) Age table:
[2025-05-20T08:47:11.786+0000][78][trace][gc,age      ] GC(10) - age   1:    4532864 bytes,    4532864 total
[2025-05-20T08:47:11.787+0000][78][trace][gc,age      ] GC(10) - age   2:    5925680 bytes,   10458544 total
[2025-05-20T08:47:11.787+0000][78][trace][gc,age      ] GC(10) - age   3:      13504 bytes,   10472048 total
[2025-05-20T08:47:11.788+0000][78][trace][gc,age      ] GC(10) - age   4:    4207936 bytes,   14679984 total
[2025-05-20T08:47:11.788+0000][78][trace][gc,age      ] GC(10) - age   5:    1839824 bytes,   16519808 total
[2025-05-20T08:47:11.789+0000][78][trace][gc,age      ] GC(10) - age   6:    2824024 bytes,   19343832 total
[2025-05-20T08:47:11.789+0000][78][trace][gc,age      ] GC(10) - age   7:    3849984 bytes,   23193816 total
[2025-05-20T08:47:11.790+0000][78][info ][gc,heap     ] GC(10) Eden regions: 73->0(106)
[2025-05-20T08:47:11.790+0000][78][info ][gc,heap     ] GC(10) Survivor regions: 6->7(10)
[2025-05-20T08:47:11.790+0000][78][info ][gc,heap     ] GC(10) Old regions: 4->5
[2025-05-20T08:47:11.791+0000][78][info ][gc,heap     ] GC(10) Humongous regions: 0->0
[2025-05-20T08:47:11.791+0000][78][info ][gc,metaspace] GC(10) Metaspace: 39239K(40448K)->39239K(40448K) NonClass: 34706K(35392K)->34706K(35392K) Class: 4533K(5056K)->4533K(5056K)
[2025-05-20T08:47:11.792+0000][78][info ][gc          ] GC(10) Pause Young (Normal) (G1 Evacuation Pause) 330M->42M(3768M) 18.989ms
[2025-05-20T08:47:11.792+0000][78][info ][gc,cpu      ] GC(10) User=0.05s Sys=0.03s Real=0.02s
[2025-05-20T08:47:11.792+0000][78][info ][safepoint   ] Safepoint "G1CollectForAllocation", Time since last: 794454422 ns, Reaching safepoint: 7676 ns, At safepoint: 19736961 ns, Total: 19744637 ns
[2025-05-20T08:47:13.902+0000][78][info ][gc,start    ] GC(11) Pause Young (Normal) (G1 Evacuation Pause)
[2025-05-20T08:47:13.902+0000][78][info ][gc,task     ] GC(11) Using 13 workers of 13 for evacuation
[2025-05-20T08:47:13.903+0000][78][debug][gc,age      ] GC(11) Desired survivor size 29360128 bytes, new threshold 15 (max threshold 15)
[2025-05-20T08:47:13.915+0000][78][info ][gc,phases   ] GC(11)   Pre Evacuate Collection Set: 0.53ms
[2025-05-20T08:47:13.916+0000][78][info ][gc,phases   ] GC(11)   Merge Heap Roots: 0.52ms
[2025-05-20T08:47:13.917+0000][78][info ][gc,phases   ] GC(11)   Evacuate Collection Set: 8.12ms
[2025-05-20T08:47:13.918+0000][78][info ][gc,phases   ] GC(11)   Post Evacuate Collection Set: 2.86ms
[2025-05-20T08:47:13.918+0000][78][info ][gc,phases   ] GC(11)   Other: 1.19ms
[2025-05-20T08:47:13.919+0000][78][trace][gc,age      ] GC(11) Age table:
[2025-05-20T08:47:13.919+0000][78][trace][gc,age      ] GC(11) - age   1:    7032456 bytes,    7032456 total
[2025-05-20T08:47:13.920+0000][78][trace][gc,age      ] GC(11) - age   2:    4192384 bytes,   11224840 total
[2025-05-20T08:47:13.920+0000][78][trace][gc,age      ] GC(11) - age   3:    5902344 bytes,   17127184 total
[2025-05-20T08:47:13.921+0000][78][trace][gc,age      ] GC(11) - age   4:      13504 bytes,   17140688 total
[2025-05-20T08:47:13.922+0000][78][trace][gc,age      ] GC(11) - age   5:    4201688 bytes,   21342376 total
[2025-05-20T08:47:13.922+0000][78][trace][gc,age      ] GC(11) - age   6:    1837648 bytes,   23180024 total
[2025-05-20T08:47:13.923+0000][78][trace][gc,age      ] GC(11) - age   7:    2821264 bytes,   26001288 total
[2025-05-20T08:47:13.923+0000][78][trace][gc,age      ] GC(11) - age   8:    3840432 bytes,   29841720 total
[2025-05-20T08:47:13.924+0000][78][info ][gc,heap     ] GC(11) Eden regions: 104->0(107)
[2025-05-20T08:47:13.924+0000][78][info ][gc,heap     ] GC(11) Survivor regions: 7->8(14)
[2025-05-20T08:47:13.925+0000][78][info ][gc,heap     ] GC(11) Old regions: 5->5
[2025-05-20T08:47:13.926+0000][78][info ][gc,heap     ] GC(11) Humongous regions: 0->0
[2025-05-20T08:47:13.926+0000][78][info ][gc,metaspace] GC(11) Metaspace: 45718K(47168K)->45718K(47168K) NonClass: 40234K(41152K)->40234K(41152K) Class: 5484K(6016K)->5484K(6016K)
[2025-05-20T08:47:13.927+0000][78][info ][gc          ] GC(11) Pause Young (Normal) (G1 Evacuation Pause) 458M->48M(3768M) 24.893ms
[2025-05-20T08:47:13.927+0000][78][info ][gc,cpu      ] GC(11) User=0.08s Sys=0.03s Real=0.03s
[2025-05-20T08:47:13.928+0000][78][info ][safepoint   ] Safepoint "G1CollectForAllocation", Time since last: 2109341963 ns, Reaching safepoint: 6574 ns, At safepoint: 26098276 ns, Total: 26104850 ns
[2025-05-20T08:47:20.079+0000][78][info ][gc,start    ] GC(12) Pause Young (Concurrent Start) (Metadata GC Threshold)
[2025-05-20T08:47:20.080+0000][78][info ][gc,task     ] GC(12) Using 13 workers of 13 for evacuation
[2025-05-20T08:47:20.080+0000][78][debug][gc,age      ] GC(12) Desired survivor size 31457280 bytes, new threshold 15 (max threshold 15)
[2025-05-20T08:47:20.094+0000][78][info ][gc,phases   ] GC(12)   Pre Evacuate Collection Set: 0.97ms
[2025-05-20T08:47:20.094+0000][78][info ][gc,phases   ] GC(12)   Merge Heap Roots: 0.41ms
[2025-05-20T08:47:20.094+0000][78][info ][gc,phases   ] GC(12)   Evacuate Collection Set: 9.24ms
[2025-05-20T08:47:20.095+0000][78][info ][gc,phases   ] GC(12)   Post Evacuate Collection Set: 2.48ms
[2025-05-20T08:47:20.095+0000][78][info ][gc,phases   ] GC(12)   Other: 0.82ms
[2025-05-20T08:47:20.095+0000][78][trace][gc,age      ] GC(12) Age table:
[2025-05-20T08:47:20.096+0000][78][trace][gc,age      ] GC(12) - age   1:    3153768 bytes,    3153768 total
[2025-05-20T08:47:20.096+0000][78][trace][gc,age      ] GC(12) - age   2:    6854144 bytes,   10007912 total
[2025-05-20T08:47:20.097+0000][78][trace][gc,age      ] GC(12) - age   3:    4186632 bytes,   14194544 total
[2025-05-20T08:47:20.097+0000][78][trace][gc,age      ] GC(12) - age   4:    5900240 bytes,   20094784 total
[2025-05-20T08:47:20.098+0000][78][trace][gc,age      ] GC(12) - age   5:      13504 bytes,   20108288 total
[2025-05-20T08:47:20.098+0000][78][trace][gc,age      ] GC(12) - age   6:    4201136 bytes,   24309424 total
[2025-05-20T08:47:20.098+0000][78][trace][gc,age      ] GC(12) - age   7:    1837648 bytes,   26147072 total
[2025-05-20T08:47:20.099+0000][78][trace][gc,age      ] GC(12) - age   8:    2820136 bytes,   28967208 total
[2025-05-20T08:47:20.099+0000][78][trace][gc,age      ] GC(12) - age   9:    3840288 bytes,   32807496 total
[2025-05-20T08:47:20.099+0000][78][info ][gc,heap     ] GC(12) Eden regions: 55->0(156)
[2025-05-20T08:47:20.100+0000][78][info ][gc,heap     ] GC(12) Survivor regions: 8->9(15)
[2025-05-20T08:47:20.100+0000][78][info ][gc,heap     ] GC(12) Old regions: 5->5
[2025-05-20T08:47:20.101+0000][78][info ][gc,heap     ] GC(12) Humongous regions: 0->0
[2025-05-20T08:47:20.101+0000][78][info ][gc,metaspace] GC(12) Metaspace: 59041K(60608K)->59041K(60608K) NonClass: 51761K(52736K)->51761K(52736K) Class: 7279K(7872K)->7279K(7872K)
[2025-05-20T08:47:20.101+0000][78][info ][gc          ] GC(12) Pause Young (Concurrent Start) (Metadata GC Threshold) 266M->52M(3768M) 21.952ms
[2025-05-20T08:47:20.102+0000][78][info ][gc          ] GC(13) Concurrent Mark Cycle
[2025-05-20T08:47:20.102+0000][78][info ][gc,marking  ] GC(13) Concurrent Scan Root Regions
[2025-05-20T08:47:20.102+0000][78][info ][gc,cpu      ] GC(12) User=0.08s Sys=0.02s Real=0.02s
[2025-05-20T08:47:20.103+0000][78][info ][safepoint   ] Safepoint "CollectForMetadataAllocation", Time since last: 6151566172 ns, Reaching safepoint: 4008 ns, At safepoint: 24064285 ns, Total: 24068293 ns
[2025-05-20T08:47:20.109+0000][78][info ][gc,marking  ] GC(13) Concurrent Scan Root Regions 7.006ms
[2025-05-20T08:47:20.110+0000][78][info ][gc,marking  ] GC(13) Concurrent Mark
[2025-05-20T08:47:20.110+0000][78][info ][gc,marking  ] GC(13) Concurrent Mark From Roots
[2025-05-20T08:47:20.110+0000][78][info ][gc,task     ] GC(13) Using 3 workers of 3 for marking
[2025-05-20T08:47:20.126+0000][78][info ][gc,marking  ] GC(13) Concurrent Mark From Roots 15.679ms
[2025-05-20T08:47:20.126+0000][78][info ][gc,marking  ] GC(13) Concurrent Preclean
[2025-05-20T08:47:20.126+0000][78][info ][gc,marking  ] GC(13) Concurrent Preclean 0.386ms
[2025-05-20T08:47:20.127+0000][78][info ][gc,start    ] GC(13) Pause Remark
[2025-05-20T08:47:20.134+0000][78][info ][gc          ] GC(13) Pause Remark 55M->55M(3768M) 6.476ms
[2025-05-20T08:47:20.134+0000][78][info ][gc,cpu      ] GC(13) User=0.03s Sys=0.01s Real=0.01s
[2025-05-20T08:47:20.134+0000][78][info ][safepoint   ] Safepoint "G1PauseRemark", Time since last: 23540275 ns, Reaching safepoint: 122889 ns, At safepoint: 7233085 ns, Total: 7355974 ns
[2025-05-20T08:47:20.135+0000][78][info ][gc,marking  ] GC(13) Concurrent Mark 25.174ms
[2025-05-20T08:47:20.135+0000][78][info ][gc,marking  ] GC(13) Concurrent Rebuild Remembered Sets and Scrub Regions
[2025-05-20T08:47:20.140+0000][78][info ][gc,marking  ] GC(13) Concurrent Rebuild Remembered Sets and Scrub Regions 4.969ms
[2025-05-20T08:47:20.141+0000][78][info ][gc,start    ] GC(13) Pause Cleanup
[2025-05-20T08:47:20.141+0000][78][info ][gc          ] GC(13) Pause Cleanup 55M->55M(3768M) 0.429ms
[2025-05-20T08:47:20.141+0000][78][info ][gc,cpu      ] GC(13) User=0.00s Sys=0.00s Real=0.00s
[2025-05-20T08:47:20.142+0000][78][info ][safepoint   ] Safepoint "G1PauseCleanup", Time since last: 6093038 ns, Reaching safepoint: 120219 ns, At safepoint: 1269014 ns, Total: 1389233 ns
[2025-05-20T08:47:20.142+0000][78][info ][gc,marking  ] GC(13) Concurrent Clear Claimed Marks
[2025-05-20T08:47:20.143+0000][78][info ][gc,marking  ] GC(13) Concurrent Clear Claimed Marks 0.426ms
[2025-05-20T08:47:20.143+0000][78][info ][gc,marking  ] GC(13) Concurrent Cleanup for Next Mark
[2025-05-20T08:47:20.154+0000][78][info ][gc,marking  ] GC(13) Concurrent Cleanup for Next Mark 11.100ms
[2025-05-20T08:47:20.155+0000][78][info ][gc          ] GC(13) Concurrent Mark Cycle 52.735ms
[2025-05-20T08:47:26.118+0000][78][info ][gc,start    ] GC(14) Pause Young (Prepare Mixed) (G1 Evacuation Pause)
[2025-05-20T08:47:26.119+0000][78][info ][gc,task     ] GC(14) Using 13 workers of 13 for evacuation
[2025-05-20T08:47:26.119+0000][78][debug][gc,age      ] GC(14) Desired survivor size 41943040 bytes, new threshold 15 (max threshold 15)
[2025-05-20T08:47:26.149+0000][78][info ][gc,phases   ] GC(14)   Pre Evacuate Collection Set: 0.58ms
[2025-05-20T08:47:26.150+0000][78][info ][gc,phases   ] GC(14)   Merge Heap Roots: 0.40ms
[2025-05-20T08:47:26.150+0000][78][info ][gc,phases   ] GC(14)   Evacuate Collection Set: 25.19ms
[2025-05-20T08:47:26.150+0000][78][info ][gc,phases   ] GC(14)   Post Evacuate Collection Set: 3.70ms
[2025-05-20T08:47:26.150+0000][78][info ][gc,phases   ] GC(14)   Other: 0.60ms
[2025-05-20T08:47:26.151+0000][78][trace][gc,age      ] GC(14) Age table:
[2025-05-20T08:47:26.151+0000][78][trace][gc,age      ] GC(14) - age   1:   11731712 bytes,   11731712 total
[2025-05-20T08:47:26.151+0000][78][trace][gc,age      ] GC(14) - age   2:    2906432 bytes,   14638144 total
[2025-05-20T08:47:26.151+0000][78][trace][gc,age      ] GC(14) - age   3:    6658048 bytes,   21296192 total
[2025-05-20T08:47:26.152+0000][78][trace][gc,age      ] GC(14) - age   4:    4174296 bytes,   25470488 total
[2025-05-20T08:47:26.152+0000][78][trace][gc,age      ] GC(14) - age   5:    5880224 bytes,   31350712 total
[2025-05-20T08:47:26.152+0000][78][trace][gc,age      ] GC(14) - age   6:      13472 bytes,   31364184 total
[2025-05-20T08:47:26.153+0000][78][trace][gc,age      ] GC(14) - age   7:    4180512 bytes,   35544696 total
[2025-05-20T08:47:26.153+0000][78][trace][gc,age      ] GC(14) - age   8:    1827960 bytes,   37372656 total
[2025-05-20T08:47:26.153+0000][78][trace][gc,age      ] GC(14) - age   9:    2804992 bytes,   40177648 total
[2025-05-20T08:47:26.153+0000][78][trace][gc,age      ] GC(14) - age  10:    3809936 bytes,   43987584 total
[2025-05-20T08:47:26.154+0000][78][info ][gc,heap     ] GC(14) Eden regions: 150->0(143)
[2025-05-20T08:47:26.154+0000][78][info ][gc,heap     ] GC(14) Survivor regions: 9->12(20)
[2025-05-20T08:47:26.154+0000][78][info ][gc,heap     ] GC(14) Old regions: 5->5
[2025-05-20T08:47:26.154+0000][78][info ][gc,heap     ] GC(14) Humongous regions: 0->0
[2025-05-20T08:47:26.155+0000][78][info ][gc,metaspace] GC(14) Metaspace: 77950K(79936K)->77950K(79936K) NonClass: 67479K(68672K)->67479K(68672K) Class: 10471K(11264K)->10471K(11264K)
[2025-05-20T08:47:26.155+0000][78][info ][gc          ] GC(14) Pause Young (Prepare Mixed) (G1 Evacuation Pause) 652M->64M(3768M) 36.427ms
[2025-05-20T08:47:26.155+0000][78][info ][gc,cpu      ] GC(14) User=0.30s Sys=0.02s Real=0.04s
[2025-05-20T08:47:26.155+0000][78][info ][safepoint   ] Safepoint "G1CollectForAllocation", Time since last: 5976556087 ns, Reaching safepoint: 6212 ns, At safepoint: 37043217 ns, Total: 37049429 ns
[2025-05-20T08:47:29.043+0000][78][info ][gc,start    ] GC(15) Pause Young (Mixed) (Metadata GC Threshold)
[2025-05-20T08:47:29.044+0000][78][info ][gc,task     ] GC(15) Using 13 workers of 13 for evacuation
[2025-05-20T08:47:29.047+0000][78][debug][gc,age      ] GC(15) Desired survivor size 41943040 bytes, new threshold 10 (max threshold 15)
[2025-05-20T08:47:29.127+0000][78][info ][gc,phases   ] GC(15)   Pre Evacuate Collection Set: 0.66ms
[2025-05-20T08:47:29.133+0000][78][info ][gc,phases   ] GC(15)   Merge Heap Roots: 0.41ms
[2025-05-20T08:47:29.134+0000][78][info ][gc,phases   ] GC(15)   Evacuate Collection Set: 71.55ms
[2025-05-20T08:47:29.134+0000][78][info ][gc,phases   ] GC(15)   Post Evacuate Collection Set: 3.70ms
[2025-05-20T08:47:29.134+0000][78][info ][gc,phases   ] GC(15)   Other: 6.48ms
[2025-05-20T08:47:29.134+0000][78][trace][gc,age      ] GC(15) Age table:
[2025-05-20T08:47:29.135+0000][78][trace][gc,age      ] GC(15) - age   1:    8649672 bytes,    8649672 total
[2025-05-20T08:47:29.135+0000][78][trace][gc,age      ] GC(15) - age   2:   11302424 bytes,   19952096 total
[2025-05-20T08:47:29.135+0000][78][trace][gc,age      ] GC(15) - age   3:    2887640 bytes,   22839736 total
[2025-05-20T08:47:29.135+0000][78][trace][gc,age      ] GC(15) - age   4:    6582840 bytes,   29422576 total
[2025-05-20T08:47:29.136+0000][78][trace][gc,age      ] GC(15) - age   5:    4166048 bytes,   33588624 total
[2025-05-20T08:47:29.136+0000][78][trace][gc,age      ] GC(15) - age   6:    5869608 bytes,   39458232 total
[2025-05-20T08:47:29.136+0000][78][trace][gc,age      ] GC(15) - age   7:      13152 bytes,   39471384 total
[2025-05-20T08:47:29.137+0000][78][trace][gc,age      ] GC(15) - age   8:    4169320 bytes,   43640704 total
[2025-05-20T08:47:29.137+0000][78][trace][gc,age      ] GC(15) - age   9:    1825072 bytes,   45465776 total
[2025-05-20T08:47:29.137+0000][78][trace][gc,age      ] GC(15) - age  10:    2802344 bytes,   48268120 total
[2025-05-20T08:47:29.138+0000][78][info ][gc,heap     ] GC(15) Eden regions: 78->0(143)
[2025-05-20T08:47:29.138+0000][78][info ][gc,heap     ] GC(15) Survivor regions: 12->14(20)
[2025-05-20T08:47:29.138+0000][78][info ][gc,heap     ] GC(15) Old regions: 5->6
[2025-05-20T08:47:29.139+0000][78][info ][gc,heap     ] GC(15) Humongous regions: 0->0
[2025-05-20T08:47:29.139+0000][78][info ][gc,metaspace] GC(15) Metaspace: 99262K(101440K)->99262K(101440K) NonClass: 85754K(86976K)->85754K(86976K) Class: 13508K(14464K)->13508K(14464K)
[2025-05-20T08:47:29.139+0000][78][info ][gc          ] GC(15) Pause Young (Mixed) (Metadata GC Threshold) 374M->73M(3768M) 95.846ms
[2025-05-20T08:47:29.139+0000][78][info ][gc,cpu      ] GC(15) User=0.33s Sys=0.20s Real=0.09s
[2025-05-20T08:47:29.140+0000][78][info ][safepoint   ] Safepoint "CollectForMetadataAllocation", Time since last: 2887884608 ns, Reaching safepoint: 7013 ns, At safepoint: 96704526 ns, Total: 96711539 ns
[2025-05-20T08:47:29.166+0000][78][info ][gc,start    ] GC(16) Pause Young (Concurrent Start) (Metadata GC Threshold)
[2025-05-20T08:47:29.167+0000][78][info ][gc,task     ] GC(16) Using 13 workers of 13 for evacuation
[2025-05-20T08:47:29.167+0000][78][debug][gc,age      ] GC(16) Desired survivor size 41943040 bytes, new threshold 8 (max threshold 15)
[2025-05-20T08:47:29.193+0000][78][info ][gc,phases   ] GC(16)   Pre Evacuate Collection Set: 0.80ms
[2025-05-20T08:47:29.194+0000][78][info ][gc,phases   ] GC(16)   Merge Heap Roots: 0.51ms
[2025-05-20T08:47:29.194+0000][78][info ][gc,phases   ] GC(16)   Evacuate Collection Set: 21.38ms
[2025-05-20T08:47:29.194+0000][78][info ][gc,phases   ] GC(16)   Post Evacuate Collection Set: 2.60ms
[2025-05-20T08:47:29.194+0000][78][info ][gc,phases   ] GC(16)   Other: 0.99ms
[2025-05-20T08:47:29.195+0000][78][trace][gc,age      ] GC(16) Age table:
[2025-05-20T08:47:29.195+0000][78][trace][gc,age      ] GC(16) - age   1:      30504 bytes,      30504 total
[2025-05-20T08:47:29.195+0000][78][trace][gc,age      ] GC(16) - age   2:    8523200 bytes,    8553704 total
[2025-05-20T08:47:29.195+0000][78][trace][gc,age      ] GC(16) - age   3:   11302424 bytes,   19856128 total
[2025-05-20T08:47:29.196+0000][78][trace][gc,age      ] GC(16) - age   4:    2887640 bytes,   22743768 total
[2025-05-20T08:47:29.196+0000][78][trace][gc,age      ] GC(16) - age   5:    6582840 bytes,   29326608 total
[2025-05-20T08:47:29.196+0000][78][trace][gc,age      ] GC(16) - age   6:    4166048 bytes,   33492656 total
[2025-05-20T08:47:29.196+0000][78][trace][gc,age      ] GC(16) - age   7:    5869608 bytes,   39362264 total
[2025-05-20T08:47:29.197+0000][78][trace][gc,age      ] GC(16) - age   8:      13152 bytes,   39375416 total
[2025-05-20T08:47:29.197+0000][78][info ][gc,heap     ] GC(16) Eden regions: 1->0(206)
[2025-05-20T08:47:29.197+0000][78][info ][gc,heap     ] GC(16) Survivor regions: 14->11(20)
[2025-05-20T08:47:29.198+0000][78][info ][gc,heap     ] GC(16) Old regions: 6->8
[2025-05-20T08:47:29.198+0000][78][info ][gc,heap     ] GC(16) Humongous regions: 0->0
[2025-05-20T08:47:29.198+0000][78][info ][gc,metaspace] GC(16) Metaspace: 99542K(101760K)->99542K(101760K) NonClass: 86013K(87296K)->86013K(87296K) Class: 13528K(14464K)->13528K(14464K)
[2025-05-20T08:47:29.198+0000][78][info ][gc          ] GC(16) Pause Young (Concurrent Start) (Metadata GC Threshold) 76M->72M(3768M) 31.947ms
[2025-05-20T08:47:29.199+0000][78][info ][gc,cpu      ] GC(16) User=0.16s Sys=0.04s Real=0.03s
[2025-05-20T08:47:29.199+0000][78][info ][gc          ] GC(17) Concurrent Mark Cycle
[2025-05-20T08:47:29.199+0000][78][info ][gc,marking  ] GC(17) Concurrent Scan Root Regions
[2025-05-20T08:47:29.199+0000][78][info ][safepoint   ] Safepoint "CollectForMetadataAllocation", Time since last: 26318585 ns, Reaching safepoint: 5310 ns, At safepoint: 32854101 ns, Total: 32859411 ns
[2025-05-20T08:47:29.210+0000][78][info ][gc,marking  ] GC(17) Concurrent Scan Root Regions 10.342ms
[2025-05-20T08:47:29.210+0000][78][info ][gc,marking  ] GC(17) Concurrent Mark
[2025-05-20T08:47:29.210+0000][78][info ][gc,marking  ] GC(17) Concurrent Mark From Roots
[2025-05-20T08:47:29.211+0000][78][info ][gc,task     ] GC(17) Using 3 workers of 3 for marking
[2025-05-20T08:47:29.224+0000][78][info ][gc,marking  ] GC(17) Concurrent Mark From Roots 13.579ms
[2025-05-20T08:47:29.224+0000][78][info ][gc,marking  ] GC(17) Concurrent Preclean
[2025-05-20T08:47:29.225+0000][78][info ][gc,marking  ] GC(17) Concurrent Preclean 0.417ms
[2025-05-20T08:47:29.225+0000][78][info ][gc,start    ] GC(17) Pause Remark
[2025-05-20T08:47:29.232+0000][78][info ][gc          ] GC(17) Pause Remark 75M->75M(3768M) 6.464ms
[2025-05-20T08:47:29.232+0000][78][info ][gc,cpu      ] GC(17) User=0.04s Sys=0.00s Real=0.01s
[2025-05-20T08:47:29.233+0000][78][info ][safepoint   ] Safepoint "G1PauseRemark", Time since last: 25936576 ns, Reaching safepoint: 226041 ns, At safepoint: 7317701 ns, Total: 7543742 ns
[2025-05-20T08:47:29.233+0000][78][info ][gc,marking  ] GC(17) Concurrent Mark 22.897ms
[2025-05-20T08:47:29.233+0000][78][info ][gc,marking  ] GC(17) Concurrent Rebuild Remembered Sets and Scrub Regions
[2025-05-20T08:47:29.241+0000][78][info ][gc,marking  ] GC(17) Concurrent Rebuild Remembered Sets and Scrub Regions 7.919ms
[2025-05-20T08:47:29.242+0000][78][info ][gc,start    ] GC(17) Pause Cleanup
[2025-05-20T08:47:29.242+0000][78][info ][gc          ] GC(17) Pause Cleanup 76M->76M(3768M) 0.423ms
[2025-05-20T08:47:29.242+0000][78][info ][gc,cpu      ] GC(17) User=0.02s Sys=0.00s Real=0.01s
[2025-05-20T08:47:29.243+0000][78][info ][safepoint   ] Safepoint "G1PauseCleanup", Time since last: 9050662 ns, Reaching safepoint: 7043 ns, At safepoint: 988200 ns, Total: 995243 ns
[2025-05-20T08:47:29.243+0000][78][info ][gc,marking  ] GC(17) Concurrent Clear Claimed Marks
[2025-05-20T08:47:29.244+0000][78][info ][gc,marking  ] GC(17) Concurrent Clear Claimed Marks 0.522ms
[2025-05-20T08:47:29.244+0000][78][info ][gc,marking  ] GC(17) Concurrent Cleanup for Next Mark
[2025-05-20T08:47:29.248+0000][78][info ][gc,marking  ] GC(17) Concurrent Cleanup for Next Mark 3.608ms
[2025-05-20T08:47:29.248+0000][78][info ][gc          ] GC(17) Concurrent Mark Cycle 49.288ms
[2025-05-20T08:47:55.094+0000][78][info ][gc,start    ] GC(18) Pause Young (Prepare Mixed) (G1 Evacuation Pause)
[2025-05-20T08:47:55.094+0000][78][info ][gc,task     ] GC(18) Using 13 workers of 13 for evacuation
[2025-05-20T08:47:55.095+0000][78][debug][gc,age      ] GC(18) Desired survivor size 54525952 bytes, new threshold 15 (max threshold 15)
[2025-05-20T08:47:55.134+0000][78][info ][gc,phases   ] GC(18)   Pre Evacuate Collection Set: 0.78ms
[2025-05-20T08:47:55.134+0000][78][info ][gc,phases   ] GC(18)   Merge Heap Roots: 0.51ms
[2025-05-20T08:47:55.135+0000][78][info ][gc,phases   ] GC(18)   Evacuate Collection Set: 31.34ms
[2025-05-20T08:47:55.135+0000][78][info ][gc,phases   ] GC(18)   Post Evacuate Collection Set: 6.48ms
[2025-05-20T08:47:55.135+0000][78][info ][gc,phases   ] GC(18)   Other: 0.73ms
[2025-05-20T08:47:55.136+0000][78][trace][gc,age      ] GC(18) Age table:
[2025-05-20T08:47:55.136+0000][78][trace][gc,age      ] GC(18) - age   1:   50832784 bytes,   50832784 total
[2025-05-20T08:47:55.136+0000][78][trace][gc,age      ] GC(18) - age   2:      15240 bytes,   50848024 total
[2025-05-20T08:47:55.136+0000][78][trace][gc,age      ] GC(18) - age   3:    8255728 bytes,   59103752 total
[2025-05-20T08:47:55.137+0000][78][trace][gc,age      ] GC(18) - age   4:   11116456 bytes,   70220208 total
[2025-05-20T08:47:55.137+0000][78][trace][gc,age      ] GC(18) - age   5:    2869096 bytes,   73089304 total
[2025-05-20T08:47:55.137+0000][78][trace][gc,age      ] GC(18) - age   6:    6565176 bytes,   79654480 total
[2025-05-20T08:47:55.138+0000][78][trace][gc,age      ] GC(18) - age   7:    4162552 bytes,   83817032 total
[2025-05-20T08:47:55.138+0000][78][trace][gc,age      ] GC(18) - age   8:    5864616 bytes,   89681648 total
[2025-05-20T08:47:55.138+0000][78][trace][gc,age      ] GC(18) - age   9:      13152 bytes,   89694800 total
[2025-05-20T08:47:55.139+0000][78][info ][gc,heap     ] GC(18) Eden regions: 191->0(173)
[2025-05-20T08:47:55.139+0000][78][info ][gc,heap     ] GC(18) Survivor regions: 11->24(26)
[2025-05-20T08:47:55.139+0000][78][info ][gc,heap     ] GC(18) Old regions: 8->8
[2025-05-20T08:47:55.139+0000][78][info ][gc,heap     ] GC(18) Humongous regions: 0->0
[2025-05-20T08:47:55.140+0000][78][info ][gc,metaspace] GC(18) Metaspace: 143779K(147840K)->143779K(147840K) NonClass: 123335K(125504K)->123335K(125504K) Class: 20443K(22336K)->20443K(22336K)
[2025-05-20T08:47:55.140+0000][78][info ][gc          ] GC(18) Pause Young (Prepare Mixed) (G1 Evacuation Pause) 835M->124M(3768M) 46.227ms
[2025-05-20T08:47:55.141+0000][78][info ][gc,cpu      ] GC(18) User=0.36s Sys=0.02s Real=0.05s
[2025-05-20T08:47:55.141+0000][78][info ][safepoint   ] Safepoint "G1CollectForAllocation", Time since last: 25853301741 ns, Reaching safepoint: 156621 ns, At safepoint: 47550333 ns, Total: 47706954 ns
[2025-05-20T08:48:03.041+0000][78][info ][gc,start    ] GC(19) Pause Young (Mixed) (G1 Evacuation Pause)
[2025-05-20T08:48:03.041+0000][78][info ][gc,task     ] GC(19) Using 13 workers of 13 for evacuation
[2025-05-20T08:48:03.042+0000][78][debug][gc,age      ] GC(19) Desired survivor size 52428800 bytes, new threshold 3 (max threshold 15)
[2025-05-20T08:48:03.132+0000][78][info ][gc,phases   ] GC(19)   Pre Evacuate Collection Set: 0.66ms
[2025-05-20T08:48:03.132+0000][78][info ][gc,phases   ] GC(19)   Merge Heap Roots: 0.52ms
[2025-05-20T08:48:03.132+0000][78][info ][gc,phases   ] GC(19)   Evacuate Collection Set: 79.48ms
[2025-05-20T08:48:03.133+0000][78][info ][gc,phases   ] GC(19)   Post Evacuate Collection Set: 8.95ms
[2025-05-20T08:48:03.133+0000][78][info ][gc,phases   ] GC(19)   Other: 0.70ms
[2025-05-20T08:48:03.133+0000][78][trace][gc,age      ] GC(19) Age table:
[2025-05-20T08:48:03.134+0000][78][trace][gc,age      ] GC(19) - age   1:   24209312 bytes,   24209312 total
[2025-05-20T08:48:03.134+0000][78][trace][gc,age      ] GC(19) - age   2:   48701096 bytes,   72910408 total
[2025-05-20T08:48:03.134+0000][78][trace][gc,age      ] GC(19) - age   3:      15176 bytes,   72925584 total
[2025-05-20T08:48:03.135+0000][78][info ][gc,heap     ] GC(19) Eden regions: 170->0(195)
[2025-05-20T08:48:03.135+0000][78][info ][gc,heap     ] GC(19) Survivor regions: 24->21(25)
[2025-05-20T08:48:03.135+0000][78][info ][gc,heap     ] GC(19) Old regions: 8->17
[2025-05-20T08:48:03.136+0000][78][info ][gc,heap     ] GC(19) Humongous regions: 0->0
[2025-05-20T08:48:03.136+0000][78][info ][gc,metaspace] GC(19) Metaspace: 148639K(152896K)->148639K(152896K) NonClass: 127481K(129792K)->127481K(129792K) Class: 21158K(23104K)->21158K(23104K)
[2025-05-20T08:48:03.136+0000][78][info ][gc          ] GC(19) Pause Young (Mixed) (G1 Evacuation Pause) 804M->151M(3768M) 95.259ms
[2025-05-20T08:48:03.137+0000][78][info ][gc,cpu      ] GC(19) User=0.52s Sys=0.22s Real=0.09s
[2025-05-20T08:48:03.138+0000][78][info ][safepoint   ] Safepoint "G1CollectForAllocation", Time since last: 7902178361 ns, Reaching safepoint: 20771 ns, At safepoint: 96679434 ns, Total: 96700205 ns
[2025-05-20T08:50:10.677+0000][78][info ][gc,start    ] GC(20) Pause Young (Concurrent Start) (CodeCache GC Threshold)
[2025-05-20T08:50:10.677+0000][78][info ][gc,task     ] GC(20) Using 13 workers of 13 for evacuation
[2025-05-20T08:50:10.678+0000][78][debug][gc,age      ] GC(20) Desired survivor size 56623104 bytes, new threshold 2 (max threshold 15)
[2025-05-20T08:50:10.767+0000][78][info ][gc,phases   ] GC(20)   Pre Evacuate Collection Set: 1.27ms
[2025-05-20T08:50:10.768+0000][78][info ][gc,phases   ] GC(20)   Merge Heap Roots: 0.52ms
[2025-05-20T08:50:10.768+0000][78][info ][gc,phases   ] GC(20)   Evacuate Collection Set: 82.21ms
[2025-05-20T08:50:10.768+0000][78][info ][gc,phases   ] GC(20)   Post Evacuate Collection Set: 4.70ms
[2025-05-20T08:50:10.768+0000][78][info ][gc,phases   ] GC(20)   Other: 1.09ms
[2025-05-20T08:50:10.769+0000][78][trace][gc,age      ] GC(20) Age table:
[2025-05-20T08:50:10.769+0000][78][trace][gc,age      ] GC(20) - age   1:    3178088 bytes,    3178088 total
[2025-05-20T08:50:10.769+0000][78][trace][gc,age      ] GC(20) - age   2:   20552120 bytes,   23730208 total
[2025-05-20T08:50:10.770+0000][78][info ][gc,heap     ] GC(20) Eden regions: 166->0(240)
[2025-05-20T08:50:10.770+0000][78][info ][gc,heap     ] GC(20) Survivor regions: 21->8(27)
[2025-05-20T08:50:10.770+0000][78][info ][gc,heap     ] GC(20) Old regions: 17->31
[2025-05-20T08:50:10.770+0000][78][info ][gc,heap     ] GC(20) Humongous regions: 0->0
[2025-05-20T08:50:10.771+0000][78][info ][gc,metaspace] GC(20) Metaspace: 152943K(157248K)->152943K(157248K) NonClass: 131559K(133888K)->131559K(133888K) Class: 21384K(23360K)->21384K(23360K)
[2025-05-20T08:50:10.771+0000][78][info ][gc          ] GC(20) Pause Young (Concurrent Start) (CodeCache GC Threshold) 814M->151M(3768M) 94.153ms
[2025-05-20T08:50:10.771+0000][78][info ][gc,cpu      ] GC(20) User=0.33s Sys=0.37s Real=0.10s
[2025-05-20T08:50:10.771+0000][78][info ][gc          ] GC(21) Concurrent Mark Cycle
[2025-05-20T08:50:10.772+0000][78][info ][gc,marking  ] GC(21) Concurrent Scan Root Regions
[2025-05-20T08:50:10.772+0000][78][info ][safepoint   ] Safepoint "G1TryInitiateConcMark", Time since last: 127549065885 ns, Reaching safepoint: 51142 ns, At safepoint: 95089303 ns, Total: 95140445 ns
[2025-05-20T08:50:10.786+0000][78][info ][gc,marking  ] GC(21) Concurrent Scan Root Regions 13.758ms
[2025-05-20T08:50:10.786+0000][78][info ][gc,marking  ] GC(21) Concurrent Mark
[2025-05-20T08:50:10.786+0000][78][info ][gc,marking  ] GC(21) Concurrent Mark From Roots
[2025-05-20T08:50:10.787+0000][78][info ][gc,task     ] GC(21) Using 3 workers of 3 for marking
[2025-05-20T08:50:10.831+0000][78][info ][gc,marking  ] GC(21) Concurrent Mark From Roots 44.780ms
[2025-05-20T08:50:10.831+0000][78][info ][gc,marking  ] GC(21) Concurrent Preclean
[2025-05-20T08:50:10.832+0000][78][info ][gc,marking  ] GC(21) Concurrent Preclean 0.886ms
[2025-05-20T08:50:10.833+0000][78][info ][gc,start    ] GC(21) Pause Remark
[2025-05-20T08:50:10.860+0000][78][info ][gc          ] GC(21) Pause Remark 155M->155M(3768M) 27.295ms
[2025-05-20T08:50:10.861+0000][78][info ][gc,cpu      ] GC(21) User=0.12s Sys=0.00s Real=0.03s
[2025-05-20T08:50:10.861+0000][78][info ][safepoint   ] Safepoint "G1PauseRemark", Time since last: 61053291 ns, Reaching safepoint: 28747 ns, At safepoint: 28204149 ns, Total: 28232896 ns
[2025-05-20T08:50:10.862+0000][78][info ][gc,marking  ] GC(21) Concurrent Mark 75.766ms
[2025-05-20T08:50:10.862+0000][78][info ][gc,marking  ] GC(21) Concurrent Rebuild Remembered Sets and Scrub Regions
[2025-05-20T08:50:10.880+0000][78][info ][gc,marking  ] GC(21) Concurrent Rebuild Remembered Sets and Scrub Regions 17.855ms
[2025-05-20T08:50:10.881+0000][78][info ][gc,start    ] GC(21) Pause Cleanup
[2025-05-20T08:50:10.881+0000][78][info ][gc          ] GC(21) Pause Cleanup 156M->156M(3768M) 0.323ms
[2025-05-20T08:50:10.881+0000][78][info ][gc,cpu      ] GC(21) User=0.00s Sys=0.00s Real=0.00s
[2025-05-20T08:50:10.881+0000][78][info ][safepoint   ] Safepoint "G1PauseCleanup", Time since last: 19375143 ns, Reaching safepoint: 31392 ns, At safepoint: 895631 ns, Total: 927023 ns
[2025-05-20T08:50:10.882+0000][78][info ][gc,marking  ] GC(21) Concurrent Clear Claimed Marks
[2025-05-20T08:50:10.882+0000][78][info ][gc,marking  ] GC(21) Concurrent Clear Claimed Marks 0.803ms
[2025-05-20T08:50:10.883+0000][78][info ][gc,marking  ] GC(21) Concurrent Cleanup for Next Mark
[2025-05-20T08:50:10.894+0000][78][info ][gc,marking  ] GC(21) Concurrent Cleanup for Next Mark 11.364ms
[2025-05-20T08:50:10.895+0000][78][info ][gc          ] GC(21) Concurrent Mark Cycle 123.229ms
[2025-05-20T08:57:08.254+0000][78][info ][gc,start    ] GC(22) Pause Young (Prepare Mixed) (G1 Evacuation Pause)
[2025-05-20T08:57:08.255+0000][78][info ][gc,task     ] GC(22) Using 13 workers of 13 for evacuation
[2025-05-20T08:57:08.255+0000][78][debug][gc,age      ] GC(22) Desired survivor size 65011712 bytes, new threshold 15 (max threshold 15)
[2025-05-20T08:57:08.311+0000][78][info ][gc,phases   ] GC(22)   Pre Evacuate Collection Set: 1.04ms
[2025-05-20T08:57:08.311+0000][78][info ][gc,phases   ] GC(22)   Merge Heap Roots: 1.48ms
[2025-05-20T08:57:08.311+0000][78][info ][gc,phases   ] GC(22)   Evacuate Collection Set: 48.81ms
[2025-05-20T08:57:08.312+0000][78][info ][gc,phases   ] GC(22)   Post Evacuate Collection Set: 4.09ms
[2025-05-20T08:57:08.312+0000][78][info ][gc,phases   ] GC(22)   Other: 0.78ms
[2025-05-20T08:57:08.312+0000][78][trace][gc,age      ] GC(22) Age table:
[2025-05-20T08:57:08.312+0000][78][trace][gc,age      ] GC(22) - age   1:    2307048 bytes,    2307048 total
[2025-05-20T08:57:08.313+0000][78][trace][gc,age      ] GC(22) - age   2:    2233000 bytes,    4540048 total
[2025-05-20T08:57:08.313+0000][78][trace][gc,age      ] GC(22) - age   3:   20537064 bytes,   25077112 total
[2025-05-20T08:57:08.313+0000][78][info ][gc,heap     ] GC(22) Eden regions: 236->0(262)
[2025-05-20T08:57:08.314+0000][78][info ][gc,heap     ] GC(22) Survivor regions: 8->10(31)
[2025-05-20T08:57:08.314+0000][78][info ][gc,heap     ] GC(22) Old regions: 31->31
[2025-05-20T08:57:08.314+0000][78][info ][gc,heap     ] GC(22) Humongous regions: 0->0
[2025-05-20T08:57:08.314+0000][78][info ][gc,metaspace] GC(22) Metaspace: 154672K(159104K)->154672K(159104K) NonClass: 133158K(135552K)->133158K(135552K) Class: 21514K(23552K)->21514K(23552K)
[2025-05-20T08:57:08.315+0000][78][info ][gc          ] GC(22) Pause Young (Prepare Mixed) (G1 Evacuation Pause) 1095M->160M(3768M) 60.440ms
[2025-05-20T08:57:08.315+0000][78][info ][gc,cpu      ] GC(22) User=0.56s Sys=0.00s Real=0.06s
[2025-05-20T08:57:08.315+0000][78][info ][safepoint   ] Safepoint "G1CollectForAllocation", Time since last: 417406376822 ns, Reaching safepoint: 26622 ns, At safepoint: 61391375 ns, Total: 61417997 ns
[2025-05-20T09:05:36.351+0000][78][info ][gc,start    ] GC(23) Pause Young (Mixed) (G1 Evacuation Pause)
[2025-05-20T09:05:36.351+0000][78][info ][gc,task     ] GC(23) Using 13 workers of 13 for evacuation
[2025-05-20T09:05:36.352+0000][78][debug][gc,age      ] GC(23) Desired survivor size 73400320 bytes, new threshold 15 (max threshold 15)
[2025-05-20T09:05:36.401+0000][78][info ][gc,phases   ] GC(23)   Pre Evacuate Collection Set: 1.83ms
[2025-05-20T09:05:36.401+0000][78][info ][gc,phases   ] GC(23)   Merge Heap Roots: 0.73ms
[2025-05-20T09:05:36.401+0000][78][info ][gc,phases   ] GC(23)   Evacuate Collection Set: 40.37ms
[2025-05-20T09:05:36.402+0000][78][info ][gc,phases   ] GC(23)   Post Evacuate Collection Set: 5.67ms
[2025-05-20T09:05:36.402+0000][78][info ][gc,phases   ] GC(23)   Other: 0.89ms
[2025-05-20T09:05:36.402+0000][78][trace][gc,age      ] GC(23) Age table:
[2025-05-20T09:05:36.402+0000][78][trace][gc,age      ] GC(23) - age   1:     816256 bytes,     816256 total
[2025-05-20T09:05:36.403+0000][78][trace][gc,age      ] GC(23) - age   2:     968176 bytes,    1784432 total
[2025-05-20T09:05:36.403+0000][78][trace][gc,age      ] GC(23) - age   3:    2105328 bytes,    3889760 total
[2025-05-20T09:05:36.403+0000][78][trace][gc,age      ] GC(23) - age   4:   20530552 bytes,   24420312 total
[2025-05-20T09:05:36.404+0000][78][info ][gc,heap     ] GC(23) Eden regions: 266->0(233)
[2025-05-20T09:05:36.404+0000][78][info ][gc,heap     ] GC(23) Survivor regions: 10->9(35)
[2025-05-20T09:05:36.404+0000][78][info ][gc,heap     ] GC(23) Old regions: 31->31
[2025-05-20T09:05:36.404+0000][78][info ][gc,heap     ] GC(23) Humongous regions: 0->0
[2025-05-20T09:05:36.405+0000][78][info ][gc,metaspace] GC(23) Metaspace: 155600K(159936K)->155600K(159936K) NonClass: 134062K(136384K)->134062K(136384K) Class: 21538K(23552K)->21538K(23552K)
[2025-05-20T09:05:36.405+0000][78][info ][gc          ] GC(23) Pause Young (Mixed) (G1 Evacuation Pause) 1224M->154M(3768M) 54.741ms
[2025-05-20T09:05:36.406+0000][78][info ][gc,cpu      ] GC(23) User=0.49s Sys=0.03s Real=0.06s
[2025-05-20T09:05:36.406+0000][78][info ][safepoint   ] Safepoint "G1CollectForAllocation", Time since last: 508076235517 ns, Reaching safepoint: 115789 ns, At safepoint: 56055154 ns, Total: 56170943 ns
[2025-05-20T09:13:01.428+0000][78][info ][gc,start    ] GC(24) Pause Young (Normal) (G1 Evacuation Pause)
[2025-05-20T09:13:01.429+0000][78][info ][gc,task     ] GC(24) Using 13 workers of 13 for evacuation
[2025-05-20T09:13:01.429+0000][78][debug][gc,age      ] GC(24) Desired survivor size 65011712 bytes, new threshold 15 (max threshold 15)
[2025-05-20T09:13:01.472+0000][78][info ][gc,phases   ] GC(24)   Pre Evacuate Collection Set: 3.10ms
[2025-05-20T09:13:01.472+0000][78][info ][gc,phases   ] GC(24)   Merge Heap Roots: 1.59ms
[2025-05-20T09:13:01.472+0000][78][info ][gc,phases   ] GC(24)   Evacuate Collection Set: 31.46ms
[2025-05-20T09:13:01.472+0000][78][info ][gc,phases   ] GC(24)   Post Evacuate Collection Set: 6.02ms
[2025-05-20T09:13:01.473+0000][78][info ][gc,phases   ] GC(24)   Other: 0.93ms
[2025-05-20T09:13:01.473+0000][78][trace][gc,age      ] GC(24) Age table:
[2025-05-20T09:13:01.473+0000][78][trace][gc,age      ] GC(24) - age   1:     969200 bytes,     969200 total
[2025-05-20T09:13:01.473+0000][78][trace][gc,age      ] GC(24) - age   2:     182056 bytes,    1151256 total
[2025-05-20T09:13:01.474+0000][78][trace][gc,age      ] GC(24) - age   3:     966088 bytes,    2117344 total
[2025-05-20T09:13:01.474+0000][78][trace][gc,age      ] GC(24) - age   4:    2104880 bytes,    4222224 total
[2025-05-20T09:13:01.474+0000][78][trace][gc,age      ] GC(24) - age   5:   20530392 bytes,   24752616 total
[2025-05-20T09:13:01.474+0000][78][info ][gc,heap     ] GC(24) Eden regions: 236->0(263)
[2025-05-20T09:13:01.475+0000][78][info ][gc,heap     ] GC(24) Survivor regions: 9->9(31)
[2025-05-20T09:13:01.475+0000][78][info ][gc,heap     ] GC(24) Old regions: 31->31
[2025-05-20T09:13:01.475+0000][78][info ][gc,heap     ] GC(24) Humongous regions: 0->0
[2025-05-20T09:13:01.475+0000][78][info ][gc,metaspace] GC(24) Metaspace: 156140K(160512K)->156140K(160512K) NonClass: 134597K(136960K)->134597K(136960K) Class: 21543K(23552K)->21543K(23552K)
[2025-05-20T09:13:01.476+0000][78][info ][gc          ] GC(24) Pause Young (Normal) (G1 Evacuation Pause) 1098M->155M(3768M) 47.955ms
[2025-05-20T09:13:01.476+0000][78][info ][gc,cpu      ] GC(24) User=0.43s Sys=0.00s Real=0.05s
[2025-05-20T09:13:01.476+0000][78][info ][safepoint   ] Safepoint "G1CollectForAllocation", Time since last: 445054281507 ns, Reaching safepoint: 25771 ns, At safepoint: 49138166 ns, Total: 49163937 ns
[2025-05-20T09:21:06.578+0000][78][info ][gc,start    ] GC(25) Pause Young (Concurrent Start) (G1 Evacuation Pause)
[2025-05-20T09:21:06.578+0000][78][info ][gc,task     ] GC(25) Using 13 workers of 13 for evacuation
[2025-05-20T09:21:06.579+0000][78][debug][gc,age      ] GC(25) Desired survivor size 73400320 bytes, new threshold 15 (max threshold 15)
[2025-05-20T09:21:06.625+0000][78][info ][gc,phases   ] GC(25)   Pre Evacuate Collection Set: 1.63ms
[2025-05-20T09:21:06.625+0000][78][info ][gc,phases   ] GC(25)   Merge Heap Roots: 0.46ms
[2025-05-20T09:21:06.625+0000][78][info ][gc,phases   ] GC(25)   Evacuate Collection Set: 39.69ms
[2025-05-20T09:21:06.626+0000][78][info ][gc,phases   ] GC(25)   Post Evacuate Collection Set: 3.75ms
[2025-05-20T09:21:06.626+0000][78][info ][gc,phases   ] GC(25)   Other: 0.85ms
[2025-05-20T09:21:06.626+0000][78][trace][gc,age      ] GC(25) Age table:
[2025-05-20T09:21:06.627+0000][78][trace][gc,age      ] GC(25) - age   1:    1034384 bytes,    1034384 total
[2025-05-20T09:21:06.627+0000][78][trace][gc,age      ] GC(25) - age   2:      66456 bytes,    1100840 total
[2025-05-20T09:21:06.627+0000][78][trace][gc,age      ] GC(25) - age   3:     175704 bytes,    1276544 total
[2025-05-20T09:21:06.627+0000][78][trace][gc,age      ] GC(25) - age   4:     965536 bytes,    2242080 total
[2025-05-20T09:21:06.628+0000][78][trace][gc,age      ] GC(25) - age   5:    2101984 bytes,    4344064 total
[2025-05-20T09:21:06.628+0000][78][trace][gc,age      ] GC(25) - age   6:   20529816 bytes,   24873880 total
[2025-05-20T09:21:06.628+0000][78][info ][gc,heap     ] GC(25) Eden regions: 266->0(307)
[2025-05-20T09:21:06.628+0000][78][info ][gc,heap     ] GC(25) Survivor regions: 9->9(35)
[2025-05-20T09:21:06.629+0000][78][info ][gc,heap     ] GC(25) Old regions: 31->31
[2025-05-20T09:21:06.629+0000][78][info ][gc,heap     ] GC(25) Humongous regions: 0->0
[2025-05-20T09:21:06.629+0000][78][info ][gc,metaspace] GC(25) Metaspace: 156400K(160768K)->156400K(160768K) NonClass: 134854K(137216K)->134854K(137216K) Class: 21545K(23552K)->21545K(23552K)
[2025-05-20T09:21:06.629+0000][78][info ][gc          ] GC(25) Pause Young (Concurrent Start) (G1 Evacuation Pause) 1219M->156M(3768M) 51.496ms
[2025-05-20T09:21:06.630+0000][78][info ][gc,cpu      ] GC(25) User=0.40s Sys=0.00s Real=0.06s
[2025-05-20T09:21:06.630+0000][78][info ][gc          ] GC(26) Concurrent Mark Cycle
[2025-05-20T09:21:06.631+0000][78][info ][safepoint   ] Safepoint "G1CollectForAllocation", Time since last: 485141760762 ns, Reaching safepoint: 39107 ns, At safepoint: 52614640 ns, Total: 52653747 ns
[2025-05-20T09:21:06.631+0000][78][info ][gc,marking  ] GC(26) Concurrent Scan Root Regions
[2025-05-20T09:21:06.655+0000][78][info ][gc,marking  ] GC(26) Concurrent Scan Root Regions 24.581ms
[2025-05-20T09:21:06.656+0000][78][info ][gc,marking  ] GC(26) Concurrent Mark
[2025-05-20T09:21:06.656+0000][78][info ][gc,marking  ] GC(26) Concurrent Mark From Roots
[2025-05-20T09:21:06.656+0000][78][info ][gc,task     ] GC(26) Using 3 workers of 3 for marking
[2025-05-20T09:21:06.859+0000][78][info ][gc,marking  ] GC(26) Concurrent Mark From Roots 202.652ms
[2025-05-20T09:21:06.859+0000][78][info ][gc,marking  ] GC(26) Concurrent Preclean
[2025-05-20T09:21:06.860+0000][78][info ][gc,marking  ] GC(26) Concurrent Preclean 1.321ms
[2025-05-20T09:21:06.861+0000][78][info ][gc,start    ] GC(26) Pause Remark
[2025-05-20T09:21:07.143+0000][78][info ][gc,mmu      ] GC(26) MMU target violated: 201.0ms (200.0ms/201.0ms)
[2025-05-20T09:21:07.143+0000][78][info ][gc          ] GC(26) Pause Remark 164M->164M(3768M) 282.336ms
[2025-05-20T09:21:07.144+0000][78][info ][gc,cpu      ] GC(26) User=2.72s Sys=0.05s Real=0.28s
[2025-05-20T09:21:07.144+0000][78][info ][safepoint   ] Safepoint "G1PauseRemark", Time since last: 230385489 ns, Reaching safepoint: 34469 ns, At safepoint: 283144597 ns, Total: 283179066 ns
[2025-05-20T09:21:07.145+0000][78][info ][gc,marking  ] GC(26) Concurrent Mark 488.729ms
[2025-05-20T09:21:07.145+0000][78][info ][gc,marking  ] GC(26) Concurrent Rebuild Remembered Sets and Scrub Regions
[2025-05-20T09:21:07.173+0000][78][info ][gc,marking  ] GC(26) Concurrent Rebuild Remembered Sets and Scrub Regions 27.815ms
[2025-05-20T09:21:07.174+0000][78][info ][gc,start    ] GC(26) Pause Cleanup
[2025-05-20T09:21:07.175+0000][78][info ][gc          ] GC(26) Pause Cleanup 169M->169M(3768M) 0.322ms
[2025-05-20T09:21:07.175+0000][78][info ][gc,cpu      ] GC(26) User=0.00s Sys=0.00s Real=0.00s
[2025-05-20T09:21:07.175+0000][78][info ][safepoint   ] Safepoint "G1PauseCleanup", Time since last: 29470054 ns, Reaching safepoint: 783305 ns, At safepoint: 932965 ns, Total: 1716270 ns
[2025-05-20T09:21:07.176+0000][78][info ][gc,marking  ] GC(26) Concurrent Clear Claimed Marks
[2025-05-20T09:21:07.177+0000][78][info ][gc,marking  ] GC(26) Concurrent Clear Claimed Marks 0.930ms
[2025-05-20T09:21:07.177+0000][78][info ][gc,marking  ] GC(26) Concurrent Cleanup for Next Mark
[2025-05-20T09:21:07.317+0000][78][info ][gc,marking  ] GC(26) Concurrent Cleanup for Next Mark 140.010ms
[2025-05-20T09:21:07.317+0000][78][info ][gc          ] GC(26) Concurrent Mark Cycle 687.490ms
[2025-05-20T09:30:34.711+0000][78][info ][gc,start    ] GC(27) Pause Young (Prepare Mixed) (G1 Evacuation Pause)
[2025-05-20T09:30:34.711+0000][78][info ][gc,task     ] GC(27) Using 13 workers of 13 for evacuation
[2025-05-20T09:30:34.712+0000][78][debug][gc,age      ] GC(27) Desired survivor size 81788928 bytes, new threshold 15 (max threshold 15)
[2025-05-20T09:30:34.754+0000][78][info ][gc,phases   ] GC(27)   Pre Evacuate Collection Set: 1.33ms
[2025-05-20T09:30:34.754+0000][78][info ][gc,phases   ] GC(27)   Merge Heap Roots: 0.94ms
[2025-05-20T09:30:34.755+0000][78][info ][gc,phases   ] GC(27)   Evacuate Collection Set: 34.96ms
[2025-05-20T09:30:34.755+0000][78][info ][gc,phases   ] GC(27)   Post Evacuate Collection Set: 4.25ms
[2025-05-20T09:30:34.756+0000][78][info ][gc,phases   ] GC(27)   Other: 1.16ms
[2025-05-20T09:30:34.756+0000][78][trace][gc,age      ] GC(27) Age table:
[2025-05-20T09:30:34.756+0000][78][trace][gc,age      ] GC(27) - age   1:     641440 bytes,     641440 total
[2025-05-20T09:30:34.756+0000][78][trace][gc,age      ] GC(27) - age   2:      45528 bytes,     686968 total
[2025-05-20T09:30:34.757+0000][78][trace][gc,age      ] GC(27) - age   3:      65704 bytes,     752672 total
[2025-05-20T09:30:34.757+0000][78][trace][gc,age      ] GC(27) - age   4:     173768 bytes,     926440 total
[2025-05-20T09:30:34.757+0000][78][trace][gc,age      ] GC(27) - age   5:     952384 bytes,    1878824 total
[2025-05-20T09:30:34.758+0000][78][trace][gc,age      ] GC(27) - age   6:    2089792 bytes,    3968616 total
[2025-05-20T09:30:34.758+0000][78][trace][gc,age      ] GC(27) - age   7:   20527616 bytes,   24496232 total
[2025-05-20T09:30:34.758+0000][78][info ][gc,heap     ] GC(27) Eden regions: 302->0(312)
[2025-05-20T09:30:34.759+0000][78][info ][gc,heap     ] GC(27) Survivor regions: 9->9(39)
[2025-05-20T09:30:34.759+0000][78][info ][gc,heap     ] GC(27) Old regions: 31->31
[2025-05-20T09:30:34.759+0000][78][info ][gc,heap     ] GC(27) Humongous regions: 0->0
[2025-05-20T09:30:34.760+0000][78][info ][gc,metaspace] GC(27) Metaspace: 156550K(160896K)->156550K(160896K) NonClass: 135013K(137344K)->135013K(137344K) Class: 21537K(23552K)->21537K(23552K)
[2025-05-20T09:30:34.760+0000][78][info ][gc          ] GC(27) Pause Young (Prepare Mixed) (G1 Evacuation Pause) 1364M->154M(3768M) 49.757ms
[2025-05-20T09:30:34.761+0000][78][info ][gc,cpu      ] GC(27) User=0.38s Sys=0.03s Real=0.05s
[2025-05-20T09:30:34.761+0000][78][info ][safepoint   ] Safepoint "G1CollectForAllocation", Time since last: 567579395060 ns, Reaching safepoint: 73275 ns, At safepoint: 50795233 ns, Total: 50868508 ns
[2025-05-20T09:40:19.436+0000][78][info ][gc,start    ] GC(28) Pause Young (Mixed) (G1 Evacuation Pause)
[2025-05-20T09:40:19.442+0000][78][info ][gc,task     ] GC(28) Using 13 workers of 13 for evacuation
[2025-05-20T09:40:19.442+0000][78][debug][gc,age      ] GC(28) Desired survivor size 85983232 bytes, new threshold 15 (max threshold 15)
[2025-05-20T09:40:19.540+0000][78][info ][gc,phases   ] GC(28)   Pre Evacuate Collection Set: 1.49ms
[2025-05-20T09:40:19.540+0000][78][info ][gc,phases   ] GC(28)   Merge Heap Roots: 1.71ms
[2025-05-20T09:40:19.540+0000][78][info ][gc,phases   ] GC(28)   Evacuate Collection Set: 80.55ms
[2025-05-20T09:40:19.541+0000][78][info ][gc,phases   ] GC(28)   Post Evacuate Collection Set: 10.60ms
[2025-05-20T09:40:19.541+0000][78][info ][gc,phases   ] GC(28)   Other: 3.60ms
[2025-05-20T09:40:19.541+0000][78][trace][gc,age      ] GC(28) Age table:
[2025-05-20T09:40:19.542+0000][78][trace][gc,age      ] GC(28) - age   1:     811448 bytes,     811448 total
[2025-05-20T09:40:19.542+0000][78][trace][gc,age      ] GC(28) - age   2:      56648 bytes,     868096 total
[2025-05-20T09:40:19.543+0000][78][trace][gc,age      ] GC(28) - age   3:      43096 bytes,     911192 total
[2025-05-20T09:40:19.543+0000][78][trace][gc,age      ] GC(28) - age   4:      64016 bytes,     975208 total
[2025-05-20T09:40:19.543+0000][78][trace][gc,age      ] GC(28) - age   5:     170856 bytes,    1146064 total
[2025-05-20T09:40:19.543+0000][78][trace][gc,age      ] GC(28) - age   6:     951680 bytes,    2097744 total
[2025-05-20T09:40:19.544+0000][78][trace][gc,age      ] GC(28) - age   7:    2089592 bytes,    4187336 total
[2025-05-20T09:40:19.544+0000][78][trace][gc,age      ] GC(28) - age   8:   20527536 bytes,   24714872 total
[2025-05-20T09:40:19.545+0000][78][info ][gc,heap     ] GC(28) Eden regions: 314->0(314)
[2025-05-20T09:40:19.545+0000][78][info ][gc,heap     ] GC(28) Survivor regions: 9->9(41)
[2025-05-20T09:40:19.546+0000][78][info ][gc,heap     ] GC(28) Old regions: 31->30
[2025-05-20T09:40:19.546+0000][78][info ][gc,heap     ] GC(28) Humongous regions: 0->0
[2025-05-20T09:40:19.547+0000][78][info ][gc,metaspace] GC(28) Metaspace: 156629K(160960K)->156629K(160960K) NonClass: 135091K(137408K)->135091K(137408K) Class: 21537K(23552K)->21537K(23552K)
[2025-05-20T09:40:19.547+0000][78][info ][gc          ] GC(28) Pause Young (Mixed) (G1 Evacuation Pause) 1410M->154M(3768M) 112.072ms
[2025-05-20T09:40:19.548+0000][78][info ][gc,cpu      ] GC(28) User=0.41s Sys=0.04s Real=0.11s
[2025-05-20T09:40:19.548+0000][78][info ][safepoint   ] Safepoint "G1CollectForAllocation", Time since last: 584712403022 ns, Reaching safepoint: 436950 ns, At safepoint: 118288601 ns, Total: 118725551 ns
[2025-05-20T09:41:00.835+0000][78][info ][gc,heap,exit] Heap
[2025-05-20T09:41:00.836+0000][78][info ][gc,heap,exit]  garbage-first heap   total reserved 3858432K, committed 3858432K, used 300084K [0x0000000714800000, 0x0000000800000000)
[2025-05-20T09:41:00.836+0000][78][info ][gc,heap,exit]   region size 4096K, 44 young (180224K), 9 survivors (36864K)
[2025-05-20T09:41:00.836+0000][78][info ][gc,heap,exit]  Metaspace       used 157095K, committed 161408K, reserved 1245184K
[2025-05-20T09:41:00.837+0000][78][info ][gc,heap,exit]   class space    used 21646K, committed 23680K, reserved 1048576K
