[2025-06-19T13:18:50.171+0000][33][info][gc,init] CardTable entry size: 512
[2025-06-19T13:18:50.442+0000][33][info][gc     ] Using G1
[2025-06-19T13:18:50.445+0000][33][info][gc,init] Version: 23+37-2369 (release)
[2025-06-19T13:18:50.445+0000][33][info][gc,init] CPUs: 12 total, 12 available
[2025-06-19T13:18:50.445+0000][33][info][gc,init] Memory: 15959M
[2025-06-19T13:18:50.445+0000][33][info][gc,init] Large Page Support: Disabled
[2025-06-19T13:18:50.446+0000][33][info][gc,init] NUMA Support: Disabled
[2025-06-19T13:18:50.446+0000][33][info][gc,init] Compressed Oops: Enabled (Zero based)
[2025-06-19T13:18:50.446+0000][33][info][gc,init] Heap Region Size: 2M
[2025-06-19T13:18:50.446+0000][33][info][gc,init] Heap Min Capacity: 8M
[2025-06-19T13:18:50.447+0000][33][info][gc,init] Heap Initial Capacity: 250M
[2025-06-19T13:18:50.447+0000][33][info][gc,init] Heap Max Capacity: 3990M
[2025-06-19T13:18:50.447+0000][33][info][gc,init] Pre-touch: Disabled
[2025-06-19T13:18:50.447+0000][33][info][gc,init] Parallel Workers: 10
[2025-06-19T13:18:50.447+0000][33][info][gc,init] Concurrent Workers: 3
[2025-06-19T13:18:50.447+0000][33][info][gc,init] Concurrent Refinement Workers: 10
[2025-06-19T13:18:50.447+0000][33][info][gc,init] Periodic GC: Disabled
[2025-06-19T13:18:50.452+0000][33][info][gc,metaspace] CDS archive(s) mapped at: [0x00007f6ebe000000-0x00007f6ebed8e000-0x00007f6ebed8e000), size 14213120, SharedBaseAddress: 0x00007f6ebe000000, ArchiveRelocationMode: 1.
[2025-06-19T13:18:50.452+0000][33][info][gc,metaspace] Compressed class space mapped at: 0x00007f6ebf000000-0x00007f6eff000000, reserved size: 1073741824
[2025-06-19T13:18:50.452+0000][33][info][gc,metaspace] Narrow klass base: 0x00007f6ebe000000, Narrow klass shift: 0, Narrow klass range: 0x100000000
[2025-06-19T13:18:50.532+0000][33][info][gc,heap,exit] Heap
[2025-06-19T13:18:50.532+0000][33][info][gc,heap,exit]  garbage-first heap   total reserved 4085760K, committed 258048K, used 4178K [0x0000000706a00000, 0x0000000800000000)
[2025-06-19T13:18:50.532+0000][33][info][gc,heap,exit]   region size 2048K, 2 young (4096K), 0 survivors (0K)
[2025-06-19T13:18:50.532+0000][33][info][gc,heap,exit]  Metaspace       used 248K, committed 448K, reserved 1114112K
[2025-06-19T13:18:50.533+0000][33][info][gc,heap,exit]   class space    used 9K, committed 128K, reserved 1048576K
