[2025-05-20T20:24:43.685+0000][69][info][gc,init] CardTable entry size: 512
[2025-05-20T20:24:43.687+0000][69][info][gc     ] Using G1
[2025-05-20T20:24:43.754+0000][69][info][gc,init] Version: 23+37-2369 (release)
[2025-05-20T20:24:43.755+0000][69][info][gc,init] CPUs: 16 total, 16 available
[2025-05-20T20:24:43.755+0000][69][info][gc,init] Memory: 7536M
[2025-05-20T20:24:43.756+0000][69][info][gc,init] Large Page Support: Disabled
[2025-05-20T20:24:43.757+0000][69][info][gc,init] NUMA Support: Disabled
[2025-05-20T20:24:43.757+0000][69][info][gc,init] Compressed Oops: Enabled (Zero based)
[2025-05-20T20:24:43.758+0000][69][info][gc,init] Heap Region Size: 2M
[2025-05-20T20:24:43.768+0000][69][info][gc,init] Heap Min Capacity: 3768M
[2025-05-20T20:24:43.769+0000][69][info][gc,init] Heap Initial Capacity: 3768M
[2025-05-20T20:24:43.789+0000][69][info][gc,init] Heap Max Capacity: 3768M
[2025-05-20T20:24:43.790+0000][69][info][gc,init] Pre-touch: Disabled
[2025-05-20T20:24:43.790+0000][69][info][gc,init] Parallel Workers: 13
[2025-05-20T20:24:43.790+0000][69][info][gc,init] Concurrent Workers: 3
[2025-05-20T20:24:43.791+0000][69][info][gc,init] Concurrent Refinement Workers: 13
[2025-05-20T20:24:43.791+0000][69][info][gc,init] Periodic GC: Disabled
[2025-05-20T20:24:43.829+0000][69][info][gc,metaspace] CDS archive(s) mapped at: [0x00007f306e000000-0x00007f306ed8e000-0x00007f306ed8e000), size 14213120, SharedBaseAddress: 0x00007f306e000000, ArchiveRelocationMode: 1.
[2025-05-20T20:24:43.832+0000][69][info][gc,metaspace] Compressed class space mapped at: 0x00007f306f000000-0x00007f30af000000, reserved size: 1073741824
[2025-05-20T20:24:43.833+0000][69][info][gc,metaspace] Narrow klass base: 0x00007f306e000000, Narrow klass shift: 0, Narrow klass range: 0x100000000
[2025-05-20T20:24:44.141+0000][69][info][gc,heap,exit] Heap
[2025-05-20T20:24:44.142+0000][69][info][gc,heap,exit]  garbage-first heap   total reserved 3858432K, committed 3858432K, used 6265K [0x0000000714800000, 0x0000000800000000)
[2025-05-20T20:24:44.143+0000][69][info][gc,heap,exit]   region size 2048K, 3 young (6144K), 0 survivors (0K)
[2025-05-20T20:24:44.144+0000][69][info][gc,heap,exit]  Metaspace       used 252K, committed 448K, reserved 1114112K
[2025-05-20T20:24:44.144+0000][69][info][gc,heap,exit]   class space    used 9K, committed 128K, reserved 1048576K
