[2025-05-10T15:27:57.972+0000][61][info][gc,init] CardTable entry size: 512
[2025-05-10T15:27:57.973+0000][61][info][gc     ] Using G1
[2025-05-10T15:27:58.001+0000][61][info][gc,init] Version: 23+37-2369 (release)
[2025-05-10T15:27:58.001+0000][61][info][gc,init] CPUs: 16 total, 16 available
[2025-05-10T15:27:58.001+0000][61][info][gc,init] Memory: 6780M
[2025-05-10T15:27:58.002+0000][61][info][gc,init] Large Page Support: Disabled
[2025-05-10T15:27:58.002+0000][61][info][gc,init] NUMA Support: Disabled
[2025-05-10T15:27:58.002+0000][61][info][gc,init] Compressed Oops: Enabled (Zero based)
[2025-05-10T15:27:58.003+0000][61][info][gc,init] Heap Region Size: 2M
[2025-05-10T15:27:58.003+0000][61][info][gc,init] Heap Min Capacity: 3390M
[2025-05-10T15:27:58.004+0000][61][info][gc,init] Heap Initial Capacity: 3390M
[2025-05-10T15:27:58.004+0000][61][info][gc,init] Heap Max Capacity: 3390M
[2025-05-10T15:27:58.004+0000][61][info][gc,init] Pre-touch: Disabled
[2025-05-10T15:27:58.005+0000][61][info][gc,init] Parallel Workers: 13
[2025-05-10T15:27:58.005+0000][61][info][gc,init] Concurrent Workers: 3
[2025-05-10T15:27:58.005+0000][61][info][gc,init] Concurrent Refinement Workers: 13
[2025-05-10T15:27:58.006+0000][61][info][gc,init] Periodic GC: Disabled
[2025-05-10T15:27:58.018+0000][61][info][gc,metaspace] CDS archive(s) mapped at: [0x00007efbc2000000-0x00007efbc2d8e000-0x00007efbc2d8e000), size 14213120, SharedBaseAddress: 0x00007efbc2000000, ArchiveRelocationMode: 1.
[2025-05-10T15:27:58.018+0000][61][info][gc,metaspace] Compressed class space mapped at: 0x00007efbc3000000-0x00007efc03000000, reserved size: 1073741824
[2025-05-10T15:27:58.018+0000][61][info][gc,metaspace] Narrow klass base: 0x00007efbc2000000, Narrow klass shift: 0, Narrow klass range: 0x100000000
[2025-05-10T15:27:58.145+0000][61][info][gc,heap,exit] Heap
[2025-05-10T15:27:58.146+0000][61][info][gc,heap,exit]  garbage-first heap   total reserved 3471360K, committed 3471360K, used 6265K [0x000000072c200000, 0x0000000800000000)
[2025-05-10T15:27:58.146+0000][61][info][gc,heap,exit]   region size 2048K, 3 young (6144K), 0 survivors (0K)
[2025-05-10T15:27:58.146+0000][61][info][gc,heap,exit]  Metaspace       used 253K, committed 448K, reserved 1114112K
[2025-05-10T15:27:58.147+0000][61][info][gc,heap,exit]   class space    used 9K, committed 128K, reserved 1048576K
