[2025-06-18T19:25:57.529+0000][55][info][gc,init] CardTable entry size: 512
[2025-06-18T19:25:57.529+0000][55][info][gc     ] Using G1
[2025-06-18T19:25:57.539+0000][55][info][gc,init] Version: 23+37-2369 (release)
[2025-06-18T19:25:57.539+0000][55][info][gc,init] CPUs: 12 total, 12 available
[2025-06-18T19:25:57.539+0000][55][info][gc,init] Memory: 15959M
[2025-06-18T19:25:57.540+0000][55][info][gc,init] Large Page Support: Disabled
[2025-06-18T19:25:57.540+0000][55][info][gc,init] NUMA Support: Disabled
[2025-06-18T19:25:57.540+0000][55][info][gc,init] Compressed Oops: Enabled (Zero based)
[2025-06-18T19:25:57.540+0000][55][info][gc,init] Heap Region Size: 4M
[2025-06-18T19:25:57.541+0000][55][info][gc,init] Heap Min Capacity: 7980M
[2025-06-18T19:25:57.541+0000][55][info][gc,init] Heap Initial Capacity: 7980M
[2025-06-18T19:25:57.541+0000][55][info][gc,init] Heap Max Capacity: 7980M
[2025-06-18T19:25:57.541+0000][55][info][gc,init] Pre-touch: Disabled
[2025-06-18T19:25:57.541+0000][55][info][gc,init] Parallel Workers: 10
[2025-06-18T19:25:57.542+0000][55][info][gc,init] Concurrent Workers: 3
[2025-06-18T19:25:57.542+0000][55][info][gc,init] Concurrent Refinement Workers: 10
[2025-06-18T19:25:57.542+0000][55][info][gc,init] Periodic GC: Disabled
[2025-06-18T19:25:57.547+0000][55][info][gc,metaspace] CDS archive(s) mapped at: [0x00007f0df2000000-0x00007f0df2d8e000-0x00007f0df2d8e000), size 14213120, SharedBaseAddress: 0x00007f0df2000000, ArchiveRelocationMode: 1.
[2025-06-18T19:25:57.547+0000][55][info][gc,metaspace] Compressed class space mapped at: 0x00007f0df3000000-0x00007f0e33000000, reserved size: 1073741824
[2025-06-18T19:25:57.548+0000][55][info][gc,metaspace] Narrow klass base: 0x00007f0df2000000, Narrow klass shift: 0, Narrow klass range: 0x100000000
[2025-06-18T19:25:57.599+0000][55][info][gc,heap,exit] Heap
[2025-06-18T19:25:57.599+0000][55][info][gc,heap,exit]  garbage-first heap   total reserved 8171520K, committed 8171520K, used 11385K [0x000000060d400000, 0x0000000800000000)
[2025-06-18T19:25:57.599+0000][55][info][gc,heap,exit]   region size 4096K, 3 young (12288K), 0 survivors (0K)
[2025-06-18T19:25:57.600+0000][55][info][gc,heap,exit]  Metaspace       used 248K, committed 448K, reserved 1114112K
[2025-06-18T19:25:57.601+0000][55][info][gc,heap,exit]   class space    used 9K, committed 128K, reserved 1048576K
