[2025-06-18T19:51:50.870+0000][31][info][gc,init] CardTable entry size: 512
[2025-06-18T19:51:50.870+0000][31][info][gc     ] Using G1
[2025-06-18T19:51:50.872+0000][31][info][gc,init] Version: 23+37-2369 (release)
[2025-06-18T19:51:50.872+0000][31][info][gc,init] CPUs: 12 total, 12 available
[2025-06-18T19:51:50.872+0000][31][info][gc,init] Memory: 15959M
[2025-06-18T19:51:50.872+0000][31][info][gc,init] Large Page Support: Disabled
[2025-06-18T19:51:50.873+0000][31][info][gc,init] NUMA Support: Disabled
[2025-06-18T19:51:50.873+0000][31][info][gc,init] Compressed Oops: Enabled (Zero based)
[2025-06-18T19:51:50.873+0000][31][info][gc,init] Heap Region Size: 2M
[2025-06-18T19:51:50.873+0000][31][info][gc,init] Heap Min Capacity: 8M
[2025-06-18T19:51:50.873+0000][31][info][gc,init] Heap Initial Capacity: 250M
[2025-06-18T19:51:50.873+0000][31][info][gc,init] Heap Max Capacity: 3990M
[2025-06-18T19:51:50.874+0000][31][info][gc,init] Pre-touch: Disabled
[2025-06-18T19:51:50.874+0000][31][info][gc,init] Parallel Workers: 10
[2025-06-18T19:51:50.874+0000][31][info][gc,init] Concurrent Workers: 3
[2025-06-18T19:51:50.874+0000][31][info][gc,init] Concurrent Refinement Workers: 10
[2025-06-18T19:51:50.874+0000][31][info][gc,init] Periodic GC: Disabled
[2025-06-18T19:51:50.879+0000][31][info][gc,metaspace] CDS archive(s) mapped at: [0x00007f8fca000000-0x00007f8fcad8e000-0x00007f8fcad8e000), size 14213120, SharedBaseAddress: 0x00007f8fca000000, ArchiveRelocationMode: 1.
[2025-06-18T19:51:50.879+0000][31][info][gc,metaspace] Compressed class space mapped at: 0x00007f8fcb000000-0x00007f900b000000, reserved size: 1073741824
[2025-06-18T19:51:50.879+0000][31][info][gc,metaspace] Narrow klass base: 0x00007f8fca000000, Narrow klass shift: 0, Narrow klass range: 0x100000000
[2025-06-18T19:51:50.934+0000][31][info][gc,heap,exit] Heap
[2025-06-18T19:51:50.934+0000][31][info][gc,heap,exit]  garbage-first heap   total reserved 4085760K, committed 258048K, used 4178K [0x0000000706a00000, 0x0000000800000000)
[2025-06-18T19:51:50.935+0000][31][info][gc,heap,exit]   region size 2048K, 2 young (4096K), 0 survivors (0K)
[2025-06-18T19:51:50.935+0000][31][info][gc,heap,exit]  Metaspace       used 245K, committed 448K, reserved 1114112K
[2025-06-18T19:51:50.935+0000][31][info][gc,heap,exit]   class space    used 9K, committed 128K, reserved 1048576K
